10-29 20:44:31.516 13671 13671 I zygote  :   at void org.firstinspires.ftc.robotcore.internal.opmode.ClassManager.processAllClasses() (ClassManager.java:257)
10-29 20:44:31.516 13671 13671 I zygote  :   at void com.qualcomm.ftccommon.ClassManagerFactory.processAllClasses() (ClassManagerFactory.java:94)
10-29 20:44:31.516 13671 13671 I zygote  :   at void org.firstinspires.ftc.robotcontroller.internal.FtcRobotControllerActivity.onCreate(android.os.Bundle) (FtcRobotControllerActivity.java:356)
10-29 20:44:31.516 13671 13671 I zygote  :   at void android.app.Activity.performCreate(android.os.Bundle, android.os.PersistableBundle) (Activity.java:7032)
10-29 20:44:31.516 13671 13671 I zygote  :   at void android.app.Activity.performCreate(android.os.Bundle) (Activity.java:7023)
10-29 20:44:31.516 13671 13671 I zygote  :   at void android.app.Instrumentation.callActivityOnCreate(android.app.Activity, android.os.Bundle) (Instrumentation.java:1236)
10-29 20:44:31.516 13671 13671 I zygote  :   at android.app.Activity android.app.ActivityThread.performLaunchActivity(android.app.ActivityThread$ActivityClientRecord, android.content.Intent) (ActivityThread.java:2836)
10-29 20:44:31.516 13671 13671 I zygote  :   at void android.app.ActivityThread.handleLaunchActivity(android.app.ActivityThread$ActivityClientRecord, android.content.Intent, java.lang.String) (ActivityThread.java:2965)
10-29 20:44:31.516 13671 13671 I zygote  :   at void android.app.ActivityThread.-wrap11(android.app.ActivityThread, android.app.ActivityThread$ActivityClientRecord, android.content.Intent, java.lang.String) (ActivityThread.java:-1)
10-29 20:44:31.516 13671 13671 I zygote  :   at void android.app.ActivityThread$H.handleMessage(android.os.Message) (ActivityThread.java:1645)
10-29 20:44:31.516 13671 13671 I zygote  :   at void android.os.Handler.dispatchMessage(android.os.Message) (Handler.java:106)
10-29 20:44:31.516 13671 13671 I zygote  :   at void android.os.Looper.loop() (Looper.java:164)
10-29 20:44:31.516 13671 13671 I zygote  :   at void android.app.ActivityThread.main(java.lang.String[]) (ActivityThread.java:6648)
10-29 20:44:31.516 13671 13671 I zygote  :   at java.lang.Object java.lang.reflect.Method.invoke(java.lang.Object, java.lang.Object[]) (Method.java:-2)
10-29 20:44:31.516 13671 13671 I zygote  :   at void com.android.internal.os.RuntimeInit$MethodAndArgsCaller.run() (RuntimeInit.java:438)
10-29 20:44:31.516 13671 13671 I zygote  :   at void com.android.internal.os.ZygoteInit.main(java.lang.String[]) (ZygoteInit.java:811)
10-29 20:44:31.516 13671 13671 I zygote  : Caused by: java.lang.ClassNotFoundException: Didn't find class "android.net.wifi.p2p.WifiP2pManager$DeviceInfoListener" on path: DexPathList[[zip file "/data/app/com.qualcomm.ftcrobotcontroller--z_PP74AhWwtDwWo6qx4BQ==/base.apk"],nativeLibraryDirectories=[/data/app/com.qualcomm.ftcrobotcontroller--z_PP74AhWwtDwWo6qx4BQ==/lib/arm, /data/app/com.qualcomm.ftcrobotcontroller--z_PP74AhWwtDwWo6qx4BQ==/base.apk!/lib/armeabi-v7a, /system/lib, /vendor/lib]]
10-29 20:44:31.516 13671 13671 I zygote  :   at java.lang.Class dalvik.system.BaseDexClassLoader.findClass(java.lang.String) (BaseDexClassLoader.java:125)
10-29 20:44:31.516 13671 13671 I zygote  :   at java.lang.Class java.lang.ClassLoader.loadClass(java.lang.String, boolean) (ClassLoader.java:379)
10-29 20:44:31.516 13671 13671 I zygote  :   at java.lang.Class java.lang.ClassLoader.loadClass(java.lang.String) (ClassLoader.java:312)
10-29 20:44:31.516 13671 13671 I zygote  :   at java.lang.Class java.lang.VMClassLoader.findLoadedClass(java.lang.ClassLoader, java.lang.String) (VMClassLoader.java:-2)
10-29 20:44:31.516 13671 13671 I zygote  :   at java.lang.Class java.lang.ClassLoader.findLoadedClass(java.lang.String) (ClassLoader.java:738)
10-29 20:44:31.516 13671 13671 I zygote  :   at java.lang.Class java.lang.ClassLoader.loadClass(java.lang.String, boolean) (ClassLoader.java:363)
10-29 20:44:31.516 13671 13671 I zygote  :   at java.lang.Class java.lang.ClassLoader.loadClass(java.lang.String, boolean) (ClassLoader.java:367)
10-29 20:44:31.516 13671 13671 I zygote  :   at java.lang.Class java.lang.ClassLoader.loadClass(java.lang.String) (ClassLoader.java:312)
10-29 20:44:31.516 13671 13671 I zygote  :   at java.lang.Class java.lang.Class.classForName(java.lang.String, boolean, java.lang.ClassLoader) (Class.java:-2)
10-29 20:44:31.516 13671 13671 I zygote  :   at java.lang.Class java.lang.Class.forName(java.lang.String, boolean, java.lang.ClassLoader) (Class.java:453)
10-29 20:44:31.516 13671 13671 I zygote  :   at java.util.List org.firstinspires.ftc.robotcore.internal.opmode.ClassManager.classNamesToClasses(java.util.Collection) (ClassManager.java:214)
10-29 20:44:31.516 13671 13671 I zygote  :   at void org.firstinspires.ftc.robotcore.internal.opmode.ClassManager.processAllClasses() (ClassManager.java:257)
10-29 20:44:31.516 13671 13671 I zygote  :   at void com.qualcomm.ftccommon.ClassManagerFactory.processAllClasses() (ClassManagerFactory.java:94)
10-29 20:44:31.516 13671 13671 I zygote  :   at void org.firstinspires.ftc.robotcontroller.internal.FtcRobotControllerActivity.onCreate(android.os.Bundle) (FtcRobotControllerActivity.java:356)
10-29 20:44:31.516 13671 13671 I zygote  :   at void android.app.Activity.performCreate(android.os.Bundle, android.os.PersistableBundle) (Activity.java:7032)
10-29 20:44:31.516 13671 13671 I zygote  :   at void android.app.Activity.performCreate(android.os.Bundle) (Activity.java:7023)
10-29 20:44:31.516 13671 13671 I zygote  :   at void android.app.Instrumentation.callActivityOnCreate(android.app.Activity, android.os.Bundle) (Instrumentation.java:1236)
10-29 20:44:31.516 13671 13671 I zygote  :   at android.app.Activity android.app.ActivityThread.performLaunchActivity(android.app.ActivityThread$ActivityClientRecord, android.content.Intent) (ActivityThread.java:2836)
10-29 20:44:31.516 13671 13671 I zygote  :   at void android.app.ActivityThread.handleLaunchActivity(android.app.ActivityThread$ActivityClientRecord, android.content.Intent, java.lang.String) (ActivityThread.java:2965)
10-29 20:44:31.516 13671 13671 I zygote  :   at void android.app.ActivityThread.-wrap11(android.app.ActivityThread, android.app.ActivityThread$ActivityClientRecord, android.content.Intent, java.lang.String) (ActivityThread.java:-1)
10-29 20:44:31.516 13671 13671 I zygote  :   at void android.app.ActivityThread$H.handleMessage(android.os.Message) (ActivityThread.java:1645)
10-29 20:44:31.516 13671 13671 I zygote  :   at void android.os.Handler.dispatchMessage(android.os.Message) (Handler.java:106)
10-29 20:44:31.516 13671 13671 I zygote  :   at void android.os.Looper.loop() (Looper.java:164)
10-29 20:44:31.516 13671 13671 I zygote  :   at void android.app.ActivityThread.main(java.lang.String[]) (ActivityThread.java:6648)
10-29 20:44:31.516 13671 13671 I zygote  :   at java.lang.Object java.lang.reflect.Method.invoke(java.lang.Object, java.lang.Object[]) (Method.java:-2)
10-29 20:44:31.517 13671 13671 I zygote  :   at void com.android.internal.os.RuntimeInit$MethodAndArgsCaller.run() (RuntimeInit.java:438)
10-29 20:44:31.517 13671 13671 I zygote  :   at void com.android.internal.os.ZygoteInit.main(java.lang.String[]) (ZygoteInit.java:811)
10-29 20:44:31.517 13671 13671 I zygote  : 
10-29 20:44:31.521 13671 13671 I zygote  : Rejecting re-init on previously-failed class java.lang.Class<com.qualcomm.robotcore.wifi.WifiDirectAssistant$1>: java.lang.NoClassDefFoundError: Failed resolution of: Landroid/net/wifi/p2p/WifiP2pManager$DeviceInfoListener;
10-29 20:44:31.521 13671 13671 I zygote  :   at java.lang.Class java.lang.VMClassLoader.findLoadedClass(java.lang.ClassLoader, java.lang.String) (VMClassLoader.java:-2)
10-29 20:44:31.521 13671 13671 I zygote  :   at java.lang.Class java.lang.ClassLoader.findLoadedClass(java.lang.String) (ClassLoader.java:738)
10-29 20:44:31.521 13671 13671 I zygote  :   at java.lang.Class java.lang.ClassLoader.loadClass(java.lang.String, boolean) (ClassLoader.java:363)
10-29 20:44:31.521 13671 13671 I zygote  :   at java.lang.Class java.lang.ClassLoader.loadClass(java.lang.String, boolean) (ClassLoader.java:367)
10-29 20:44:31.521 13671 13671 I zygote  :   at java.lang.Class java.lang.ClassLoader.loadClass(java.lang.String) (ClassLoader.java:312)
10-29 20:44:31.521 13671 13671 I zygote  :   at java.lang.Class java.lang.Class.classForName(java.lang.String, boolean, java.lang.ClassLoader) (Class.java:-2)
10-29 20:44:31.521 13671 13671 I zygote  :   at java.lang.Class java.lang.Class.forName(java.lang.String, boolean, java.lang.ClassLoader) (Class.java:453)
10-29 20:44:31.521 13671 13671 I zygote  :   at java.util.List org.firstinspires.ftc.robotcore.internal.opmode.ClassManager.classNamesToClasses(java.util.Collection) (ClassManager.java:214)
10-29 20:44:31.521 13671 13671 I zygote  :   at void org.firstinspires.ftc.robotcore.internal.opmode.ClassManager.processAllClasses() (ClassManager.java:257)
10-29 20:44:31.521 13671 13671 I zygote  :   at void com.qualcomm.ftccommon.ClassManagerFactory.processAllClasses() (ClassManagerFactory.java:94)
10-29 20:44:31.521 13671 13671 I zygote  :   at void org.firstinspires.ftc.robotcontroller.internal.FtcRobotControllerActivity.onCreate(android.os.Bundle) (FtcRobotControllerActivity.java:356)
10-29 20:44:31.521 13671 13671 I zygote  :   at void android.app.Activity.performCreate(android.os.Bundle, android.os.PersistableBundle) (Activity.java:7032)
10-29 20:44:31.521 13671 13671 I zygote  :   at void android.app.Activity.performCreate(android.os.Bundle) (Activity.java:7023)
10-29 20:44:31.521 13671 13671 I zygote  :   at void android.app.Instrumentation.callActivityOnCreate(android.app.Activity, android.os.Bundle) (Instrumentation.java:1236)
10-29 20:44:31.521 13671 13671 I zygote  :   at android.app.Activity android.app.ActivityThread.performLaunchActivity(android.app.ActivityThread$ActivityClientRecord, android.content.Intent) (ActivityThread.java:2836)
10-29 20:44:31.521 13671 13671 I zygote  :   at void android.app.ActivityThread.handleLaunchActivity(android.app.ActivityThread$ActivityClientRecord, android.content.Intent, java.lang.String) (ActivityThread.java:2965)
10-29 20:44:31.521 13671 13671 I zygote  :   at void android.app.ActivityThread.-wrap11(android.app.ActivityThread, android.app.ActivityThread$ActivityClientRecord, android.content.Intent, java.lang.String) (ActivityThread.java:-1)
10-29 20:44:31.521 13671 13671 I zygote  :   at void android.app.ActivityThread$H.handleMessage(android.os.Message) (ActivityThread.java:1645)
10-29 20:44:31.521 13671 13671 I zygote  :   at void android.os.Handler.dispatchMessage(android.os.Message) (Handler.java:106)
10-29 20:44:31.521 13671 13671 I zygote  :   at void android.os.Looper.loop() (Looper.java:164)
10-29 20:44:31.521 13671 13671 I zygote  :   at void android.app.ActivityThread.main(java.lang.String[]) (ActivityThread.java:6648)
10-29 20:44:31.521 13671 13671 I zygote  :   at java.lang.Object java.lang.reflect.Method.invoke(java.lang.Object, java.lang.Object[]) (Method.java:-2)
10-29 20:44:31.521 13671 13671 I zygote  :   at void com.android.internal.os.RuntimeInit$MethodAndArgsCaller.run() (RuntimeInit.java:438)
10-29 20:44:31.521 13671 13671 I zygote  :   at void com.android.internal.os.ZygoteInit.main(java.lang.String[]) (ZygoteInit.java:811)
10-29 20:44:31.521 13671 13671 I zygote  : Caused by: java.lang.ClassNotFoundException: Didn't find class "android.net.wifi.p2p.WifiP2pManager$DeviceInfoListener" on path: DexPathList[[zip file "/data/app/com.qualcomm.ftcrobotcontroller--z_PP74AhWwtDwWo6qx4BQ==/base.apk"],nativeLibraryDirectories=[/data/app/com.qualcomm.ftcrobotcontroller--z_PP74AhWwtDwWo6qx4BQ==/lib/arm, /data/app/com.qualcomm.ftcrobotcontroller--z_PP74AhWwtDwWo6qx4BQ==/base.apk!/lib/armeabi-v7a, /system/lib, /vendor/lib]]
10-29 20:44:31.521 13671 13671 I zygote  :   at java.lang.Class dalvik.system.BaseDexClassLoader.findClass(java.lang.String) (BaseDexClassLoader.java:125)
10-29 20:44:31.521 13671 13671 I zygote  :   at java.lang.Class java.lang.ClassLoader.loadClass(java.lang.String, boolean) (ClassLoader.java:379)
10-29 20:44:31.521 13671 13671 I zygote  :   at java.lang.Class java.lang.ClassLoader.loadClass(java.lang.String) (ClassLoader.java:312)
10-29 20:44:31.521 13671 13671 I zygote  :   at java.lang.Class java.lang.VMClassLoader.findLoadedClass(java.lang.ClassLoader, java.lang.String) (VMClassLoader.java:-2)
10-29 20:44:31.521 13671 13671 I zygote  :   at java.lang.Class java.lang.ClassLoader.findLoadedClass(java.lang.String) (ClassLoader.java:738)
10-29 20:44:31.521 13671 13671 I zygote  :   at java.lang.Class java.lang.ClassLoader.loadClass(java.lang.String, boolean) (ClassLoader.java:363)
10-29 20:44:31.521 13671 13671 I zygote  :   at java.lang.Class java.lang.ClassLoader.loadClass(java.lang.String, boolean) (ClassLoader.java:367)
10-29 20:44:31.521 13671 13671 I zygote  :   at java.lang.Class java.lang.ClassLoader.loadClass(java.lang.String) (ClassLoader.java:312)
10-29 20:44:31.521 13671 13671 I zygote  :   at java.lang.Class java.lang.Class.classForName(java.lang.String, boolean, java.lang.ClassLoader) (Class.java:-2)
10-29 20:44:31.521 13671 13671 I zygote  :   at java.lang.Class java.lang.Class.forName(java.lang.String, boolean, java.lang.ClassLoader) (Class.java:453)
10-29 20:44:31.521 13671 13671 I zygote  :   at java.util.List org.firstinspires.ftc.robotcore.internal.opmode.ClassManager.classNamesToClasses(java.util.Collection) (ClassManager.java:214)
10-29 20:44:31.521 13671 13671 I zygote  :   at void org.firstinspires.ftc.robotcore.internal.opmode.ClassManager.processAllClasses() (ClassManager.java:257)
10-29 20:44:31.521 13671 13671 I zygote  :   at void com.qualcomm.ftccommon.ClassManagerFactory.processAllClasses() (ClassManagerFactory.java:94)
10-29 20:44:31.521 13671 13671 I zygote  :   at void org.firstinspires.ftc.robotcontroller.internal.FtcRobotControllerActivity.onCreate(android.os.Bundle) (FtcRobotControllerActivity.java:356)
10-29 20:44:31.521 13671 13671 I zygote  :   at void android.app.Activity.performCreate(android.os.Bundle, android.os.PersistableBundle) (Activity.java:7032)
10-29 20:44:31.521 13671 13671 I zygote  :   at void android.app.Activity.performCreate(android.os.Bundle) (Activity.java:7023)
10-29 20:44:31.521 13671 13671 I zygote  :   at void android.app.Instrumentation.callActivityOnCreate(android.app.Activity, android.os.Bundle) (Instrumentation.java:1236)
10-29 20:44:31.521 13671 13671 I zygote  :   at android.app.Activity android.app.ActivityThread.performLaunchActivity(android.app.ActivityThread$ActivityClientRecord, android.content.Intent) (ActivityThread.java:2836)
10-29 20:44:31.521 13671 13671 I zygote  :   at void android.app.ActivityThread.handleLaunchActivity(android.app.ActivityThread$ActivityClientRecord, android.content.Intent, java.lang.String) (ActivityThread.java:2965)
10-29 20:44:31.521 13671 13671 I zygote  :   at void android.app.ActivityThread.-wrap11(android.app.ActivityThread, android.app.ActivityThread$ActivityClientRecord, android.content.Intent, java.lang.String) (ActivityThread.java:-1)
10-29 20:44:31.521 13671 13671 I zygote  :   at void android.app.ActivityThread$H.handleMessage(android.os.Message) (ActivityThread.java:1645)
10-29 20:44:31.521 13671 13671 I zygote  :   at void android.os.Handler.dispatchMessage(android.os.Message) (Handler.java:106)
10-29 20:44:31.521 13671 13671 I zygote  :   at void android.os.Looper.loop() (Looper.java:164)
10-29 20:44:31.521 13671 13671 I zygote  :   at void android.app.ActivityThread.main(java.lang.String[]) (ActivityThread.java:6648)
10-29 20:44:31.521 13671 13671 I zygote  :   at java.lang.Object java.lang.reflect.Method.invoke(java.lang.Object, java.lang.Object[]) (Method.java:-2)
10-29 20:44:31.521 13671 13671 I zygote  :   at void com.android.internal.os.RuntimeInit$MethodAndArgsCaller.run() (RuntimeInit.java:438)
10-29 20:44:31.522 13671 13671 I zygote  :   at void com.android.internal.os.ZygoteInit.main(java.lang.String[]) (ZygoteInit.java:811)
10-29 20:44:31.522 13671 13671 I zygote  : 
10-29 20:44:31.523 13671 13671 I zygote  : Rejecting re-init on previously-failed class java.lang.Class<com.qualcomm.robotcore.wifi.WifiDirectAssistant$1>: java.lang.NoClassDefFoundError: Failed resolution of: Landroid/net/wifi/p2p/WifiP2pManager$DeviceInfoListener;
10-29 20:44:31.523 13671 13671 I zygote  :   at java.lang.Class java.lang.VMClassLoader.findLoadedClass(java.lang.ClassLoader, java.lang.String) (VMClassLoader.java:-2)
10-29 20:44:31.523 13671 13671 I zygote  :   at java.lang.Class java.lang.ClassLoader.findLoadedClass(java.lang.String) (ClassLoader.java:738)
10-29 20:44:31.523 13671 13671 I zygote  :   at java.lang.Class java.lang.ClassLoader.loadClass(java.lang.String, boolean) (ClassLoader.java:363)
10-29 20:44:31.523 13671 13671 I zygote  :   at java.lang.Class java.lang.ClassLoader.loadClass(java.lang.String, boolean) (ClassLoader.java:367)
10-29 20:44:31.523 13671 13671 I zygote  :   at java.lang.Class java.lang.ClassLoader.loadClass(java.lang.String) (ClassLoader.java:312)
10-29 20:44:31.523 13671 13671 I zygote  :   at java.lang.Class java.lang.Class.classForName(java.lang.String, boolean, java.lang.ClassLoader) (Class.java:-2)
10-29 20:44:31.523 13671 13671 I zygote  :   at java.lang.Class java.lang.Class.forName(java.lang.String, boolean, java.lang.ClassLoader) (Class.java:453)
10-29 20:44:31.523 13671 13671 I zygote  :   at java.util.List org.firstinspires.ftc.robotcore.internal.opmode.ClassManager.classNamesToClasses(java.util.Collection) (ClassManager.java:214)
10-29 20:44:31.523 13671 13671 I zygote  :   at void org.firstinspires.ftc.robotcore.internal.opmode.ClassManager.processAllClasses() (ClassManager.java:257)
10-29 20:44:31.523 13671 13671 I zygote  :   at void com.qualcomm.ftccommon.ClassManagerFactory.processAllClasses() (ClassManagerFactory.java:94)
10-29 20:44:31.523 13671 13671 I zygote  :   at void org.firstinspires.ftc.robotcontroller.internal.FtcRobotControllerActivity.onCreate(android.os.Bundle) (FtcRobotControllerActivity.java:356)
10-29 20:44:31.523 13671 13671 I zygote  :   at void android.app.Activity.performCreate(android.os.Bundle, android.os.PersistableBundle) (Activity.java:7032)
10-29 20:44:31.523 13671 13671 I zygote  :   at void android.app.Activity.performCreate(android.os.Bundle) (Activity.java:7023)
10-29 20:44:31.523 13671 13671 I zygote  :   at void android.app.Instrumentation.callActivityOnCreate(android.app.Activity, android.os.Bundle) (Instrumentation.java:1236)
10-29 20:44:31.523 13671 13671 I zygote  :   at android.app.Activity android.app.ActivityThread.performLaunchActivity(android.app.ActivityThread$ActivityClientRecord, android.content.Intent) (ActivityThread.java:2836)
10-29 20:44:31.523 13671 13671 I zygote  :   at void android.app.ActivityThread.handleLaunchActivity(android.app.ActivityThread$ActivityClientRecord, android.content.Intent, java.lang.String) (ActivityThread.java:2965)
10-29 20:44:31.523 13671 13671 I zygote  :   at void android.app.ActivityThread.-wrap11(android.app.ActivityThread, android.app.ActivityThread$ActivityClientRecord, android.content.Intent, java.lang.String) (ActivityThread.java:-1)
10-29 20:44:31.523 13671 13671 I zygote  :   at void android.app.ActivityThread$H.handleMessage(android.os.Message) (ActivityThread.java:1645)
10-29 20:44:31.523 13671 13671 I zygote  :   at void android.os.Handler.dispatchMessage(android.os.Message) (Handler.java:106)
10-29 20:44:31.523 13671 13671 I zygote  :   at void android.os.Looper.loop() (Looper.java:164)
10-29 20:44:31.523 13671 13671 I zygote  :   at void android.app.ActivityThread.main(java.lang.String[]) (ActivityThread.java:6648)
10-29 20:44:31.523 13671 13671 I zygote  :   at java.lang.Object java.lang.reflect.Method.invoke(java.lang.Object, java.lang.Object[]) (Method.java:-2)
10-29 20:44:31.524 13671 13671 I zygote  :   at void com.android.internal.os.RuntimeInit$MethodAndArgsCaller.run() (RuntimeInit.java:438)
10-29 20:44:31.524 13671 13671 I zygote  :   at void com.android.internal.os.ZygoteInit.main(java.lang.String[]) (ZygoteInit.java:811)
10-29 20:44:31.524 13671 13671 I zygote  : Caused by: java.lang.ClassNotFoundException: Didn't find class "android.net.wifi.p2p.WifiP2pManager$DeviceInfoListener" on path: DexPathList[[zip file "/data/app/com.qualcomm.ftcrobotcontroller--z_PP74AhWwtDwWo6qx4BQ==/base.apk"],nativeLibraryDirectories=[/data/app/com.qualcomm.ftcrobotcontroller--z_PP74AhWwtDwWo6qx4BQ==/lib/arm, /data/app/com.qualcomm.ftcrobotcontroller--z_PP74AhWwtDwWo6qx4BQ==/base.apk!/lib/armeabi-v7a, /system/lib, /vendor/lib]]
10-29 20:44:31.524 13671 13671 I zygote  :   at java.lang.Class dalvik.system.BaseDexClassLoader.findClass(java.lang.String) (BaseDexClassLoader.java:125)
10-29 20:44:31.524 13671 13671 I zygote  :   at java.lang.Class java.lang.ClassLoader.loadClass(java.lang.String, boolean) (ClassLoader.java:379)
10-29 20:44:31.524 13671 13671 I zygote  :   at java.lang.Class java.lang.ClassLoader.loadClass(java.lang.String) (ClassLoader.java:312)
10-29 20:44:31.524 13671 13671 I zygote  :   at java.lang.Class java.lang.VMClassLoader.findLoadedClass(java.lang.ClassLoader, java.lang.String) (VMClassLoader.java:-2)
10-29 20:44:31.524 13671 13671 I zygote  :   at java.lang.Class java.lang.ClassLoader.findLoadedClass(java.lang.String) (ClassLoader.java:738)
10-29 20:44:31.524 13671 13671 I zygote  :   at java.lang.Class java.lang.ClassLoader.loadClass(java.lang.String, boolean) (ClassLoader.java:363)
10-29 20:44:31.524 13671 13671 I zygote  :   at java.lang.Class java.lang.ClassLoader.loadClass(java.lang.String, boolean) (ClassLoader.java:367)
10-29 20:44:31.524 13671 13671 I zygote  :   at java.lang.Class java.lang.ClassLoader.loadClass(java.lang.String) (ClassLoader.java:312)
10-29 20:44:31.524 13671 13671 I zygote  :   at java.lang.Class java.lang.Class.classForName(java.lang.String, boolean, java.lang.ClassLoader) (Class.java:-2)
10-29 20:44:31.524 13671 13671 I zygote  :   at java.lang.Class java.lang.Class.forName(java.lang.String, boolean, java.lang.ClassLoader) (Class.java:453)
10-29 20:44:31.524 13671 13671 I zygote  :   at java.util.List org.firstinspires.ftc.robotcore.internal.opmode.ClassManager.classNamesToClasses(java.util.Collection) (ClassManager.java:214)
10-29 20:44:31.524 13671 13671 I zygote  :   at void org.firstinspires.ftc.robotcore.internal.opmode.ClassManager.processAllClasses() (ClassManager.java:257)
10-29 20:44:31.524 13671 13671 I zygote  :   at void com.qualcomm.ftccommon.ClassManagerFactory.processAllClasses() (ClassManagerFactory.java:94)
10-29 20:44:31.524 13671 13671 I zygote  :   at void org.firstinspires.ftc.robotcontroller.internal.FtcRobotControllerActivity.onCreate(android.os.Bundle) (FtcRobotControllerActivity.java:356)
10-29 20:44:31.524 13671 13671 I zygote  :   at void android.app.Activity.performCreate(android.os.Bundle, android.os.PersistableBundle) (Activity.java:7032)
10-29 20:44:31.524 13671 13671 I zygote  :   at void android.app.Activity.performCreate(android.os.Bundle) (Activity.java:7023)
10-29 20:44:31.524 13671 13671 I zygote  :   at void android.app.Instrumentation.callActivityOnCreate(android.app.Activity, android.os.Bundle) (Instrumentation.java:1236)
10-29 20:44:31.524 13671 13671 I zygote  :   at android.app.Activity android.app.ActivityThread.performLaunchActivity(android.app.ActivityThread$ActivityClientRecord, android.content.Intent) (ActivityThread.java:2836)
10-29 20:44:31.524 13671 13671 I zygote  :   at void android.app.ActivityThread.handleLaunchActivity(android.app.ActivityThread$ActivityClientRecord, android.content.Intent, java.lang.String) (ActivityThread.java:2965)
10-29 20:44:31.524 13671 13671 I zygote  :   at void android.app.ActivityThread.-wrap11(android.app.ActivityThread, android.app.ActivityThread$ActivityClientRecord, android.content.Intent, java.lang.String) (ActivityThread.java:-1)
10-29 20:44:31.524 13671 13671 I zygote  :   at void android.app.ActivityThread$H.handleMessage(android.os.Message) (ActivityThread.java:1645)
10-29 20:44:31.524 13671 13671 I zygote  :   at void android.os.Handler.dispatchMessage(android.os.Message) (Handler.java:106)
10-29 20:44:31.524 13671 13671 I zygote  :   at void android.os.Looper.loop() (Looper.java:164)
10-29 20:44:31.524 13671 13671 I zygote  :   at void android.app.ActivityThread.main(java.lang.String[]) (ActivityThread.java:6648)
10-29 20:44:31.524 13671 13671 I zygote  :   at java.lang.Object java.lang.reflect.Method.invoke(java.lang.Object, java.lang.Object[]) (Method.java:-2)
10-29 20:44:31.524 13671 13671 I zygote  :   at void com.android.internal.os.RuntimeInit$MethodAndArgsCaller.run() (RuntimeInit.java:438)
10-29 20:44:31.524 13671 13671 I zygote  :   at void com.android.internal.os.ZygoteInit.main(java.lang.String[]) (ZygoteInit.java:811)
10-29 20:44:31.524 13671 13671 I zygote  : 
10-29 20:44:31.525 13671 13671 I zygote  : Rejecting re-init on previously-failed class java.lang.Class<com.qualcomm.robotcore.wifi.WifiDirectAssistant$1>: java.lang.NoClassDefFoundError: Failed resolution of: Landroid/net/wifi/p2p/WifiP2pManager$DeviceInfoListener;
10-29 20:44:31.525 13671 13671 I zygote  :   at java.lang.Class java.lang.VMClassLoader.findLoadedClass(java.lang.ClassLoader, java.lang.String) (VMClassLoader.java:-2)
10-29 20:44:31.525 13671 13671 I zygote  :   at java.lang.Class java.lang.ClassLoader.findLoadedClass(java.lang.String) (ClassLoader.java:738)
10-29 20:44:31.526 13671 13671 I zygote  :   at java.lang.Class java.lang.ClassLoader.loadClass(java.lang.String, boolean) (ClassLoader.java:363)
10-29 20:44:31.526 13671 13671 I zygote  :   at java.lang.Class java.lang.ClassLoader.loadClass(java.lang.String, boolean) (ClassLoader.java:367)
10-29 20:44:31.526 13671 13671 I zygote  :   at java.lang.Class java.lang.ClassLoader.loadClass(java.lang.String) (ClassLoader.java:312)
10-29 20:44:31.526 13671 13671 I zygote  :   at java.lang.Class java.lang.Class.classForName(java.lang.String, boolean, java.lang.ClassLoader) (Class.java:-2)
10-29 20:44:31.526 13671 13671 I zygote  :   at java.lang.Class java.lang.Class.forName(java.lang.String, boolean, java.lang.ClassLoader) (Class.java:453)
10-29 20:44:31.526 13671 13671 I zygote  :   at java.util.List org.firstinspires.ftc.robotcore.internal.opmode.ClassManager.classNamesToClasses(java.util.Collection) (ClassManager.java:214)
10-29 20:44:31.526 13671 13671 I zygote  :   at void org.firstinspires.ftc.robotcore.internal.opmode.ClassManager.processAllClasses() (ClassManager.java:257)
10-29 20:44:31.526 13671 13671 I zygote  :   at void com.qualcomm.ftccommon.ClassManagerFactory.processAllClasses() (ClassManagerFactory.java:94)
10-29 20:44:31.526 13671 13671 I zygote  :   at void org.firstinspires.ftc.robotcontroller.internal.FtcRobotControllerActivity.onCreate(android.os.Bundle) (FtcRobotControllerActivity.java:356)
10-29 20:44:31.526 13671 13671 I zygote  :   at void android.app.Activity.performCreate(android.os.Bundle, android.os.PersistableBundle) (Activity.java:7032)
10-29 20:44:31.526 13671 13671 I zygote  :   at void android.app.Activity.performCreate(android.os.Bundle) (Activity.java:7023)
10-29 20:44:31.526 13671 13671 I zygote  :   at void android.app.Instrumentation.callActivityOnCreate(android.app.Activity, android.os.Bundle) (Instrumentation.java:1236)
10-29 20:44:31.526 13671 13671 I zygote  :   at android.app.Activity android.app.ActivityThread.performLaunchActivity(android.app.ActivityThread$ActivityClientRecord, android.content.Intent) (ActivityThread.java:2836)
10-29 20:44:31.526 13671 13671 I zygote  :   at void android.app.ActivityThread.handleLaunchActivity(android.app.ActivityThread$ActivityClientRecord, android.content.Intent, java.lang.String) (ActivityThread.java:2965)
10-29 20:44:31.526 13671 13671 I zygote  :   at void android.app.ActivityThread.-wrap11(android.app.ActivityThread, android.app.ActivityThread$ActivityClientRecord, android.content.Intent, java.lang.String) (ActivityThread.java:-1)
10-29 20:44:31.526 13671 13671 I zygote  :   at void android.app.ActivityThread$H.handleMessage(android.os.Message) (ActivityThread.java:1645)
10-29 20:44:31.526 13671 13671 I zygote  :   at void android.os.Handler.dispatchMessage(android.os.Message) (Handler.java:106)
10-29 20:44:31.526 13671 13671 I zygote  :   at void android.os.Looper.loop() (Looper.java:164)
10-29 20:44:31.526 13671 13671 I zygote  :   at void android.app.ActivityThread.main(java.lang.String[]) (ActivityThread.java:6648)
10-29 20:44:31.526 13671 13671 I zygote  :   at java.lang.Object java.lang.reflect.Method.invoke(java.lang.Object, java.lang.Object[]) (Method.java:-2)
10-29 20:44:31.526 13671 13671 I zygote  :   at void com.android.internal.os.RuntimeInit$MethodAndArgsCaller.run() (RuntimeInit.java:438)
10-29 20:44:31.526 13671 13671 I zygote  :   at void com.android.internal.os.ZygoteInit.main(java.lang.String[]) (ZygoteInit.java:811)
10-29 20:44:31.526 13671 13671 I zygote  : Caused by: java.lang.ClassNotFoundException: Didn't find class "android.net.wifi.p2p.WifiP2pManager$DeviceInfoListener" on path: DexPathList[[zip file "/data/app/com.qualcomm.ftcrobotcontroller--z_PP74AhWwtDwWo6qx4BQ==/base.apk"],nativeLibraryDirectories=[/data/app/com.qualcomm.ftcrobotcontroller--z_PP74AhWwtDwWo6qx4BQ==/lib/arm, /data/app/com.qualcomm.ftcrobotcontroller--z_PP74AhWwtDwWo6qx4BQ==/base.apk!/lib/armeabi-v7a, /system/lib, /vendor/lib]]
10-29 20:44:31.526 13671 13671 I zygote  :   at java.lang.Class dalvik.system.BaseDexClassLoader.findClass(java.lang.String) (BaseDexClassLoader.java:125)
10-29 20:44:31.526 13671 13671 I zygote  :   at java.lang.Class java.lang.ClassLoader.loadClass(java.lang.String, boolean) (ClassLoader.java:379)
10-29 20:44:31.526 13671 13671 I zygote  :   at java.lang.Class java.lang.ClassLoader.loadClass(java.lang.String) (ClassLoader.java:312)
10-29 20:44:31.526 13671 13671 I zygote  :   at java.lang.Class java.lang.VMClassLoader.findLoadedClass(java.lang.ClassLoader, java.lang.String) (VMClassLoader.java:-2)
10-29 20:44:31.526 13671 13671 I zygote  :   at java.lang.Class java.lang.ClassLoader.findLoadedClass(java.lang.String) (ClassLoader.java:738)
10-29 20:44:31.526 13671 13671 I zygote  :   at java.lang.Class java.lang.ClassLoader.loadClass(java.lang.String, boolean) (ClassLoader.java:363)
10-29 20:44:31.526 13671 13671 I zygote  :   at java.lang.Class java.lang.ClassLoader.loadClass(java.lang.String, boolean) (ClassLoader.java:367)
10-29 20:44:31.526 13671 13671 I zygote  :   at java.lang.Class java.lang.ClassLoader.loadClass(java.lang.String) (ClassLoader.java:312)
10-29 20:44:31.526 13671 13671 I zygote  :   at java.lang.Class java.lang.Class.classForName(java.lang.String, boolean, java.lang.ClassLoader) (Class.java:-2)
10-29 20:44:31.526 13671 13671 I zygote  :   at java.lang.Class java.lang.Class.forName(java.lang.String, boolean, java.lang.ClassLoader) (Class.java:453)
10-29 20:44:31.526 13671 13671 I zygote  :   at java.util.List org.firstinspires.ftc.robotcore.internal.opmode.ClassManager.classNamesToClasses(java.util.Collection) (ClassManager.java:214)
10-29 20:44:31.526 13671 13671 I zygote  :   at void org.firstinspires.ftc.robotcore.internal.opmode.ClassManager.processAllClasses() (ClassManager.java:257)
10-29 20:44:31.526 13671 13671 I zygote  :   at void com.qualcomm.ftccommon.ClassManagerFactory.processAllClasses() (ClassManagerFactory.java:94)
10-29 20:44:31.526 13671 13671 I zygote  :   at void org.firstinspires.ftc.robotcontroller.internal.FtcRobotControllerActivity.onCreate(android.os.Bundle) (FtcRobotControllerActivity.java:356)
10-29 20:44:31.526 13671 13671 I zygote  :   at void android.app.Activity.performCreate(android.os.Bundle, android.os.PersistableBundle) (Activity.java:7032)
10-29 20:44:31.526 13671 13671 I zygote  :   at void android.app.Activity.performCreate(android.os.Bundle) (Activity.java:7023)
10-29 20:44:31.526 13671 13671 I zygote  :   at void android.app.Instrumentation.callActivityOnCreate(android.app.Activity, android.os.Bundle) (Instrumentation.java:1236)
10-29 20:44:31.526 13671 13671 I zygote  :   at android.app.Activity android.app.ActivityThread.performLaunchActivity(android.app.ActivityThread$ActivityClientRecord, android.content.Intent) (ActivityThread.java:2836)
10-29 20:44:31.526 13671 13671 I zygote  :   at void android.app.ActivityThread.handleLaunchActivity(android.app.ActivityThread$ActivityClientRecord, android.content.Intent, java.lang.String) (ActivityThread.java:2965)
10-29 20:44:31.526 13671 13671 I zygote  :   at void android.app.ActivityThread.-wrap11(android.app.ActivityThread, android.app.ActivityThread$ActivityClientRecord, android.content.Intent, java.lang.String) (ActivityThread.java:-1)
10-29 20:44:31.526 13671 13671 I zygote  :   at void android.app.ActivityThread$H.handleMessage(android.os.Message) (ActivityThread.java:1645)
10-29 20:44:31.526 13671 13671 I zygote  :   at void android.os.Handler.dispatchMessage(android.os.Message) (Handler.java:106)
10-29 20:44:31.526 13671 13671 I zygote  :   at void android.os.Looper.loop() (Looper.java:164)
10-29 20:44:31.526 13671 13671 I zygote  :   at void android.app.ActivityThread.main(java.lang.String[]) (ActivityThread.java:6648)
10-29 20:44:31.526 13671 13671 I zygote  :   at java.lang.Object java.lang.reflect.Method.invoke(java.lang.Object, java.lang.Object[]) (Method.java:-2)
10-29 20:44:31.526 13671 13671 I zygote  :   at void com.android.internal.os.RuntimeInit$MethodAndArgsCaller.run() (RuntimeInit.java:438)
10-29 20:44:31.526 13671 13671 I zygote  :   at void com.android.internal.os.ZygoteInit.main(java.lang.String[]) (ZygoteInit.java:811)
10-29 20:44:31.526 13671 13671 I zygote  : 
10-29 20:44:31.530 13671 13671 V WifiDirect: There are 1 Wi-Fi Direct Assistant Clients (+)
10-29 20:44:31.530 13671 13671 V WifiDirect: Enabling Wi-Fi Direct Assistant
10-29 20:44:31.533 13671 13719 V NetDiscover_wifiDirectAgent_bcast: wifiP2pEnabled=true
10-29 20:44:31.533 13671 13719 D NetDiscover_wifiDirectAgent_bcast: connection changed: networkInfo.state=DISCONNECTED
10-29 20:44:31.533 13671 13719 V NetDiscover_wifiDirectAgent_bcast: NetworkInfo: [type: WIFI_P2P[], state: DISCONNECTED/DISCONNECTED, reason: (unspecified), extra: (none), failover: false, available: true, roaming: false]
10-29 20:44:31.533 13671 13719 V NetDiscover_wifiDirectAgent_bcast: WifiP2pInfo: groupFormed: false isGroupOwner: false groupOwnerAddress: null
10-29 20:44:31.533 13671 13719 V NetDiscover_wifiDirectAgent_bcast: WifiP2pGroup: network: null, isGO: false, GO: null, interface: null, networkId: 0
10-29 20:44:31.534 13671 13719 V NetDiscover_wifiDirectAgent_bcast: this device changed: Device=1234-B-RC deviceAddress=62:1d:91:6b:9c:91 primary type=10-0050F204-5 secondary type=null wps=0 grpcapab=0 devcapab=0 status=3 wfdInfo=WFD enabled=falseWFD DeviceInfo=0 WFD CtrlPort=0 WFD MaxThroughput=0
10-29 20:44:31.534 13671 13719 V NetDiscover_name: remembering wifiDirectName: 1234-B-RC...
10-29 20:44:31.534 13671 13719 V NetDiscover_name: ...remembering wifiDirectName
10-29 20:44:31.534 13671 13719 V NetDiscover_wifiDirectAgent_bcast: p2p discoverPeers()=false
10-29 20:44:31.534 13671 13719 V NetDiscover_wifiDirectAgent_bcast: Wi-Fi Direct remembered groups cleared
10-29 20:44:31.535 13671 13671 V NetDiscover_prefremrc: onSharedPreferenceChanged(name=pref_wifip2p_channel, value=0)
10-29 20:44:31.535 13671 13719 V NetDiscover_wifiDirectAgent_bcast: wifiState=ENABLED
10-29 20:44:31.535 13671 13671 V NetDiscover_prefremrc: sending RC pref name=pref_wifip2p_channel value=0
10-29 20:44:31.576 13671 13692 W Adreno-EGL: <qeglDrvAPI_eglGetConfigAttrib:612>: EGL_BAD_ATTRIBUTE
10-29 20:44:31.582 13671 13671 D WifiDirect: broadcast: state - enabled: true
10-29 20:44:31.582 13671 13671 D WifiDirect: broadcast: connection changed: connectStatus=NOT_CONNECTED networkInfo.state=DISCONNECTED
10-29 20:44:31.583 13671 13671 D WifiDirect: broadcast: this device changed
10-29 20:44:31.583 13671 13671 V WifiDirect: device information: 1234-B-RC 62:1d:91:6b:9c:91
10-29 20:44:31.583 13671 13671 V FTCService: RCActivity.controllerService=bound
10-29 20:44:31.584 13671 13671 V UpdateUI: Network: unknown, disconnected
10-29 20:44:31.585 13671 13671 V RobotCore: Robot Status: stopped
10-29 20:44:31.592 13671 13773 V RobotCore: thread: 'RobotSetupRunnable.run()' starting...
10-29 20:44:31.592 13671 13773 V FTCService: Processing robot setup
10-29 20:44:31.592 13671 13773 V RobotCore: Robot Status: stopped, scanning for USB devices
10-29 20:44:31.605 13671 13671 V WebSocketManager: Registered handler for namespace ONBOTJAVA
10-29 20:44:31.611 13671 13671 I FTCService: onNetworkConnectionEvent: GROUP_CREATED
10-29 20:44:31.611 13671 13671 D WifiDirect: created group
10-29 20:44:31.695 13671 13719 V NetDiscover_wifiDirectAgent_bcast: Wi-Fi Direct remembered groups cleared
10-29 20:44:31.714 13671 13676 I zygote  : Do partial code cache collection, code=51KB, data=44KB
10-29 20:44:31.716 13671 13676 I zygote  : After code cache collection, code=51KB, data=44KB
10-29 20:44:31.716 13671 13676 I zygote  : Increasing code cache capacity to 256KB
10-29 20:44:31.742 13671 13719 V NetDiscover_wifiDirectAgent_bcast: this device changed: Device=1234-B-RC deviceAddress=62:1d:91:6b:9c:91 primary type=10-0050F204-5 secondary type=null wps=0 grpcapab=0 devcapab=0 status=0 wfdInfo=WFD enabled=falseWFD DeviceInfo=0 WFD CtrlPort=0 WFD MaxThroughput=0
10-29 20:44:31.742 13671 13719 V NetDiscover_name: remembering wifiDirectName: 1234-B-RC...
10-29 20:44:31.742 13671 13719 V NetDiscover_name: ...remembering wifiDirectName
10-29 20:44:31.744 13671 13719 D NetDiscover_wifiDirectAgent_bcast: connection changed: networkInfo.state=CONNECTED
10-29 20:44:31.744 13671 13719 V NetDiscover_wifiDirectAgent_bcast: NetworkInfo: [type: WIFI_P2P[], state: CONNECTED/CONNECTED, reason: (unspecified), extra: (none), failover: false, available: true, roaming: false]
10-29 20:44:31.744 13671 13719 V NetDiscover_wifiDirectAgent_bcast: WifiP2pInfo: groupFormed: true isGroupOwner: true groupOwnerAddress: /192.168.49.1
10-29 20:44:31.745 13671 13719 V NetDiscover_wifiDirectAgent_bcast: WifiP2pGroup: network: DIRECT-YC-1234-B-RC, isGO: true, GO: Device: , deviceAddress: 62:1d:91:6b:9c:91, primary type: null, secondary type: null, wps: 0, grpcapab: 0, devcapab: 0, status: 4, wfdInfo: WFD enabled: falseWFD DeviceInfo: 0, WFD CtrlPort: 0, WFD MaxThroughput: 0, interface: p2p0, networkId: 0
10-29 20:44:31.767 13671 13692 W Adreno-EGL: <qeglDrvAPI_eglGetConfigAttrib:612>: EGL_BAD_ATTRIBUTE
10-29 20:44:31.772 13671 13671 W WifiDirect: Wi-Fi Direct failure while trying to discover peers - reason: BUSY
10-29 20:44:31.772 13671 13671 I FTCService: onNetworkConnectionEvent: ERROR
10-29 20:44:31.772 13671 13671 E FTCService: Network Connection Error: BUSY
10-29 20:44:31.772 13671 13671 V UpdateUI: Network: error, disconnected
10-29 20:44:31.774 13671 13671 D WifiDirect: broadcast: this device changed
10-29 20:44:31.775 13671 13671 V WifiDirect: device information: 1234-B-RC 62:1d:91:6b:9c:91
10-29 20:44:31.775 13671 13671 D WifiDirect: broadcast: connection changed: connectStatus=NOT_CONNECTED networkInfo.state=CONNECTED
10-29 20:44:31.775 13671 13671 V WifiDirect: writing pref name=pref_wifip2p_groupowner_connectedto value=
10-29 20:44:31.776 13671 13671 V NetDiscover_prefremrc: onSharedPreferenceChanged(name=pref_wifip2p_groupowner_connectedto, value=)
10-29 20:44:31.846 13671 13692 W Adreno-EGL: <qeglDrvAPI_eglGetConfigAttrib:612>: EGL_BAD_ATTRIBUTE
10-29 20:44:31.901 13671 13671 D WifiDirect: group owners address: /192.168.49.1
10-29 20:44:31.902 13671 13671 D WifiDirect: group formed, this device is the group owner (GO)
10-29 20:44:31.902 13671 13671 I FTCService: onNetworkConnectionEvent: CONNECTED_AS_GROUP_OWNER
10-29 20:44:31.902 13671 13671 I FTCService: Wi-Fi Direct - connected as group owner
10-29 20:44:31.909 13671 13671 V UpdateUI: Network: enabled, disconnected
10-29 20:44:31.922 13671 13671 W Adreno-EGL: <qeglDrvAPI_eglGetConfigAttrib:612>: EGL_BAD_ATTRIBUTE
10-29 20:44:31.984 13671 13671 V WifiDirect: connection information available
10-29 20:44:31.984 13671 13671 V WifiDirect: connection information - groupOwnerName = 1234-B-RC
10-29 20:44:31.984 13671 13671 V WifiDirect: connection information - groupOwnerMacAddress = 62:1d:91:6b:9c:91
10-29 20:44:31.984 13671 13671 V WifiDirect: connection information - groupInterface = p2p0
10-29 20:44:31.984 13671 13671 V WifiDirect: connection information - groupNetworkName = DIRECT-YC-1234-B-RC
10-29 20:44:31.985 13671 13671 I FTCService: onNetworkConnectionEvent: CONNECTION_INFO_AVAILABLE
10-29 20:44:31.985 13671 13671 I FTCService: Network Connection Passphrase: EzhpFyDq
10-29 20:44:31.985 13671 13671 V CoreRobotWebServer: starting port=8080
10-29 20:44:31.997 13671 13671 V RobotCore: Getting network assistant of type: WIFIDIRECT
10-29 20:44:31.997 13671 13671 V WifiDirect: There are 2 Wi-Fi Direct Assistant Clients (+)
10-29 20:44:32.006 13671 13719 V NetDiscover_wifiDirectAgent_bcast: wifiP2pEnabled=true
10-29 20:44:32.006 13671 13671 V CoreRobotWebServer: started port=8080
10-29 20:44:32.007 13671 13671 V UpdateUI: Network: active, disconnected
10-29 20:44:32.007 13671 13719 D NetDiscover_wifiDirectAgent_bcast: connection changed: networkInfo.state=CONNECTED
10-29 20:44:32.008 13671 13719 V NetDiscover_wifiDirectAgent_bcast: NetworkInfo: [type: WIFI_P2P[], state: CONNECTED/CONNECTED, reason: (unspecified), extra: (none), failover: false, available: true, roaming: false]
10-29 20:44:32.008 13671 13719 V NetDiscover_wifiDirectAgent_bcast: WifiP2pInfo: groupFormed: true isGroupOwner: true groupOwnerAddress: /192.168.49.1
10-29 20:44:32.009 13671 13719 V NetDiscover_wifiDirectAgent_bcast: WifiP2pGroup: network: DIRECT-YC-1234-B-RC, isGO: true, GO: Device: , deviceAddress: 62:1d:91:6b:9c:91, primary type: null, secondary type: null, wps: 0, grpcapab: 0, devcapab: 0, status: 4, wfdInfo: WFD enabled: falseWFD DeviceInfo: 0, WFD CtrlPort: 0, WFD MaxThroughput: 0, interface: p2p0, networkId: 0
10-29 20:44:32.009 13671 13719 V NetDiscover_wifiDirectAgent_bcast: this device changed: Device=1234-B-RC deviceAddress=62:1d:91:6b:9c:91 primary type=10-0050F204-5 secondary type=null wps=0 grpcapab=0 devcapab=0 status=0 wfdInfo=WFD enabled=falseWFD DeviceInfo=0 WFD CtrlPort=0 WFD MaxThroughput=0
10-29 20:44:32.009 13671 13719 V NetDiscover_name: remembering wifiDirectName: 1234-B-RC...
10-29 20:44:32.009 13671 13719 V NetDiscover_name: ...remembering wifiDirectName
10-29 20:44:32.009 13671 13719 V NetDiscover_wifiDirectAgent_bcast: p2p discoverPeers()=false
10-29 20:44:32.010 13671 13719 V NetDiscover_wifiDirectAgent_bcast: Wi-Fi Direct remembered groups cleared
10-29 20:44:32.010 13671 13719 V NetDiscover_wifiDirectAgent_bcast: wifiState=ENABLED
10-29 20:44:32.017 13671 13783 V TooTallWebSocketServer: Started WebSocket server on port 8081
10-29 20:44:32.103 13671 13671 V AppUtil : rootActivity=PermissionValidatorWrapper destroyed
10-29 20:44:32.104 13671 13671 V AppUtil : rootActivity=FtcRobotControllerActivity
10-29 20:44:32.104 13671 13671 I PermissionValidatorActivity: Lifecycle onDestroy : b4ffbad
10-29 20:44:33.597 13671 13692 W Adreno-EGL: <qeglDrvAPI_eglGetConfigAttrib:612>: EGL_BAD_ATTRIBUTE
10-29 20:44:34.196 13671 13681 I zygote  : Background concurrent copying GC freed 74577(4MB) AllocSpace objects, 0(0B) LOS objects, 50% free, 7MB/14MB, paused 108us total 106.921ms
10-29 20:44:34.410 13671 13671 V RCActivity: onPause()
10-29 20:44:34.432 13671 13671 V FtcConfigTag: FtcLoadFileActivity started
10-29 20:44:34.521 13671 13692 W Adreno-EGL: <qeglDrvAPI_eglGetConfigAttrib:612>: EGL_BAD_ATTRIBUTE
10-29 20:44:34.948 13671 13671 V RCActivity: onStop()
10-29 20:44:35.076 13671 13681 I zygote  : Background concurrent copying GC freed 63202(3MB) AllocSpace objects, 7(2MB) LOS objects, 50% free, 10MB/20MB, paused 126us total 101.985ms
10-29 20:44:35.353 13671 13681 I zygote  : Background concurrent copying GC freed 62844(1795KB) AllocSpace objects, 2(6MB) LOS objects, 49% free, 16MB/33MB, paused 207us total 101.894ms
10-29 20:44:35.463 13671 13671 V NetDiscover_prefremrc: onSharedPreferenceChanged(name=pref_hardware_config_filename, value={"isDirty":false,"location":"LOCAL_STORAGE","name":"null","resourceId":0})
10-29 20:44:36.273 13671 13671 V RobotCore: FtcLoadFileActivity: backPressed received
10-29 20:44:36.289 13671 13773 V RobotCore: Robot Status: stopped
10-29 20:44:36.289 13671 13671 V RobotCore: Robot Status: stopped
10-29 20:44:36.289 13671 13773 D FTCService: Detecting Wi-Fi reset
10-29 20:44:36.290 13671 13773 V RobotCore: thread: ...terminating 'RobotSetupRunnable.run()'
10-29 20:44:36.298 13671 13773 V RobotCore: thread: 'RobotSetupRunnable.run()' starting...
10-29 20:44:36.298 13671 13773 V FTCService: Processing robot setup
10-29 20:44:36.299 13671 13773 V RobotCore: Robot Status: stopped, scanning for USB devices
10-29 20:44:36.299 13671 13671 V RCActivity: onStart()
10-29 20:44:36.299 13671 13671 V RCActivity: onResume()
10-29 20:44:36.313 13671 13692 W Adreno-EGL: <qeglDrvAPI_eglGetConfigAttrib:612>: EGL_BAD_ATTRIBUTE
10-29 20:44:36.364 13671 13692 W Adreno-EGL: <qeglDrvAPI_eglGetConfigAttrib:612>: EGL_BAD_ATTRIBUTE
10-29 20:44:41.304 13671 13773 V RobotCore: EventLoopManager state is NOT_STARTED
10-29 20:44:41.304 13671 13773 V RobotCore: Robot Status: stopped, waiting for Wi-Fi to enable
10-29 20:44:41.305 13671 13773 I RobotCore: state = 3
10-29 20:44:41.307 13671 13773 V RobotCore: Robot Status: stopped, waiting for Wi-Fi Direct to enable
10-29 20:44:41.308 13671 13773 V FTCService: Waiting for a connection to a Wi-Fi service
10-29 20:44:41.308 13671 13773 V RobotCore: Robot Status: stopped, waiting for network to become active
10-29 20:44:41.308 13671 13773 V CoreRobotWebServer: Asked an already running WebServer to start
10-29 20:44:41.309 13671 13773 V RobotCore: Robot Status: stopped, starting robot
10-29 20:44:41.309 13671 13773 V Robocol : EventLoopManager.start()
10-29 20:44:41.309 13671 13773 V RobotCore: Getting network assistant of type: WIFIDIRECT
10-29 20:44:41.309 13671 13773 V Robocol : Spoofing a Network Connection event...
10-29 20:44:41.309 13671 13773 I EventLoopManager: onNetworkConnectionEvent: CONNECTION_INFO_AVAILABLE
10-29 20:44:41.310 13671 13773 I Robocol : Received network connection event
10-29 20:44:41.310 13671 13773 I NetworkConnectionHandler: Handling new network connection infomation, connected: true setup needed: true
10-29 20:44:41.311 13671 13818 V RobotCore: thread: 'SetupRunnable.run()' starting...
10-29 20:44:41.311 13671 13773 V RobotCore: EventLoopManager state is STOPPED
10-29 20:44:41.311 13671 13773 V Robocol : eventLoop=FtcEventLoop
10-29 20:44:41.312 13671 13773 V RobotCore: EventLoopManager state is INIT
10-29 20:44:41.312 13671 13773 V RobotCore: Robot Status: initializing, starting robot
10-29 20:44:41.312 13671 13773 I FtcEventLoop: ======= INIT START =======
10-29 20:44:41.313 13671 13773 V OpmodeRegistration: registered {DefaultOpMode} as {$Stop$Robot$}
10-29 20:44:41.320 13671 13818 D Robocol : RobocolDatagramSocket listening addr=/192.168.49.1:20884 cbRec=65520 cbSend=163840 msRecTO=300
10-29 20:44:41.321 13671 13818 V Robocol : RecvLoopRunnable created
10-29 20:44:41.321 13671 13671 D WifiDirect: cannot create group, does group already exist?
10-29 20:44:41.322 13671 13819 V Robocol : PacketProcessor started
10-29 20:44:41.323 13671 13820 V Robocol : CommandProcessor started
10-29 20:44:41.324 13671 13821 V RobotCore: thread: 'RecvLoopRunnable.run()' starting...
10-29 20:44:41.326 13671 13818 V PeerDiscovery: Starting peer discovery remote: /192.168.49.1 local: /192.168.49.1
10-29 20:44:41.326 13671 13818 V PeerDiscovery: No need for initiating peer discovery, we are the Robot Controller
10-29 20:44:41.326 13671 13818 V RobotCore: Setup complete
10-29 20:44:41.326 13671 13818 V RobotCore: thread: ...terminating 'SetupRunnable.run()'
10-29 20:44:41.361 13671 13773 V OpmodeRegistration: registered instance as {W_Telemetry_myBlocks_v01}
10-29 20:44:41.361 13671 13773 V OpmodeRegistration: registered instance as {W_Telemetry_myBlocks_v02}
10-29 20:44:41.361 13671 13773 V OpmodeRegistration: registered instance as {W_EH_D2C0_Hotfix_v01}
10-29 20:44:41.361 13671 13773 V OpmodeRegistration: registered instance as {W_EH_D2C0_auto_v01}
10-29 20:44:41.361 13671 13773 V OpmodeRegistration: registered instance as {W_EH_D2C0_1webcam_v01}
10-29 20:44:41.362 13671 13773 V OpmodeRegistration: registered instance as {FF test}
10-29 20:44:41.362 13671 13773 V OpmodeRegistration: registered instance as {W_70_VuforiaNav_v01}
10-29 20:44:41.362 13671 13773 V OpmodeRegistration: registered instance as {W_70_TFOD_v01}
10-29 20:44:41.362 13671 13773 V OpmodeRegistration: registered instance as {W_v7-0_testing_teleop_v01}
10-29 20:44:41.363 13671 13773 V OpmodeRegistration: registered {TestFile1} as {Basic: Iterative OpMode}
10-29 20:44:41.363 13671 13773 V OpmodeRegistration: registered {TestFile2} as {Basic: Linear OpMode}
10-29 20:44:41.364 13671 13773 V OpmodeRegistration: registered {WtouchSensor} as {Sensor: Digital touch}
10-29 20:44:41.364 13671 13773 V OpmodeRegistration: registered {ConceptGamepadRumble} as {Concept: Gamepad Rumble}
10-29 20:44:41.364 13671 13773 V OpmodeRegistration: registered {W_Libraries_Sample_v01} as {W_Libraries_Frequency}
10-29 20:44:41.366 13671 13773 I zygote  : Deoptimizing void com.google.gson.reflect.TypeToken.<init>(java.lang.reflect.Type) due to JIT inline cache
10-29 20:44:41.366 13671 13773 I zygote  : Deoptimizing void com.google.gson.internal.bind.CollectionTypeAdapterFactory$Adapter.write(com.google.gson.stream.JsonWriter, java.util.Collection) due to JIT inline cache
10-29 20:44:41.407 13671 13773 V HardwareFactory: createHardwareMap()
