10-29 20:33:55.951 11886 11886 I zygote  : Caused by: java.lang.ClassNotFoundException: Didn't find class "android.net.wifi.p2p.WifiP2pManager$DeviceInfoListener" on path: DexPathList[[zip file "/data/app/com.qualcomm.ftcrobotcontroller-FZZ-n10_ClslfVRJlrv8BA==/base.apk"],nativeLibraryDirectories=[/data/app/com.qualcomm.ftcrobotcontroller-FZZ-n10_ClslfVRJlrv8BA==/lib/arm, /data/app/com.qualcomm.ftcrobotcontroller-FZZ-n10_ClslfVRJlrv8BA==/base.apk!/lib/armeabi-v7a, /system/lib, /vendor/lib]]
10-29 20:33:55.951 11886 11886 I zygote  :   at java.lang.Class dalvik.system.BaseDexClassLoader.findClass(java.lang.String) (BaseDexClassLoader.java:125)
10-29 20:33:55.951 11886 11886 I zygote  :   at java.lang.Class java.lang.ClassLoader.loadClass(java.lang.String, boolean) (ClassLoader.java:379)
10-29 20:33:55.951 11886 11886 I zygote  :   at java.lang.Class java.lang.ClassLoader.loadClass(java.lang.String) (ClassLoader.java:312)
10-29 20:33:55.951 11886 11886 I zygote  :   at java.lang.Class java.lang.VMClassLoader.findLoadedClass(java.lang.ClassLoader, java.lang.String) (VMClassLoader.java:-2)
10-29 20:33:55.951 11886 11886 I zygote  :   at java.lang.Class java.lang.ClassLoader.findLoadedClass(java.lang.String) (ClassLoader.java:738)
10-29 20:33:55.951 11886 11886 I zygote  :   at java.lang.Class java.lang.ClassLoader.loadClass(java.lang.String, boolean) (ClassLoader.java:363)
10-29 20:33:55.951 11886 11886 I zygote  :   at java.lang.Class java.lang.ClassLoader.loadClass(java.lang.String, boolean) (ClassLoader.java:367)
10-29 20:33:55.951 11886 11886 I zygote  :   at java.lang.Class java.lang.ClassLoader.loadClass(java.lang.String) (ClassLoader.java:312)
10-29 20:33:55.951 11886 11886 I zygote  :   at java.lang.Class java.lang.Class.classForName(java.lang.String, boolean, java.lang.ClassLoader) (Class.java:-2)
10-29 20:33:55.951 11886 11886 I zygote  :   at java.lang.Class java.lang.Class.forName(java.lang.String, boolean, java.lang.ClassLoader) (Class.java:453)
10-29 20:33:55.951 11886 11886 I zygote  :   at java.util.List org.firstinspires.ftc.robotcore.internal.opmode.ClassManager.classNamesToClasses(java.util.Collection) (ClassManager.java:214)
10-29 20:33:55.951 11886 11886 I zygote  :   at void org.firstinspires.ftc.robotcore.internal.opmode.ClassManager.processAllClasses() (ClassManager.java:257)
10-29 20:33:55.951 11886 11886 I zygote  :   at void com.qualcomm.ftccommon.ClassManagerFactory.processAllClasses() (ClassManagerFactory.java:94)
10-29 20:33:55.951 11886 11886 I zygote  :   at void org.firstinspires.ftc.robotcontroller.internal.FtcRobotControllerActivity.onCreate(android.os.Bundle) (FtcRobotControllerActivity.java:356)
10-29 20:33:55.951 11886 11886 I zygote  :   at void android.app.Activity.performCreate(android.os.Bundle, android.os.PersistableBundle) (Activity.java:7032)
10-29 20:33:55.951 11886 11886 I zygote  :   at void android.app.Activity.performCreate(android.os.Bundle) (Activity.java:7023)
10-29 20:33:55.951 11886 11886 I zygote  :   at void android.app.Instrumentation.callActivityOnCreate(android.app.Activity, android.os.Bundle) (Instrumentation.java:1236)
10-29 20:33:55.951 11886 11886 I zygote  :   at android.app.Activity android.app.ActivityThread.performLaunchActivity(android.app.ActivityThread$ActivityClientRecord, android.content.Intent) (ActivityThread.java:2836)
10-29 20:33:55.951 11886 11886 I zygote  :   at void android.app.ActivityThread.handleLaunchActivity(android.app.ActivityThread$ActivityClientRecord, android.content.Intent, java.lang.String) (ActivityThread.java:2965)
10-29 20:33:55.951 11886 11886 I zygote  :   at void android.app.ActivityThread.-wrap11(android.app.ActivityThread, android.app.ActivityThread$ActivityClientRecord, android.content.Intent, java.lang.String) (ActivityThread.java:-1)
10-29 20:33:55.951 11886 11886 I zygote  :   at void android.app.ActivityThread$H.handleMessage(android.os.Message) (ActivityThread.java:1645)
10-29 20:33:55.951 11886 11886 I zygote  :   at void android.os.Handler.dispatchMessage(android.os.Message) (Handler.java:106)
10-29 20:33:55.951 11886 11886 I zygote  :   at void android.os.Looper.loop() (Looper.java:164)
10-29 20:33:55.951 11886 11886 I zygote  :   at void android.app.ActivityThread.main(java.lang.String[]) (ActivityThread.java:6648)
10-29 20:33:55.951 11886 11886 I zygote  :   at java.lang.Object java.lang.reflect.Method.invoke(java.lang.Object, java.lang.Object[]) (Method.java:-2)
10-29 20:33:55.951 11886 11886 I zygote  :   at void com.android.internal.os.RuntimeInit$MethodAndArgsCaller.run() (RuntimeInit.java:438)
10-29 20:33:55.951 11886 11886 I zygote  :   at void com.android.internal.os.ZygoteInit.main(java.lang.String[]) (ZygoteInit.java:811)
10-29 20:33:55.951 11886 11886 I zygote  : 
10-29 20:33:55.952 11886 11886 W ClassManager: com.qualcomm.robotcore.wifi.WifiDirectAssistant$1 java.lang.ClassNotFoundException: com.qualcomm.robotcore.wifi.WifiDirectAssistant$1
10-29 20:33:55.956 11886 11886 E ClassManager: java.lang.ClassNotFoundException: com.qualcomm.robotcore.wifi.WifiDirectAssistant$1
10-29 20:33:55.958 11886 11886 E ClassManager: 	at java.lang.Class.classForName(Native Method)
10-29 20:33:55.960 11886 11886 E ClassManager: 	at java.lang.Class.forName(Class.java:453)
10-29 20:33:55.963 11886 11886 E ClassManager: 	at org.firstinspires.ftc.robotcore.internal.opmode.ClassManager.classNamesToClasses(ClassManager.java:214)
10-29 20:33:55.965 11886 11886 E ClassManager: 	at org.firstinspires.ftc.robotcore.internal.opmode.ClassManager.processAllClasses(ClassManager.java:257)
10-29 20:33:55.967 11886 11886 E ClassManager: 	at com.qualcomm.ftccommon.ClassManagerFactory.processAllClasses(ClassManagerFactory.java:94)
10-29 20:33:55.968 11886 11886 E ClassManager: 	at org.firstinspires.ftc.robotcontroller.internal.FtcRobotControllerActivity.onCreate(FtcRobotControllerActivity.java:356)
10-29 20:33:55.968 11886 11886 E ClassManager: 	at android.app.Activity.performCreate(Activity.java:7032)
10-29 20:33:55.968 11886 11886 E ClassManager: 	at android.app.Activity.performCreate(Activity.java:7023)
10-29 20:33:55.968 11886 11886 E ClassManager: 	at android.app.Instrumentation.callActivityOnCreate(Instrumentation.java:1236)
10-29 20:33:55.969 11886 11886 E ClassManager: 	at android.app.ActivityThread.performLaunchActivity(ActivityThread.java:2836)
10-29 20:33:55.969 11886 11886 E ClassManager: 	at android.app.ActivityThread.handleLaunchActivity(ActivityThread.java:2965)
10-29 20:33:55.969 11886 11886 E ClassManager: 	at android.app.ActivityThread.-wrap11(Unknown Source:0)
10-29 20:33:55.969 11886 11886 E ClassManager: 	at android.app.ActivityThread$H.handleMessage(ActivityThread.java:1645)
10-29 20:33:55.970 11886 11886 E ClassManager: 	at android.os.Handler.dispatchMessage(Handler.java:106)
10-29 20:33:55.970 11886 11886 E ClassManager: 	at android.os.Looper.loop(Looper.java:164)
10-29 20:33:55.970 11886 11886 E ClassManager: 	at android.app.ActivityThread.main(ActivityThread.java:6648)
10-29 20:33:55.970 11886 11886 E ClassManager: 	at java.lang.reflect.Method.invoke(Native Method)
10-29 20:33:55.970 11886 11886 E ClassManager: 	at com.android.internal.os.RuntimeInit$MethodAndArgsCaller.run(RuntimeInit.java:438)
10-29 20:33:55.971 11886 11886 E ClassManager: 	at com.android.internal.os.ZygoteInit.main(ZygoteInit.java:811)
10-29 20:33:55.975 11886 11886 E ClassManager: Caused by: java.lang.ClassNotFoundException: Didn't find class "com.qualcomm.robotcore.wifi.WifiDirectAssistant$1" on path: DexPathList[[dex file "/storage/emulated/0/FIRST/java/build/jars/onBotJavaJar-2021-10-29+20.02.57--216221781/classes.dex"],nativeLibraryDirectories=[/system/lib, /vendor/lib]]
10-29 20:33:55.975 11886 11886 E ClassManager: 	at dalvik.system.BaseDexClassLoader.findClass(BaseDexClassLoader.java:125)
10-29 20:33:55.975 11886 11886 E ClassManager: 	at java.lang.ClassLoader.loadClass(ClassLoader.java:379)
10-29 20:33:55.976 11886 11886 E ClassManager: 	at java.lang.ClassLoader.loadClass(ClassLoader.java:312)
10-29 20:33:55.976 11886 11886 E ClassManager: 	... 19 more
10-29 20:33:56.142 11886 11891 I zygote  : Do partial code cache collection, code=31KB, data=21KB
10-29 20:33:56.143 11886 11891 I zygote  : After code cache collection, code=28KB, data=20KB
10-29 20:33:56.143 11886 11891 I zygote  : Increasing code cache capacity to 128KB
10-29 20:33:56.768 11886 11886 V UpdateUI: Network: inactive, disconnected
10-29 20:33:56.769 11886 11886 V ServiceStarter: attempting to start service FtcRobotControllerWatchdogService
10-29 20:33:56.772 11886 11886 V ServiceStarter: started service FtcRobotControllerWatchdogService
10-29 20:33:56.775 11886 11886 V RobotCore: BuildConfig: versionCode=42 versionName=7.0 packageName=com.qualcomm.ftcrobotcontroller
10-29 20:33:56.776 11886 11886 V RobotCore: BuildConfig: versionCode=85 versionName=17.0 packageName=com.qualcomm.robotcore
10-29 20:33:56.776 11886 11886 V RobotCore: BuildConfig: versionCode=85 versionName=17.0 packageName=com.qualcomm.hardware
10-29 20:33:56.776 11886 11886 V RobotCore: BuildConfig: versionCode=85 versionName=17.0 packageName=com.qualcomm.ftccommon
10-29 20:33:56.776 11886 11886 V RobotCore: BuildConfig: versionCode=85 versionName=17.0 packageName=com.google.blocks
10-29 20:33:56.776 11886 11886 V RobotCore: BuildConfig: versionCode=85 versionName=17.0 packageName=org.firstinspires.inspection
10-29 20:33:56.779 11886 11886 I RCActivity: Android device serial number: ZL522B6K5H
10-29 20:33:56.779 11886 11886 I RobotCore: Android Device: maker=motorola model=moto e5 (XT1920DL) sdk=27
10-29 20:33:56.779 11886 11886 V RCActivity: pref_wifip2p_channel: Found existing preferred channel (0).
10-29 20:33:56.779 11886 11886 V RCActivity: pref_wifip2p_channel: attempting to set preferred channel...
10-29 20:33:56.780 11886 11886 V WifiDirectChannelChanger: changeToChannel() channel=0
10-29 20:33:56.780 11886 11886 V WifiDirectChannelChanger: startChannelChange() channel=0
10-29 20:33:56.781 11886 11886 V RCActivity: onStart()
10-29 20:33:56.783 11886 11912 V WifiDirectChannelChanger: callSetWifiP2pChannels() success
10-29 20:33:56.783 11886 11912 V WifiDirectChannelChanger: Channel 0 saved as preference "pref_wifip2p_channel".
10-29 20:33:56.783 11886 11912 V WifiDirectChannelChanger: finishChannelChange() channel=0 success=true
10-29 20:33:56.783 11886 11886 V RCActivity: onResume()
10-29 20:33:56.804 11886 11959 D OpenGLRenderer: HWUI GL Pipeline
10-29 20:33:56.820 11886 11886 V FtcRobotControllerWatchdogService: onCreate()
10-29 20:33:56.820 11886 11886 V FtcRobotControllerWatchdogService: onStartCommand() intent=Intent { cmp=com.qualcomm.ftcrobotcontroller/org.firstinspires.ftc.ftccommon.internal.FtcRobotControllerWatchdogService } flags=0x0 startId=1
10-29 20:33:56.820 11886 11886 V FtcRobotControllerWatchdogService: shouldAutoLauchRobotController() result=false
10-29 20:33:56.821 11886 11886 V FTCService: onCreate()
10-29 20:33:56.824 11886 11886 V FTCService: onBind()
10-29 20:33:56.826 11886 11886 V CoreRobotWebServer: creating NanoHTTPD(8080)
10-29 20:33:56.832 11886 11886 V WebSocketManager: Registered broadcast-only namespace progress
10-29 20:33:56.836 11886 11886 V WebSocketManager: Registered broadcast-only namespace ControlHubUpdater
10-29 20:33:56.837 11886 11886 V RobotCore: Getting network assistant of type: WIFIDIRECT
10-29 20:33:56.840 11886 11886 I zygote  : Rejecting re-init on previously-failed class java.lang.Class<com.qualcomm.robotcore.wifi.WifiDirectAssistant$1>: java.lang.NoClassDefFoundError: Failed resolution of: Landroid/net/wifi/p2p/WifiP2pManager$DeviceInfoListener;
10-29 20:33:56.840 11886 11886 I zygote  :   at java.lang.Class java.lang.VMClassLoader.findLoadedClass(java.lang.ClassLoader, java.lang.String) (VMClassLoader.java:-2)
10-29 20:33:56.840 11886 11886 I zygote  :   at java.lang.Class java.lang.ClassLoader.findLoadedClass(java.lang.String) (ClassLoader.java:738)
10-29 20:33:56.840 11886 11886 I zygote  :   at java.lang.Class java.lang.ClassLoader.loadClass(java.lang.String, boolean) (ClassLoader.java:363)
10-29 20:33:56.840 11886 11886 I zygote  :   at java.lang.Class java.lang.ClassLoader.loadClass(java.lang.String, boolean) (ClassLoader.java:367)
10-29 20:33:56.840 11886 11886 I zygote  :   at java.lang.Class java.lang.ClassLoader.loadClass(java.lang.String) (ClassLoader.java:312)
10-29 20:33:56.840 11886 11886 I zygote  :   at java.lang.Class java.lang.Class.classForName(java.lang.String, boolean, java.lang.ClassLoader) (Class.java:-2)
10-29 20:33:56.840 11886 11886 I zygote  :   at java.lang.Class java.lang.Class.forName(java.lang.String, boolean, java.lang.ClassLoader) (Class.java:453)
10-29 20:33:56.840 11886 11886 I zygote  :   at java.util.List org.firstinspires.ftc.robotcore.internal.opmode.ClassManager.classNamesToClasses(java.util.Collection) (ClassManager.java:214)
10-29 20:33:56.840 11886 11886 I zygote  :   at void org.firstinspires.ftc.robotcore.internal.opmode.ClassManager.processAllClasses() (ClassManager.java:257)
10-29 20:33:56.840 11886 11886 I zygote  :   at void com.qualcomm.ftccommon.ClassManagerFactory.processAllClasses() (ClassManagerFactory.java:94)
10-29 20:33:56.840 11886 11886 I zygote  :   at void org.firstinspires.ftc.robotcontroller.internal.FtcRobotControllerActivity.onCreate(android.os.Bundle) (FtcRobotControllerActivity.java:356)
10-29 20:33:56.840 11886 11886 I zygote  :   at void android.app.Activity.performCreate(android.os.Bundle, android.os.PersistableBundle) (Activity.java:7032)
10-29 20:33:56.840 11886 11886 I zygote  :   at void android.app.Activity.performCreate(android.os.Bundle) (Activity.java:7023)
10-29 20:33:56.840 11886 11886 I zygote  :   at void android.app.Instrumentation.callActivityOnCreate(android.app.Activity, android.os.Bundle) (Instrumentation.java:1236)
10-29 20:33:56.840 11886 11886 I zygote  :   at android.app.Activity android.app.ActivityThread.performLaunchActivity(android.app.ActivityThread$ActivityClientRecord, android.content.Intent) (ActivityThread.java:2836)
10-29 20:33:56.840 11886 11886 I zygote  :   at void android.app.ActivityThread.handleLaunchActivity(android.app.ActivityThread$ActivityClientRecord, android.content.Intent, java.lang.String) (ActivityThread.java:2965)
10-29 20:33:56.840 11886 11886 I zygote  :   at void android.app.ActivityThread.-wrap11(android.app.ActivityThread, android.app.ActivityThread$ActivityClientRecord, android.content.Intent, java.lang.String) (ActivityThread.java:-1)
10-29 20:33:56.840 11886 11886 I zygote  :   at void android.app.ActivityThread$H.handleMessage(android.os.Message) (ActivityThread.java:1645)
10-29 20:33:56.840 11886 11886 I zygote  :   at void android.os.Handler.dispatchMessage(android.os.Message) (Handler.java:106)
10-29 20:33:56.840 11886 11886 I zygote  :   at void android.os.Looper.loop() (Looper.java:164)
10-29 20:33:56.840 11886 11886 I zygote  :   at void android.app.ActivityThread.main(java.lang.String[]) (ActivityThread.java:6648)
10-29 20:33:56.840 11886 11886 I zygote  :   at java.lang.Object java.lang.reflect.Method.invoke(java.lang.Object, java.lang.Object[]) (Method.java:-2)
10-29 20:33:56.840 11886 11886 I zygote  :   at void com.android.internal.os.RuntimeInit$MethodAndArgsCaller.run() (RuntimeInit.java:438)
10-29 20:33:56.840 11886 11886 I zygote  :   at void com.android.internal.os.ZygoteInit.main(java.lang.String[]) (ZygoteInit.java:811)
10-29 20:33:56.840 11886 11886 I zygote  : Caused by: java.lang.ClassNotFoundException: Didn't find class "android.net.wifi.p2p.WifiP2pManager$DeviceInfoListener" on path: DexPathList[[zip file "/data/app/com.qualcomm.ftcrobotcontroller-FZZ-n10_ClslfVRJlrv8BA==/base.apk"],nativeLibraryDirectories=[/data/app/com.qualcomm.ftcrobotcontroller-FZZ-n10_ClslfVRJlrv8BA==/lib/arm, /data/app/com.qualcomm.ftcrobotcontroller-FZZ-n10_ClslfVRJlrv8BA==/base.apk!/lib/armeabi-v7a, /system/lib, /vendor/lib]]
10-29 20:33:56.840 11886 11886 I zygote  :   at java.lang.Class dalvik.system.BaseDexClassLoader.findClass(java.lang.String) (BaseDexClassLoader.java:125)
10-29 20:33:56.840 11886 11886 I zygote  :   at java.lang.Class java.lang.ClassLoader.loadClass(java.lang.String, boolean) (ClassLoader.java:379)
10-29 20:33:56.840 11886 11886 I zygote  :   at java.lang.Class java.lang.ClassLoader.loadClass(java.lang.String) (ClassLoader.java:312)
10-29 20:33:56.840 11886 11886 I zygote  :   at java.lang.Class java.lang.VMClassLoader.findLoadedClass(java.lang.ClassLoader, java.lang.String) (VMClassLoader.java:-2)
10-29 20:33:56.840 11886 11886 I zygote  :   at java.lang.Class java.lang.ClassLoader.findLoadedClass(java.lang.String) (ClassLoader.java:738)
10-29 20:33:56.840 11886 11886 I zygote  :   at java.lang.Class java.lang.ClassLoader.loadClass(java.lang.String, boolean) (ClassLoader.java:363)
10-29 20:33:56.840 11886 11886 I zygote  :   at java.lang.Class java.lang.ClassLoader.loadClass(java.lang.String, boolean) (ClassLoader.java:367)
10-29 20:33:56.840 11886 11886 I zygote  :   at java.lang.Class java.lang.ClassLoader.loadClass(java.lang.String) (ClassLoader.java:312)
10-29 20:33:56.840 11886 11886 I zygote  :   at java.lang.Class java.lang.Class.classForName(java.lang.String, boolean, java.lang.ClassLoader) (Class.java:-2)
10-29 20:33:56.840 11886 11886 I zygote  :   at java.lang.Class java.lang.Class.forName(java.lang.String, boolean, java.lang.ClassLoader) (Class.java:453)
10-29 20:33:56.840 11886 11886 I zygote  :   at java.util.List org.firstinspires.ftc.robotcore.internal.opmode.ClassManager.classNamesToClasses(java.util.Collection) (ClassManager.java:214)
10-29 20:33:56.840 11886 11886 I zygote  :   at void org.firstinspires.ftc.robotcore.internal.opmode.ClassManager.processAllClasses() (ClassManager.java:257)
10-29 20:33:56.840 11886 11886 I zygote  :   at void com.qualcomm.ftccommon.ClassManagerFactory.processAllClasses() (ClassManagerFactory.java:94)
10-29 20:33:56.840 11886 11886 I zygote  :   at void org.firstinspires.ftc.robotcontroller.internal.FtcRobotControllerActivity.onCreate(android.os.Bundle) (FtcRobotControllerActivity.java:356)
10-29 20:33:56.840 11886 11886 I zygote  :   at void android.app.Activity.performCreate(android.os.Bundle, android.os.PersistableBundle) (Activity.java:7032)
10-29 20:33:56.840 11886 11886 I zygote  :   at void android.app.Activity.performCreate(android.os.Bundle) (Activity.java:7023)
10-29 20:33:56.840 11886 11886 I zygote  :   at void android.app.Instrumentation.callActivityOnCreate(android.app.Activity, android.os.Bundle) (Instrumentation.java:1236)
10-29 20:33:56.840 11886 11886 I zygote  :   at android.app.Activity android.app.ActivityThread.performLaunchActivity(android.app.ActivityThread$ActivityClientRecord, android.content.Intent) (ActivityThread.java:2836)
10-29 20:33:56.840 11886 11886 I zygote  :   at void android.app.ActivityThread.handleLaunchActivity(android.app.ActivityThread$ActivityClientRecord, android.content.Intent, java.lang.String) (ActivityThread.java:2965)
10-29 20:33:56.840 11886 11886 I zygote  :   at void android.app.ActivityThread.-wrap11(android.app.ActivityThread, android.app.ActivityThread$ActivityClientRecord, android.content.Intent, java.lang.String) (ActivityThread.java:-1)
10-29 20:33:56.840 11886 11886 I zygote  :   at void android.app.ActivityThread$H.handleMessage(android.os.Message) (ActivityThread.java:1645)
10-29 20:33:56.840 11886 11886 I zygote  :   at void android.os.Handler.dispatchMessage(android.os.Message) (Handler.java:106)
10-29 20:33:56.840 11886 11886 I zygote  :   at void android.os.Looper.loop() (Looper.java:164)
10-29 20:33:56.840 11886 11886 I zygote  :   at void android.app.ActivityThread.main(java.lang.String[]) (ActivityThread.java:6648)
10-29 20:33:56.840 11886 11886 I zygote  :   at java.lang.Object java.lang.reflect.Method.invoke(java.lang.Object, java.lang.Object[]) (Method.java:-2)
10-29 20:33:56.841 11886 11886 I zygote  :   at void com.android.internal.os.RuntimeInit$MethodAndArgsCaller.run() (RuntimeInit.java:438)
10-29 20:33:56.841 11886 11886 I zygote  :   at void com.android.internal.os.ZygoteInit.main(java.lang.String[]) (ZygoteInit.java:811)
10-29 20:33:56.841 11886 11886 I zygote  : 
10-29 20:33:56.845 11886 11886 I zygote  : Rejecting re-init on previously-failed class java.lang.Class<com.qualcomm.robotcore.wifi.WifiDirectAssistant$1>: java.lang.NoClassDefFoundError: Failed resolution of: Landroid/net/wifi/p2p/WifiP2pManager$DeviceInfoListener;
10-29 20:33:56.845 11886 11886 I zygote  :   at java.lang.Class java.lang.VMClassLoader.findLoadedClass(java.lang.ClassLoader, java.lang.String) (VMClassLoader.java:-2)
10-29 20:33:56.845 11886 11886 I zygote  :   at java.lang.Class java.lang.ClassLoader.findLoadedClass(java.lang.String) (ClassLoader.java:738)
10-29 20:33:56.845 11886 11886 I zygote  :   at java.lang.Class java.lang.ClassLoader.loadClass(java.lang.String, boolean) (ClassLoader.java:363)
10-29 20:33:56.845 11886 11886 I zygote  :   at java.lang.Class java.lang.ClassLoader.loadClass(java.lang.String, boolean) (ClassLoader.java:367)
10-29 20:33:56.845 11886 11886 I zygote  :   at java.lang.Class java.lang.ClassLoader.loadClass(java.lang.String) (ClassLoader.java:312)
10-29 20:33:56.845 11886 11886 I zygote  :   at java.lang.Class java.lang.Class.classForName(java.lang.String, boolean, java.lang.ClassLoader) (Class.java:-2)
10-29 20:33:56.845 11886 11886 I zygote  :   at java.lang.Class java.lang.Class.forName(java.lang.String, boolean, java.lang.ClassLoader) (Class.java:453)
10-29 20:33:56.845 11886 11886 I zygote  :   at java.util.List org.firstinspires.ftc.robotcore.internal.opmode.ClassManager.classNamesToClasses(java.util.Collection) (ClassManager.java:214)
10-29 20:33:56.845 11886 11886 I zygote  :   at void org.firstinspires.ftc.robotcore.internal.opmode.ClassManager.processAllClasses() (ClassManager.java:257)
10-29 20:33:56.845 11886 11886 I zygote  :   at void com.qualcomm.ftccommon.ClassManagerFactory.processAllClasses() (ClassManagerFactory.java:94)
10-29 20:33:56.845 11886 11886 I zygote  :   at void org.firstinspires.ftc.robotcontroller.internal.FtcRobotControllerActivity.onCreate(android.os.Bundle) (FtcRobotControllerActivity.java:356)
10-29 20:33:56.845 11886 11886 I zygote  :   at void android.app.Activity.performCreate(android.os.Bundle, android.os.PersistableBundle) (Activity.java:7032)
10-29 20:33:56.845 11886 11886 I zygote  :   at void android.app.Activity.performCreate(android.os.Bundle) (Activity.java:7023)
10-29 20:33:56.845 11886 11886 I zygote  :   at void android.app.Instrumentation.callActivityOnCreate(android.app.Activity, android.os.Bundle) (Instrumentation.java:1236)
10-29 20:33:56.845 11886 11886 I zygote  :   at android.app.Activity android.app.ActivityThread.performLaunchActivity(android.app.ActivityThread$ActivityClientRecord, android.content.Intent) (ActivityThread.java:2836)
10-29 20:33:56.845 11886 11886 I zygote  :   at void android.app.ActivityThread.handleLaunchActivity(android.app.ActivityThread$ActivityClientRecord, android.content.Intent, java.lang.String) (ActivityThread.java:2965)
10-29 20:33:56.845 11886 11886 I zygote  :   at void android.app.ActivityThread.-wrap11(android.app.ActivityThread, android.app.ActivityThread$ActivityClientRecord, android.content.Intent, java.lang.String) (ActivityThread.java:-1)
10-29 20:33:56.845 11886 11886 I zygote  :   at void android.app.ActivityThread$H.handleMessage(android.os.Message) (ActivityThread.java:1645)
10-29 20:33:56.845 11886 11886 I zygote  :   at void android.os.Handler.dispatchMessage(android.os.Message) (Handler.java:106)
10-29 20:33:56.845 11886 11886 I zygote  :   at void android.os.Looper.loop() (Looper.java:164)
10-29 20:33:56.845 11886 11886 I zygote  :   at void android.app.ActivityThread.main(java.lang.String[]) (ActivityThread.java:6648)
10-29 20:33:56.845 11886 11886 I zygote  :   at java.lang.Object java.lang.reflect.Method.invoke(java.lang.Object, java.lang.Object[]) (Method.java:-2)
10-29 20:33:56.845 11886 11886 I zygote  :   at void com.android.internal.os.RuntimeInit$MethodAndArgsCaller.run() (RuntimeInit.java:438)
10-29 20:33:56.845 11886 11886 I zygote  :   at void com.android.internal.os.ZygoteInit.main(java.lang.String[]) (ZygoteInit.java:811)
10-29 20:33:56.845 11886 11886 I zygote  : Caused by: java.lang.ClassNotFoundException: Didn't find class "android.net.wifi.p2p.WifiP2pManager$DeviceInfoListener" on path: DexPathList[[zip file "/data/app/com.qualcomm.ftcrobotcontroller-FZZ-n10_ClslfVRJlrv8BA==/base.apk"],nativeLibraryDirectories=[/data/app/com.qualcomm.ftcrobotcontroller-FZZ-n10_ClslfVRJlrv8BA==/lib/arm, /data/app/com.qualcomm.ftcrobotcontroller-FZZ-n10_ClslfVRJlrv8BA==/base.apk!/lib/armeabi-v7a, /system/lib, /vendor/lib]]
10-29 20:33:56.845 11886 11886 I zygote  :   at java.lang.Class dalvik.system.BaseDexClassLoader.findClass(java.lang.String) (BaseDexClassLoader.java:125)
10-29 20:33:56.845 11886 11886 I zygote  :   at java.lang.Class java.lang.ClassLoader.loadClass(java.lang.String, boolean) (ClassLoader.java:379)
10-29 20:33:56.845 11886 11886 I zygote  :   at java.lang.Class java.lang.ClassLoader.loadClass(java.lang.String) (ClassLoader.java:312)
10-29 20:33:56.845 11886 11886 I zygote  :   at java.lang.Class java.lang.VMClassLoader.findLoadedClass(java.lang.ClassLoader, java.lang.String) (VMClassLoader.java:-2)
10-29 20:33:56.845 11886 11886 I zygote  :   at java.lang.Class java.lang.ClassLoader.findLoadedClass(java.lang.String) (ClassLoader.java:738)
10-29 20:33:56.845 11886 11886 I zygote  :   at java.lang.Class java.lang.ClassLoader.loadClass(java.lang.String, boolean) (ClassLoader.java:363)
10-29 20:33:56.845 11886 11886 I zygote  :   at java.lang.Class java.lang.ClassLoader.loadClass(java.lang.String, boolean) (ClassLoader.java:367)
10-29 20:33:56.845 11886 11886 I zygote  :   at java.lang.Class java.lang.ClassLoader.loadClass(java.lang.String) (ClassLoader.java:312)
10-29 20:33:56.845 11886 11886 I zygote  :   at java.lang.Class java.lang.Class.classForName(java.lang.String, boolean, java.lang.ClassLoader) (Class.java:-2)
10-29 20:33:56.845 11886 11886 I zygote  :   at java.lang.Class java.lang.Class.forName(java.lang.String, boolean, java.lang.ClassLoader) (Class.java:453)
10-29 20:33:56.845 11886 11886 I zygote  :   at java.util.List org.firstinspires.ftc.robotcore.internal.opmode.ClassManager.classNamesToClasses(java.util.Collection) (ClassManager.java:214)
10-29 20:33:56.845 11886 11886 I zygote  :   at void org.firstinspires.ftc.robotcore.internal.opmode.ClassManager.processAllClasses() (ClassManager.java:257)
10-29 20:33:56.845 11886 11886 I zygote  :   at void com.qualcomm.ftccommon.ClassManagerFactory.processAllClasses() (ClassManagerFactory.java:94)
10-29 20:33:56.845 11886 11886 I zygote  :   at void org.firstinspires.ftc.robotcontroller.internal.FtcRobotControllerActivity.onCreate(android.os.Bundle) (FtcRobotControllerActivity.java:356)
10-29 20:33:56.845 11886 11886 I zygote  :   at void android.app.Activity.performCreate(android.os.Bundle, android.os.PersistableBundle) (Activity.java:7032)
10-29 20:33:56.846 11886 11886 I zygote  :   at void android.app.Activity.performCreate(android.os.Bundle) (Activity.java:7023)
10-29 20:33:56.846 11886 11886 I zygote  :   at void android.app.Instrumentation.callActivityOnCreate(android.app.Activity, android.os.Bundle) (Instrumentation.java:1236)
10-29 20:33:56.846 11886 11886 I zygote  :   at android.app.Activity android.app.ActivityThread.performLaunchActivity(android.app.ActivityThread$ActivityClientRecord, android.content.Intent) (ActivityThread.java:2836)
10-29 20:33:56.846 11886 11886 I zygote  :   at void android.app.ActivityThread.handleLaunchActivity(android.app.ActivityThread$ActivityClientRecord, android.content.Intent, java.lang.String) (ActivityThread.java:2965)
10-29 20:33:56.846 11886 11886 I zygote  :   at void android.app.ActivityThread.-wrap11(android.app.ActivityThread, android.app.ActivityThread$ActivityClientRecord, android.content.Intent, java.lang.String) (ActivityThread.java:-1)
10-29 20:33:56.846 11886 11886 I zygote  :   at void android.app.ActivityThread$H.handleMessage(android.os.Message) (ActivityThread.java:1645)
10-29 20:33:56.846 11886 11886 I zygote  :   at void android.os.Handler.dispatchMessage(android.os.Message) (Handler.java:106)
10-29 20:33:56.846 11886 11886 I zygote  :   at void android.os.Looper.loop() (Looper.java:164)
10-29 20:33:56.846 11886 11886 I zygote  :   at void android.app.ActivityThread.main(java.lang.String[]) (ActivityThread.java:6648)
10-29 20:33:56.846 11886 11886 I zygote  :   at java.lang.Object java.lang.reflect.Method.invoke(java.lang.Object, java.lang.Object[]) (Method.java:-2)
10-29 20:33:56.846 11886 11886 I zygote  :   at void com.android.internal.os.RuntimeInit$MethodAndArgsCaller.run() (RuntimeInit.java:438)
10-29 20:33:56.846 11886 11886 I zygote  :   at void com.android.internal.os.ZygoteInit.main(java.lang.String[]) (ZygoteInit.java:811)
10-29 20:33:56.846 11886 11886 I zygote  : 
10-29 20:33:56.847 11886 11886 I zygote  : Rejecting re-init on previously-failed class java.lang.Class<com.qualcomm.robotcore.wifi.WifiDirectAssistant$1>: java.lang.NoClassDefFoundError: Failed resolution of: Landroid/net/wifi/p2p/WifiP2pManager$DeviceInfoListener;
10-29 20:33:56.847 11886 11886 I zygote  :   at java.lang.Class java.lang.VMClassLoader.findLoadedClass(java.lang.ClassLoader, java.lang.String) (VMClassLoader.java:-2)
10-29 20:33:56.847 11886 11886 I zygote  :   at java.lang.Class java.lang.ClassLoader.findLoadedClass(java.lang.String) (ClassLoader.java:738)
10-29 20:33:56.847 11886 11886 I zygote  :   at java.lang.Class java.lang.ClassLoader.loadClass(java.lang.String, boolean) (ClassLoader.java:363)
10-29 20:33:56.847 11886 11886 I zygote  :   at java.lang.Class java.lang.ClassLoader.loadClass(java.lang.String, boolean) (ClassLoader.java:367)
10-29 20:33:56.847 11886 11886 I zygote  :   at java.lang.Class java.lang.ClassLoader.loadClass(java.lang.String) (ClassLoader.java:312)
10-29 20:33:56.847 11886 11886 I zygote  :   at java.lang.Class java.lang.Class.classForName(java.lang.String, boolean, java.lang.ClassLoader) (Class.java:-2)
10-29 20:33:56.847 11886 11886 I zygote  :   at java.lang.Class java.lang.Class.forName(java.lang.String, boolean, java.lang.ClassLoader) (Class.java:453)
10-29 20:33:56.847 11886 11886 I zygote  :   at java.util.List org.firstinspires.ftc.robotcore.internal.opmode.ClassManager.classNamesToClasses(java.util.Collection) (ClassManager.java:214)
10-29 20:33:56.847 11886 11886 I zygote  :   at void org.firstinspires.ftc.robotcore.internal.opmode.ClassManager.processAllClasses() (ClassManager.java:257)
10-29 20:33:56.847 11886 11886 I zygote  :   at void com.qualcomm.ftccommon.ClassManagerFactory.processAllClasses() (ClassManagerFactory.java:94)
10-29 20:33:56.847 11886 11886 I zygote  :   at void org.firstinspires.ftc.robotcontroller.internal.FtcRobotControllerActivity.onCreate(android.os.Bundle) (FtcRobotControllerActivity.java:356)
10-29 20:33:56.848 11886 11886 I zygote  :   at void android.app.Activity.performCreate(android.os.Bundle, android.os.PersistableBundle) (Activity.java:7032)
10-29 20:33:56.848 11886 11886 I zygote  :   at void android.app.Activity.performCreate(android.os.Bundle) (Activity.java:7023)
10-29 20:33:56.848 11886 11886 I zygote  :   at void android.app.Instrumentation.callActivityOnCreate(android.app.Activity, android.os.Bundle) (Instrumentation.java:1236)
10-29 20:33:56.848 11886 11886 I zygote  :   at android.app.Activity android.app.ActivityThread.performLaunchActivity(android.app.ActivityThread$ActivityClientRecord, android.content.Intent) (ActivityThread.java:2836)
10-29 20:33:56.848 11886 11886 I zygote  :   at void android.app.ActivityThread.handleLaunchActivity(android.app.ActivityThread$ActivityClientRecord, android.content.Intent, java.lang.String) (ActivityThread.java:2965)
10-29 20:33:56.848 11886 11886 I zygote  :   at void android.app.ActivityThread.-wrap11(android.app.ActivityThread, android.app.ActivityThread$ActivityClientRecord, android.content.Intent, java.lang.String) (ActivityThread.java:-1)
10-29 20:33:56.848 11886 11886 I zygote  :   at void android.app.ActivityThread$H.handleMessage(android.os.Message) (ActivityThread.java:1645)
10-29 20:33:56.848 11886 11886 I zygote  :   at void android.os.Handler.dispatchMessage(android.os.Message) (Handler.java:106)
10-29 20:33:56.848 11886 11886 I zygote  :   at void android.os.Looper.loop() (Looper.java:164)
10-29 20:33:56.848 11886 11886 I zygote  :   at void android.app.ActivityThread.main(java.lang.String[]) (ActivityThread.java:6648)
10-29 20:33:56.848 11886 11886 I zygote  :   at java.lang.Object java.lang.reflect.Method.invoke(java.lang.Object, java.lang.Object[]) (Method.java:-2)
10-29 20:33:56.848 11886 11886 I zygote  :   at void com.android.internal.os.RuntimeInit$MethodAndArgsCaller.run() (RuntimeInit.java:438)
10-29 20:33:56.848 11886 11886 I zygote  :   at void com.android.internal.os.ZygoteInit.main(java.lang.String[]) (ZygoteInit.java:811)
10-29 20:33:56.848 11886 11886 I zygote  : Caused by: java.lang.ClassNotFoundException: Didn't find class "android.net.wifi.p2p.WifiP2pManager$DeviceInfoListener" on path: DexPathList[[zip file "/data/app/com.qualcomm.ftcrobotcontroller-FZZ-n10_ClslfVRJlrv8BA==/base.apk"],nativeLibraryDirectories=[/data/app/com.qualcomm.ftcrobotcontroller-FZZ-n10_ClslfVRJlrv8BA==/lib/arm, /data/app/com.qualcomm.ftcrobotcontroller-FZZ-n10_ClslfVRJlrv8BA==/base.apk!/lib/armeabi-v7a, /system/lib, /vendor/lib]]
10-29 20:33:56.848 11886 11886 I zygote  :   at java.lang.Class dalvik.system.BaseDexClassLoader.findClass(java.lang.String) (BaseDexClassLoader.java:125)
10-29 20:33:56.848 11886 11886 I zygote  :   at java.lang.Class java.lang.ClassLoader.loadClass(java.lang.String, boolean) (ClassLoader.java:379)
10-29 20:33:56.848 11886 11886 I zygote  :   at java.lang.Class java.lang.ClassLoader.loadClass(java.lang.String) (ClassLoader.java:312)
10-29 20:33:56.848 11886 11886 I zygote  :   at java.lang.Class java.lang.VMClassLoader.findLoadedClass(java.lang.ClassLoader, java.lang.String) (VMClassLoader.java:-2)
10-29 20:33:56.848 11886 11886 I zygote  :   at java.lang.Class java.lang.ClassLoader.findLoadedClass(java.lang.String) (ClassLoader.java:738)
10-29 20:33:56.848 11886 11886 I zygote  :   at java.lang.Class java.lang.ClassLoader.loadClass(java.lang.String, boolean) (ClassLoader.java:363)
10-29 20:33:56.848 11886 11886 I zygote  :   at java.lang.Class java.lang.ClassLoader.loadClass(java.lang.String, boolean) (ClassLoader.java:367)
10-29 20:33:56.848 11886 11886 I zygote  :   at java.lang.Class java.lang.ClassLoader.loadClass(java.lang.String) (ClassLoader.java:312)
10-29 20:33:56.848 11886 11886 I zygote  :   at java.lang.Class java.lang.Class.classForName(java.lang.String, boolean, java.lang.ClassLoader) (Class.java:-2)
10-29 20:33:56.848 11886 11886 I zygote  :   at java.lang.Class java.lang.Class.forName(java.lang.String, boolean, java.lang.ClassLoader) (Class.java:453)
10-29 20:33:56.848 11886 11886 I zygote  :   at java.util.List org.firstinspires.ftc.robotcore.internal.opmode.ClassManager.classNamesToClasses(java.util.Collection) (ClassManager.java:214)
10-29 20:33:56.848 11886 11886 I zygote  :   at void org.firstinspires.ftc.robotcore.internal.opmode.ClassManager.processAllClasses() (ClassManager.java:257)
10-29 20:33:56.848 11886 11886 I zygote  :   at void com.qualcomm.ftccommon.ClassManagerFactory.processAllClasses() (ClassManagerFactory.java:94)
10-29 20:33:56.848 11886 11886 I zygote  :   at void org.firstinspires.ftc.robotcontroller.internal.FtcRobotControllerActivity.onCreate(android.os.Bundle) (FtcRobotControllerActivity.java:356)
10-29 20:33:56.848 11886 11886 I zygote  :   at void android.app.Activity.performCreate(android.os.Bundle, android.os.PersistableBundle) (Activity.java:7032)
10-29 20:33:56.848 11886 11886 I zygote  :   at void android.app.Activity.performCreate(android.os.Bundle) (Activity.java:7023)
10-29 20:33:56.848 11886 11886 I zygote  :   at void android.app.Instrumentation.callActivityOnCreate(android.app.Activity, android.os.Bundle) (Instrumentation.java:1236)
10-29 20:33:56.848 11886 11886 I zygote  :   at android.app.Activity android.app.ActivityThread.performLaunchActivity(android.app.ActivityThread$ActivityClientRecord, android.content.Intent) (ActivityThread.java:2836)
10-29 20:33:56.848 11886 11886 I zygote  :   at void android.app.ActivityThread.handleLaunchActivity(android.app.ActivityThread$ActivityClientRecord, android.content.Intent, java.lang.String) (ActivityThread.java:2965)
10-29 20:33:56.848 11886 11886 I zygote  :   at void android.app.ActivityThread.-wrap11(android.app.ActivityThread, android.app.ActivityThread$ActivityClientRecord, android.content.Intent, java.lang.String) (ActivityThread.java:-1)
10-29 20:33:56.848 11886 11886 I zygote  :   at void android.app.ActivityThread$H.handleMessage(android.os.Message) (ActivityThread.java:1645)
10-29 20:33:56.848 11886 11886 I zygote  :   at void android.os.Handler.dispatchMessage(android.os.Message) (Handler.java:106)
10-29 20:33:56.848 11886 11886 I zygote  :   at void android.os.Looper.loop() (Looper.java:164)
10-29 20:33:56.848 11886 11886 I zygote  :   at void android.app.ActivityThread.main(java.lang.String[]) (ActivityThread.java:6648)
10-29 20:33:56.848 11886 11886 I zygote  :   at java.lang.Object java.lang.reflect.Method.invoke(java.lang.Object, java.lang.Object[]) (Method.java:-2)
10-29 20:33:56.848 11886 11886 I zygote  :   at void com.android.internal.os.RuntimeInit$MethodAndArgsCaller.run() (RuntimeInit.java:438)
10-29 20:33:56.848 11886 11886 I zygote  :   at void com.android.internal.os.ZygoteInit.main(java.lang.String[]) (ZygoteInit.java:811)
10-29 20:33:56.848 11886 11886 I zygote  : 
10-29 20:33:56.850 11886 11886 I zygote  : Rejecting re-init on previously-failed class java.lang.Class<com.qualcomm.robotcore.wifi.WifiDirectAssistant$1>: java.lang.NoClassDefFoundError: Failed resolution of: Landroid/net/wifi/p2p/WifiP2pManager$DeviceInfoListener;
10-29 20:33:56.850 11886 11886 I zygote  :   at java.lang.Class java.lang.VMClassLoader.findLoadedClass(java.lang.ClassLoader, java.lang.String) (VMClassLoader.java:-2)
10-29 20:33:56.850 11886 11886 I zygote  :   at java.lang.Class java.lang.ClassLoader.findLoadedClass(java.lang.String) (ClassLoader.java:738)
10-29 20:33:56.850 11886 11886 I zygote  :   at java.lang.Class java.lang.ClassLoader.loadClass(java.lang.String, boolean) (ClassLoader.java:363)
10-29 20:33:56.850 11886 11886 I zygote  :   at java.lang.Class java.lang.ClassLoader.loadClass(java.lang.String, boolean) (ClassLoader.java:367)
10-29 20:33:56.850 11886 11886 I zygote  :   at java.lang.Class java.lang.ClassLoader.loadClass(java.lang.String) (ClassLoader.java:312)
10-29 20:33:56.850 11886 11886 I zygote  :   at java.lang.Class java.lang.Class.classForName(java.lang.String, boolean, java.lang.ClassLoader) (Class.java:-2)
10-29 20:33:56.850 11886 11886 I zygote  :   at java.lang.Class java.lang.Class.forName(java.lang.String, boolean, java.lang.ClassLoader) (Class.java:453)
10-29 20:33:56.850 11886 11886 I zygote  :   at java.util.List org.firstinspires.ftc.robotcore.internal.opmode.ClassManager.classNamesToClasses(java.util.Collection) (ClassManager.java:214)
10-29 20:33:56.850 11886 11886 I zygote  :   at void org.firstinspires.ftc.robotcore.internal.opmode.ClassManager.processAllClasses() (ClassManager.java:257)
10-29 20:33:56.850 11886 11886 I zygote  :   at void com.qualcomm.ftccommon.ClassManagerFactory.processAllClasses() (ClassManagerFactory.java:94)
10-29 20:33:56.850 11886 11886 I zygote  :   at void org.firstinspires.ftc.robotcontroller.internal.FtcRobotControllerActivity.onCreate(android.os.Bundle) (FtcRobotControllerActivity.java:356)
10-29 20:33:56.850 11886 11886 I zygote  :   at void android.app.Activity.performCreate(android.os.Bundle, android.os.PersistableBundle) (Activity.java:7032)
10-29 20:33:56.850 11886 11886 I zygote  :   at void android.app.Activity.performCreate(android.os.Bundle) (Activity.java:7023)
10-29 20:33:56.850 11886 11886 I zygote  :   at void android.app.Instrumentation.callActivityOnCreate(android.app.Activity, android.os.Bundle) (Instrumentation.java:1236)
10-29 20:33:56.850 11886 11886 I zygote  :   at android.app.Activity android.app.ActivityThread.performLaunchActivity(android.app.ActivityThread$ActivityClientRecord, android.content.Intent) (ActivityThread.java:2836)
10-29 20:33:56.850 11886 11886 I zygote  :   at void android.app.ActivityThread.handleLaunchActivity(android.app.ActivityThread$ActivityClientRecord, android.content.Intent, java.lang.String) (ActivityThread.java:2965)
10-29 20:33:56.850 11886 11886 I zygote  :   at void android.app.ActivityThread.-wrap11(android.app.ActivityThread, android.app.ActivityThread$ActivityClientRecord, android.content.Intent, java.lang.String) (ActivityThread.java:-1)
10-29 20:33:56.850 11886 11886 I zygote  :   at void android.app.ActivityThread$H.handleMessage(android.os.Message) (ActivityThread.java:1645)
10-29 20:33:56.850 11886 11886 I zygote  :   at void android.os.Handler.dispatchMessage(android.os.Message) (Handler.java:106)
10-29 20:33:56.850 11886 11886 I zygote  :   at void android.os.Looper.loop() (Looper.java:164)
10-29 20:33:56.850 11886 11886 I zygote  :   at void android.app.ActivityThread.main(java.lang.String[]) (ActivityThread.java:6648)
10-29 20:33:56.850 11886 11886 I zygote  :   at java.lang.Object java.lang.reflect.Method.invoke(java.lang.Object, java.lang.Object[]) (Method.java:-2)
10-29 20:33:56.850 11886 11886 I zygote  :   at void com.android.internal.os.RuntimeInit$MethodAndArgsCaller.run() (RuntimeInit.java:438)
10-29 20:33:56.850 11886 11886 I zygote  :   at void com.android.internal.os.ZygoteInit.main(java.lang.String[]) (ZygoteInit.java:811)
10-29 20:33:56.850 11886 11886 I zygote  : Caused by: java.lang.ClassNotFoundException: Didn't find class "android.net.wifi.p2p.WifiP2pManager$DeviceInfoListener" on path: DexPathList[[zip file "/data/app/com.qualcomm.ftcrobotcontroller-FZZ-n10_ClslfVRJlrv8BA==/base.apk"],nativeLibraryDirectories=[/data/app/com.qualcomm.ftcrobotcontroller-FZZ-n10_ClslfVRJlrv8BA==/lib/arm, /data/app/com.qualcomm.ftcrobotcontroller-FZZ-n10_ClslfVRJlrv8BA==/base.apk!/lib/armeabi-v7a, /system/lib, /vendor/lib]]
10-29 20:33:56.850 11886 11886 I zygote  :   at java.lang.Class dalvik.system.BaseDexClassLoader.findClass(java.lang.String) (BaseDexClassLoader.java:125)
10-29 20:33:56.850 11886 11886 I zygote  :   at java.lang.Class java.lang.ClassLoader.loadClass(java.lang.String, boolean) (ClassLoader.java:379)
10-29 20:33:56.850 11886 11886 I zygote  :   at java.lang.Class java.lang.ClassLoader.loadClass(java.lang.String) (ClassLoader.java:312)
10-29 20:33:56.850 11886 11886 I zygote  :   at java.lang.Class java.lang.VMClassLoader.findLoadedClass(java.lang.ClassLoader, java.lang.String) (VMClassLoader.java:-2)
10-29 20:33:56.850 11886 11886 I zygote  :   at java.lang.Class java.lang.ClassLoader.findLoadedClass(java.lang.String) (ClassLoader.java:738)
10-29 20:33:56.850 11886 11886 I zygote  :   at java.lang.Class java.lang.ClassLoader.loadClass(java.lang.String, boolean) (ClassLoader.java:363)
10-29 20:33:56.850 11886 11886 I zygote  :   at java.lang.Class java.lang.ClassLoader.loadClass(java.lang.String, boolean) (ClassLoader.java:367)
10-29 20:33:56.850 11886 11886 I zygote  :   at java.lang.Class java.lang.ClassLoader.loadClass(java.lang.String) (ClassLoader.java:312)
10-29 20:33:56.850 11886 11886 I zygote  :   at java.lang.Class java.lang.Class.classForName(java.lang.String, boolean, java.lang.ClassLoader) (Class.java:-2)
10-29 20:33:56.850 11886 11886 I zygote  :   at java.lang.Class java.lang.Class.forName(java.lang.String, boolean, java.lang.ClassLoader) (Class.java:453)
10-29 20:33:56.850 11886 11886 I zygote  :   at java.util.List org.firstinspires.ftc.robotcore.internal.opmode.ClassManager.classNamesToClasses(java.util.Collection) (ClassManager.java:214)
10-29 20:33:56.850 11886 11886 I zygote  :   at void org.firstinspires.ftc.robotcore.internal.opmode.ClassManager.processAllClasses() (ClassManager.java:257)
10-29 20:33:56.850 11886 11886 I zygote  :   at void com.qualcomm.ftccommon.ClassManagerFactory.processAllClasses() (ClassManagerFactory.java:94)
10-29 20:33:56.850 11886 11886 I zygote  :   at void org.firstinspires.ftc.robotcontroller.internal.FtcRobotControllerActivity.onCreate(android.os.Bundle) (FtcRobotControllerActivity.java:356)
10-29 20:33:56.850 11886 11886 I zygote  :   at void android.app.Activity.performCreate(android.os.Bundle, android.os.PersistableBundle) (Activity.java:7032)
10-29 20:33:56.850 11886 11886 I zygote  :   at void android.app.Activity.performCreate(android.os.Bundle) (Activity.java:7023)
10-29 20:33:56.850 11886 11886 I zygote  :   at void android.app.Instrumentation.callActivityOnCreate(android.app.Activity, android.os.Bundle) (Instrumentation.java:1236)
10-29 20:33:56.850 11886 11886 I zygote  :   at android.app.Activity android.app.ActivityThread.performLaunchActivity(android.app.ActivityThread$ActivityClientRecord, android.content.Intent) (ActivityThread.java:2836)
10-29 20:33:56.851 11886 11886 I zygote  :   at void android.app.ActivityThread.handleLaunchActivity(android.app.ActivityThread$ActivityClientRecord, android.content.Intent, java.lang.String) (ActivityThread.java:2965)
10-29 20:33:56.851 11886 11886 I zygote  :   at void android.app.ActivityThread.-wrap11(android.app.ActivityThread, android.app.ActivityThread$ActivityClientRecord, android.content.Intent, java.lang.String) (ActivityThread.java:-1)
10-29 20:33:56.851 11886 11886 I zygote  :   at void android.app.ActivityThread$H.handleMessage(android.os.Message) (ActivityThread.java:1645)
10-29 20:33:56.851 11886 11886 I zygote  :   at void android.os.Handler.dispatchMessage(android.os.Message) (Handler.java:106)
10-29 20:33:56.851 11886 11886 I zygote  :   at void android.os.Looper.loop() (Looper.java:164)
10-29 20:33:56.851 11886 11886 I zygote  :   at void android.app.ActivityThread.main(java.lang.String[]) (ActivityThread.java:6648)
10-29 20:33:56.851 11886 11886 I zygote  :   at java.lang.Object java.lang.reflect.Method.invoke(java.lang.Object, java.lang.Object[]) (Method.java:-2)
10-29 20:33:56.851 11886 11886 I zygote  :   at void com.android.internal.os.RuntimeInit$MethodAndArgsCaller.run() (RuntimeInit.java:438)
10-29 20:33:56.851 11886 11886 I zygote  :   at void com.android.internal.os.ZygoteInit.main(java.lang.String[]) (ZygoteInit.java:811)
10-29 20:33:56.851 11886 11886 I zygote  : 
10-29 20:33:56.854 11886 11886 V NetDiscover_prefremrc: onSharedPreferenceChanged(name=pref_wifip2p_groupowner_connectedto, value=null)
10-29 20:33:56.855 11886 11886 V WifiDirect: There are 1 Wi-Fi Direct Assistant Clients (+)
10-29 20:33:56.855 11886 11886 V WifiDirect: Enabling Wi-Fi Direct Assistant
10-29 20:33:56.858 11886 11912 V NetDiscover_wifiDirectAgent_bcast: wifiP2pEnabled=true
10-29 20:33:56.859 11886 11912 D NetDiscover_wifiDirectAgent_bcast: connection changed: networkInfo.state=DISCONNECTED
10-29 20:33:56.859 11886 11912 V NetDiscover_wifiDirectAgent_bcast: NetworkInfo: [type: WIFI_P2P[], state: DISCONNECTED/DISCONNECTED, reason: (unspecified), extra: (none), failover: false, available: true, roaming: false]
10-29 20:33:56.859 11886 11912 V NetDiscover_wifiDirectAgent_bcast: WifiP2pInfo: groupFormed: false isGroupOwner: false groupOwnerAddress: null
10-29 20:33:56.859 11886 11912 V NetDiscover_wifiDirectAgent_bcast: WifiP2pGroup: network: null, isGO: false, GO: null, interface: null, networkId: 0
10-29 20:33:56.859 11886 11912 V NetDiscover_wifiDirectAgent_bcast: this device changed: Device=1234-B-RC deviceAddress=62:1d:91:6b:9c:91 primary type=10-0050F204-5 secondary type=null wps=0 grpcapab=0 devcapab=0 status=3 wfdInfo=WFD enabled=falseWFD DeviceInfo=0 WFD CtrlPort=0 WFD MaxThroughput=0
10-29 20:33:56.860 11886 11912 V NetDiscover_name: remembering wifiDirectName: 1234-B-RC...
10-29 20:33:56.860 11886 11912 V NetDiscover_name: ...remembering wifiDirectName
10-29 20:33:56.860 11886 11912 V NetDiscover_wifiDirectAgent_bcast: Wi-Fi Direct remembered groups cleared
10-29 20:33:56.860 11886 11912 V NetDiscover_wifiDirectAgent_bcast: wifiState=ENABLED
10-29 20:33:56.904 11886 11959 I Adreno-EGL: <qeglDrvAPI_eglInitialize:379>: QUALCOMM Build: 06/02/18, 880153e, I77d3059488
10-29 20:33:56.910 11886 11886 D WifiDirect: broadcast: state - enabled: true
10-29 20:33:56.910 11886 11886 D WifiDirect: broadcast: connection changed: connectStatus=NOT_CONNECTED networkInfo.state=DISCONNECTED
10-29 20:33:56.912 11886 11886 D WifiDirect: broadcast: this device changed
10-29 20:33:56.912 11886 11886 V WifiDirect: device information: 1234-B-RC 62:1d:91:6b:9c:91
10-29 20:33:56.912 11886 11886 V FTCService: RCActivity.controllerService=bound
10-29 20:33:56.912 11886 11886 V UpdateUI: Network: unknown, disconnected
10-29 20:33:56.913 11886 11886 V RobotCore: Robot Status: stopped
10-29 20:33:56.913 11886 11959 I zygote  : android::hardware::configstore::V1_0::ISurfaceFlingerConfigs::hasWideColorDisplay retrieved: 0
10-29 20:33:56.914 11886 11959 I OpenGLRenderer: Initialized EGL, version 1.4
10-29 20:33:56.914 11886 11959 D OpenGLRenderer: Swap behavior 2
10-29 20:33:56.919 11886 11959 W Adreno-EGL: <qeglDrvAPI_eglGetConfigAttrib:612>: EGL_BAD_ATTRIBUTE
10-29 20:33:56.923 11886 11961 V RobotCore: thread: 'RobotSetupRunnable.run()' starting...
10-29 20:33:56.923 11886 11961 V FTCService: Processing robot setup
10-29 20:33:56.923 11886 11959 W Adreno-EGL: <qeglDrvAPI_eglGetConfigAttrib:612>: EGL_BAD_ATTRIBUTE
10-29 20:33:56.923 11886 11961 V RobotCore: Robot Status: stopped, scanning for USB devices
10-29 20:33:56.937 11886 11886 V WebSocketManager: Registered handler for namespace ONBOTJAVA
