10-29 20:38:37.421 12714 12714 V RCActivity: onStart()
10-29 20:38:37.422 12714 12714 V RCActivity: onResume()
10-29 20:38:37.442 12714 12736 W Adreno-EGL: <qeglDrvAPI_eglGetConfigAttrib:612>: EGL_BAD_ATTRIBUTE
10-29 20:38:42.422 12714 12979 V RobotCore: Robot Status: stopped, waiting for Wi-Fi to enable
10-29 20:38:42.425 12714 12979 I RobotCore: state = 3
10-29 20:38:42.427 12714 12979 V RobotCore: Robot Status: stopped, waiting for Wi-Fi Direct to enable
10-29 20:38:42.429 12714 12979 V FTCService: Waiting for a connection to a Wi-Fi service
10-29 20:38:42.430 12714 12979 V RobotCore: Robot Status: stopped, waiting for network to become active
10-29 20:38:42.430 12714 12979 V CoreRobotWebServer: Asked an already running WebServer to start
10-29 20:38:42.432 12714 12979 V RobotCore: Robot Status: stopped, starting robot
10-29 20:38:42.432 12714 12979 V Robocol : EventLoopManager.start()
10-29 20:38:42.433 12714 12979 V Robocol : Spoofing a Network Connection event...
10-29 20:38:42.433 12714 12979 I EventLoopManager: onNetworkConnectionEvent: CONNECTION_INFO_AVAILABLE
10-29 20:38:42.434 12714 12979 I Robocol : Received network connection event
10-29 20:38:42.434 12714 12979 I NetworkConnectionHandler: Handling new network connection infomation, connected: true setup needed: false
10-29 20:38:42.435 12714 12979 V RobotCore: EventLoopManager state is STOPPED
10-29 20:38:42.435 12714 12714 D WifiDirect: cannot create group, does group already exist?
10-29 20:38:42.437 12714 12979 V Robocol : eventLoop=FtcEventLoop
10-29 20:38:42.437 12714 12979 V RobotCore: EventLoopManager state is INIT
10-29 20:38:42.438 12714 12979 V RobotCore: Robot Status: initializing, starting robot
10-29 20:38:42.438 12714 12979 I FtcEventLoop: ======= INIT START =======
10-29 20:38:42.439 12714 12979 V OpmodeRegistration: registered {DefaultOpMode} as {$Stop$Robot$}
10-29 20:38:42.527 12714 12979 V OpmodeRegistration: registered instance as {W_Telemetry_myBlocks_v01}
10-29 20:38:42.528 12714 12979 V OpmodeRegistration: registered instance as {W_Telemetry_myBlocks_v02}
10-29 20:38:42.528 12714 12979 V OpmodeRegistration: registered instance as {W_EH_D2C0_Hotfix_v01}
10-29 20:38:42.528 12714 12979 V OpmodeRegistration: registered instance as {W_EH_D2C0_auto_v01}
10-29 20:38:42.529 12714 12979 V OpmodeRegistration: registered instance as {W_EH_D2C0_1webcam_v01}
10-29 20:38:42.529 12714 12979 V OpmodeRegistration: registered instance as {FF test}
10-29 20:38:42.529 12714 12979 V OpmodeRegistration: registered instance as {W_70_VuforiaNav_v01}
10-29 20:38:42.529 12714 12979 V OpmodeRegistration: registered instance as {W_70_TFOD_v01}
10-29 20:38:42.530 12714 12979 V OpmodeRegistration: registered instance as {W_v7-0_testing_teleop_v01}
10-29 20:38:42.532 12714 12979 V OpmodeRegistration: registered {W_Libraries_Sample_v01} as {W_Libraries_Frequency}
10-29 20:38:42.533 12714 12979 V OpmodeRegistration: registered {ConceptGamepadRumble} as {Concept: Gamepad Rumble}
10-29 20:38:42.534 12714 12979 V OpmodeRegistration: registered {WtouchSensor} as {Sensor: Digital touch}
10-29 20:38:42.535 12714 12979 V OpmodeRegistration: registered {TestFile2} as {Basic: Linear OpMode}
10-29 20:38:42.535 12714 12979 V OpmodeRegistration: registered {TestFile1} as {Basic: Iterative OpMode}
10-29 20:38:42.565 12714 12979 V HardwareFactory: createHardwareMap()
10-29 20:38:42.565 12714 12979 V EmbeddedControlHubModule: clearing embedded module
10-29 20:38:42.567 12714 12979 I RobotCore: ========= Device Information ===================================================
10-29 20:38:42.568 12714 12979 I RobotCore: Type                                               Name                           Connection
10-29 20:38:42.568 12714 12979 I FtcEventLoop: ======= INIT FINISH =======
10-29 20:38:42.569 12714 12979 V RobotCore: EventLoopManager state is RUNNING
10-29 20:38:42.570 12714 12979 V RobotCore: Robot Status: running, starting robot
10-29 20:38:42.570 12714 12979 V RobotCore: Robot Status: running
10-29 20:38:42.572 12714 12979 V RobotCore: thread: ...terminating 'RobotSetupRunnable.run()'
10-29 20:38:42.573 12714 13032 V RobotCore: thread: 'opmode loop()' starting...
10-29 20:38:42.578 12714 12886 D SoundPlayer: playing volume=1.000000 samp=1|ms=4506
10-29 20:38:43.089 12714 13032 I RobotCore: Attempting to switch to op mode $Stop$Robot$
10-29 20:38:51.979 12714 12714 D WifiDirect: broadcast: peers changed
10-29 20:38:51.980 12714 12764 V NetDiscover_wifiDirectAgent_bcast: peers found: count=1
10-29 20:38:51.980 12714 12764 V NetDiscover_wifiDirectAgent_bcast:     peer: 8c:88:2b:00:95:5d 00:95:5d
10-29 20:38:51.985 12714 12714 D WifiDirect: broadcast: connection changed: connectStatus=GROUP_OWNER networkInfo.state=CONNECTED
10-29 20:38:51.985 12714 12764 D NetDiscover_wifiDirectAgent_bcast: connection changed: networkInfo.state=CONNECTED
10-29 20:38:51.986 12714 12764 V NetDiscover_wifiDirectAgent_bcast: NetworkInfo: [type: WIFI_P2P[], state: CONNECTED/CONNECTED, reason: (unspecified), extra: (none), failover: false, available: true, roaming: false]
10-29 20:38:51.986 12714 12764 V NetDiscover_wifiDirectAgent_bcast: WifiP2pInfo: groupFormed: true isGroupOwner: true groupOwnerAddress: /192.168.49.1
10-29 20:38:51.987 12714 12714 V WifiDirect: peers found: 1
10-29 20:38:51.987 12714 12714 V WifiDirect:     peer: 8c:88:2b:00:95:5d 00:95:5d
10-29 20:38:51.987 12714 12714 I EventLoopManager: onNetworkConnectionEvent: PEERS_AVAILABLE
10-29 20:38:51.988 12714 12764 V NetDiscover_wifiDirectAgent_bcast: WifiP2pGroup: network: DIRECT-YC-1234-B-RC, isGO: true, GO: Device: , deviceAddress: 62:1d:91:6b:9c:91, primary type: null, secondary type: null, wps: 0, grpcapab: 0, devcapab: 0, status: 4, wfdInfo: WFD enabled: falseWFD DeviceInfo: 0, WFD CtrlPort: 0, WFD MaxThroughput: 0, Client: Device: , deviceAddress: 8c:88:2b:00:95:5d, primary type: null, secondary type: null, wps: 0, grpcapab: 0, devcapab: 0, status: 4, wfdInfo: null, interface: p2p0, networkId: 0
10-29 20:38:52.700 12714 12851 V FtcWebSocket: Opening websocket (ip=192.168.49.211/192.168.49.211 port=8081)
10-29 20:38:52.718 12714 12851 V WebSocketManager: Subscribed websocket (ip=192.168.49.211/192.168.49.211 port=8081) to namespace (ControlHubUpdater)
10-29 20:38:57.575 12714 12851 V FtcWebSocket: Opening websocket (ip=192.168.49.211/192.168.49.211 port=8081)
10-29 20:38:57.594 12714 12851 V WebSocketManager: Subscribed websocket (ip=192.168.49.211/192.168.49.211 port=8081) to namespace (ControlHubUpdater)
10-29 20:39:00.493 12714 12851 V WebSocketManager: Unsubscribed websocket (ip=192.168.49.211/192.168.49.211 port=8081) from namespace (ControlHubUpdater)
10-29 20:39:00.700 12714 12725 I zygote  : Background concurrent copying GC freed 34509(2MB) AllocSpace objects, 128(4MB) LOS objects, 49% free, 10MB/20MB, paused 281us total 103.797ms
10-29 20:39:03.418 12714 13055 V ProgrammingModeManager: serve uri=/java/js/settings.js
10-29 20:39:03.630 12714 13043 V ProgrammingModeManager: serve uri=/java/js/editor/autocomplete
10-29 20:39:03.650 12714 13047 V ProgrammingModeManager: serve uri=/java/file/tree
10-29 20:39:03.656 12714 12851 V WebSocketManager: Subscribed websocket (ip=192.168.49.211/192.168.49.211 port=8081) to namespace (ONBOTJAVA)
10-29 20:39:03.661 12714 13049 V ProgrammingModeManager: serve uri=/css/colors.less
10-29 20:39:04.015 12714 13047 V ProgrammingModeManager: serve uri=/java/file/templates
10-29 20:39:15.289 12714 12851 I ONBOTJAVA_BUILD_MONITOR: Build 1635565155273 is pending
10-29 20:39:15.289 12714 12760 V OnBotJava: build request file changed: 0x00000002 /storage/emulated/0/FIRST/java/control/buildRequest.txt
10-29 20:39:15.292 12714 12760 V OnBotJava: build request file changed: 0x00000002 /storage/emulated/0/FIRST/java/control/buildRequest.txt
10-29 20:39:15.293 12714 13069 V OnBotJava: build()...
10-29 20:39:15.305 12714 13069 V OnBotJava: clean()...
10-29 20:39:15.309 12714 12760 I ONBOTJAVA_BUILD_MONITOR: Build 1635565155273 has successfully started
10-29 20:39:15.324 12714 13069 V OnBotJava: ...clean()
10-29 20:39:15.325 12714 13069 V OnBotJava: ensureBuildDirs()...
10-29 20:39:15.336 12714 13069 V OnBotJava: ...ensureBuildDirs()
10-29 20:39:15.336 12714 13069 V OnBotJava: compileJavaFiles()...
10-29 20:39:16.882 12714 13069 E OnBotJava:Diagnostics: org/firstinspires/ftc/teamcode/W_Libraries_Sample_v01.java(23:37): ERROR: package org.apache.commons.math3.stat does not exist
10-29 20:39:18.252 12714 13069 E OnBotJava:Diagnostics: org/firstinspires/ftc/teamcode/W_Libraries_Sample_v01.java(54:5): ERROR: cannot find symbol
10-29 20:39:18.252 12714 13069 E OnBotJava:Diagnostics:   symbol:   class Frequency
10-29 20:39:18.254 12714 13069 E OnBotJava:Diagnostics:   location: class org.firstinspires.ftc.teamcode.W_Libraries_Sample_v01
10-29 20:39:18.262 12714 13069 E OnBotJava:Diagnostics: org/firstinspires/ftc/teamcode/W_Libraries_Sample_v01.java(54:33): ERROR: cannot find symbol
10-29 20:39:18.263 12714 13069 E OnBotJava:Diagnostics:   symbol:   class Frequency
10-29 20:39:18.264 12714 13069 E OnBotJava:Diagnostics:   location: class org.firstinspires.ftc.teamcode.W_Libraries_Sample_v01
10-29 20:39:18.752 12714 13069 V OnBotJava: ...compileJavaFiles()
10-29 20:39:18.758 12714 13069 V OnBotJava: ...build()
10-29 20:39:18.758 12714 12760 I ONBOTJAVA_BUILD_MONITOR: Build 1635565155273 completed with status FAILED
10-29 20:39:18.758 12714 12760 V ONBOTJAVA_BUILD_MONITOR: Rejecting the build state transition to FAILED, as current build state is FAILED
10-29 20:39:18.784 12714 13043 V ProgrammingModeManager: serve uri=/java/build/wait
10-29 20:39:27.601 12714 13043 V ProgrammingModeManager: serve uri=/java/file/upload
10-29 20:39:28.039 12714 12714 D WifiDirect: broadcast: peers changed
10-29 20:39:28.040 12714 12764 V NetDiscover_wifiDirectAgent_bcast: peers found: count=2
10-29 20:39:28.040 12714 12764 V NetDiscover_wifiDirectAgent_bcast:     peer: 8c:88:2b:00:95:5d 00:95:5d
10-29 20:39:28.041 12714 12764 V NetDiscover_wifiDirectAgent_bcast:     peer: 5a:d9:c3:e0:67:3e 1234-B-DS
10-29 20:39:28.043 12714 12714 V WifiDirect: peers found: 2
10-29 20:39:28.043 12714 12714 V WifiDirect:     peer: 8c:88:2b:00:95:5d 00:95:5d
10-29 20:39:28.043 12714 12714 V WifiDirect:     peer: 5a:d9:c3:e0:67:3e 1234-B-DS
10-29 20:39:28.043 12714 12714 I EventLoopManager: onNetworkConnectionEvent: PEERS_AVAILABLE
10-29 20:39:28.143 12714 13043 E ExternalLibrary: Error: The file commons_math3_3_6_1.jar can not be used because it contains classes that already exist in the FtcRobotController app.
10-29 20:39:28.247 12714 13043 V ProgrammingModeManager: serve uri=/java/file/tree
10-29 20:39:28.557 12714 12764 V NetDiscover_wifiDirectAgent_bcast: peers found: count=2
10-29 20:39:28.557 12714 12714 D WifiDirect: broadcast: peers changed
10-29 20:39:28.557 12714 12764 V NetDiscover_wifiDirectAgent_bcast:     peer: 8c:88:2b:00:95:5d 00:95:5d
10-29 20:39:28.557 12714 12764 V NetDiscover_wifiDirectAgent_bcast:     peer: 5a:d9:c3:e0:67:3e 1234-B-DS
10-29 20:39:28.559 12714 12764 D NetDiscover_wifiDirectAgent_bcast: connection changed: networkInfo.state=CONNECTED
10-29 20:39:28.559 12714 12764 V NetDiscover_wifiDirectAgent_bcast: NetworkInfo: [type: WIFI_P2P[], state: CONNECTED/CONNECTED, reason: (unspecified), extra: (none), failover: false, available: true, roaming: false]
10-29 20:39:28.559 12714 12764 V NetDiscover_wifiDirectAgent_bcast: WifiP2pInfo: groupFormed: true isGroupOwner: true groupOwnerAddress: /192.168.49.1
10-29 20:39:28.560 12714 12714 D WifiDirect: broadcast: connection changed: connectStatus=GROUP_OWNER networkInfo.state=CONNECTED
10-29 20:39:28.562 12714 12714 V WifiDirect: peers found: 2
10-29 20:39:28.562 12714 12764 V NetDiscover_wifiDirectAgent_bcast: WifiP2pGroup: network: DIRECT-YC-1234-B-RC, isGO: true, GO: Device: , deviceAddress: 62:1d:91:6b:9c:91, primary type: null, secondary type: null, wps: 0, grpcapab: 0, devcapab: 0, status: 4, wfdInfo: WFD enabled: falseWFD DeviceInfo: 0, WFD CtrlPort: 0, WFD MaxThroughput: 0, Client: Device: , deviceAddress: 8c:88:2b:00:95:5d, primary type: null, secondary type: null, wps: 0, grpcapab: 0, devcapab: 0, status: 4, wfdInfo: null, Client: Device: 1234-B-DS, deviceAddress: 5a:d9:c3:e0:67:3e, primary type: 10-0050F204-5, secondary type: null, wps: 392, grpcapab: 0, devcapab: 37, status: 0, wfdInfo: WFD enabled: trueWFD DeviceInfo: 0, WFD CtrlPort: 0, WFD MaxThroughput: 0, interface: p2p0, networkId: 0
10-29 20:39:28.562 12714 12714 V WifiDirect:     peer: 8c:88:2b:00:95:5d 00:95:5d
10-29 20:39:28.563 12714 12714 V WifiDirect:     peer: 5a:d9:c3:e0:67:3e 1234-B-DS
10-29 20:39:28.563 12714 12714 I EventLoopManager: onNetworkConnectionEvent: PEERS_AVAILABLE
10-29 20:42:49.958 12714 12736 W Adreno-EGL: <qeglDrvAPI_eglGetConfigAttrib:612>: EGL_BAD_ATTRIBUTE
10-29 20:42:50.880 12714 12714 V AppUtil : exitApplication(0) was called. Printing stacktrace.
10-29 20:42:50.882 12714 12714 E AppUtil : java.lang.RuntimeException
10-29 20:42:50.887 12714 12714 E AppUtil : 	at org.firstinspires.ftc.robotcore.internal.system.AppUtil.exitApplication(AppUtil.java:684)
10-29 20:42:50.889 12714 12714 E AppUtil : 	at org.firstinspires.ftc.robotcore.internal.system.AppUtil.exitApplication(AppUtil.java:690)
10-29 20:42:50.895 12714 12714 E AppUtil : 	at org.firstinspires.ftc.robotcontroller.internal.FtcRobotControllerActivity.onOptionsItemSelected(FtcRobotControllerActivity.java:626)
10-29 20:42:50.897 12714 12714 E AppUtil : 	at org.firstinspires.ftc.robotcontroller.internal.FtcRobotControllerActivity$2$1.onMenuItemClick(FtcRobotControllerActivity.java:330)
10-29 20:42:50.900 12714 12714 E AppUtil : 	at android.widget.PopupMenu$1.onMenuItemSelected(PopupMenu.java:105)
10-29 20:42:50.902 12714 12714 E AppUtil : 	at com.android.internal.view.menu.MenuBuilder.dispatchMenuItemSelected(MenuBuilder.java:761)
10-29 20:42:50.904 12714 12714 E AppUtil : 	at com.android.internal.view.menu.MenuItemImpl.invoke(MenuItemImpl.java:167)
10-29 20:42:50.906 12714 12714 E AppUtil : 	at com.android.internal.view.menu.MenuBuilder.performItemAction(MenuBuilder.java:908)
10-29 20:42:50.907 12714 12714 E AppUtil : 	at com.android.internal.view.menu.MenuBuilder.performItemAction(MenuBuilder.java:898)
10-29 20:42:50.909 12714 12714 E AppUtil : 	at com.android.internal.view.menu.MenuPopup.onItemClick(MenuPopup.java:128)
10-29 20:42:50.910 12714 12714 E AppUtil : 	at android.widget.AdapterView.performItemClick(AdapterView.java:318)
10-29 20:42:50.912 12714 12714 E AppUtil : 	at android.widget.AbsListView.performItemClick(AbsListView.java:1158)
10-29 20:42:50.914 12714 12714 E AppUtil : 	at android.widget.AbsListView$PerformClick.run(AbsListView.java:3153)
10-29 20:42:50.915 12714 12714 E AppUtil : 	at android.widget.AbsListView$3.run(AbsListView.java:4068)
10-29 20:42:50.916 12714 12714 E AppUtil : 	at android.os.Handler.handleCallback(Handler.java:790)
10-29 20:42:50.917 12714 12714 E AppUtil : 	at android.os.Handler.dispatchMessage(Handler.java:99)
10-29 20:42:50.918 12714 12714 E AppUtil : 	at android.os.Looper.loop(Looper.java:164)
10-29 20:42:50.919 12714 12714 E AppUtil : 	at android.app.ActivityThread.main(ActivityThread.java:6648)
10-29 20:42:50.920 12714 12714 E AppUtil : 	at java.lang.reflect.Method.invoke(Native Method)
10-29 20:42:50.921 12714 12714 E AppUtil : 	at com.android.internal.os.RuntimeInit$MethodAndArgsCaller.run(RuntimeInit.java:438)
10-29 20:42:50.923 12714 12714 E AppUtil : 	at com.android.internal.os.ZygoteInit.main(ZygoteInit.java:811)
10-29 20:42:50.928 12714 12714 I zygote  : System.exit called, status: 0
10-29 20:42:50.928 12714 12714 I AndroidRuntime: VM exiting with result code 0, cleanup skipped.
--------- beginning of main
10-29 20:42:52.007 13138 13138 I zygote  : Late-enabling -Xcheck:jni
10-29 20:42:52.208 13138 13138 D Uvc     : [jni.cpp:72] JNI_OnLoad()...
10-29 20:42:52.208 13138 13138 D Uvc     : [JniEnv.h:32] ScopedJniEnv::onJniLoad()...
10-29 20:42:52.208 13138 13138 D Uvc     : [JniEnv.h:32] ...ScopedJniEnv::onJniLoad()
10-29 20:42:52.208 13138 13138 D Uvc     : [jni.cpp:72] ...JNI_OnLoad()
10-29 20:42:52.214 13138 13138 V AppUtil : initializing: getExternalStorageDirectory()=/storage/emulated/0
--------- beginning of system
10-29 20:42:52.222 13138 13138 I ActivityThread: handleStopService: token=android.os.BinderProxy@5f91356 not found.
10-29 20:42:52.222 13138 13154 V RobotCore: saving logcat to /storage/emulated/0/robotControllerLog.txt
10-29 20:42:52.222 13138 13154 V RobotCore: logging command line: exec logcat -f /storage/emulated/0/robotControllerLog.txt -r4096 -n4 -v threadtime UsbRequestJNI:S UsbRequest:S art:W ThreadPool:W System:W ExtendedExtractor:W OMXClient:W MediaPlayer:W dalvikvm:W  *:V
10-29 20:42:52.224 13138 13138 V FtcRobotControllerWatchdogService: onCreate()
10-29 20:42:52.225 13138 13138 V FtcRobotControllerWatchdogService: onDestroy()
10-29 20:42:52.279 13138 13154 I RobotCore: Done running ps
10-29 20:42:52.295 13158 13158 W sh      : type=1400 audit(0.0:51): avc: denied { read } for uid=10131 name="/" dev="rootfs" ino=2 scontext=u:r:untrusted_app:s0:c512,c768 tcontext=u:object_r:rootfs:s0 tclass=dir permissive=0
10-29 20:43:23.815 13138 13145 I zygote  : Debugger is no longer active
--------- beginning of main
10-29 20:44:24.552 13671 13671 D Uvc     : [jni.cpp:72] JNI_OnLoad()...
10-29 20:44:24.552 13671 13671 D Uvc     : [JniEnv.h:32] ScopedJniEnv::onJniLoad()...
10-29 20:44:24.552 13671 13671 D Uvc     : [JniEnv.h:32] ...ScopedJniEnv::onJniLoad()
10-29 20:44:24.552 13671 13671 D Uvc     : [jni.cpp:72] ...JNI_OnLoad()
10-29 20:44:24.556 13671 13671 V AppUtil : initializing: getExternalStorageDirectory()=/storage/emulated/0
10-29 20:44:24.560 13671 13685 V RobotCore: saving logcat to /storage/emulated/0/robotControllerLog.txt
10-29 20:44:24.560 13671 13685 V RobotCore: logging command line: exec logcat -f /storage/emulated/0/robotControllerLog.txt -r4096 -n4 -v threadtime UsbRequestJNI:S UsbRequest:S art:W ThreadPool:W System:W ExtendedExtractor:W OMXClient:W MediaPlayer:W dalvikvm:W  *:V
10-29 20:44:24.590 13671 13671 V AppUtil : rootActivity=PermissionValidatorWrapper
10-29 20:44:24.590 13671 13671 I PermissionValidatorActivity: Lifecycle onCreate : b4ffbad
10-29 20:44:24.619 13671 13685 I RobotCore: Done running ps
10-29 20:44:24.632 13690 13690 W sh      : type=1400 audit(0.0:52): avc: denied { read } for uid=10132 name="/" dev="rootfs" ino=2 scontext=u:r:untrusted_app:s0:c512,c768 tcontext=u:object_r:rootfs:s0 tclass=dir permissive=0
10-29 20:44:24.641 13671 13671 I PermissionValidatorActivity: Lifecycle onStart : b4ffbad
10-29 20:44:24.645 13671 13671 I PermissionValidator: Checking permission for android.permission.WRITE_EXTERNAL_STORAGE
10-29 20:44:24.648 13671 13671 I PermissionValidator:     Denied: android.permission.WRITE_EXTERNAL_STORAGE
10-29 20:44:24.661 13671 13685 I RobotCore: Done running exec logcat -f /storage/emulated/0/robotControllerLog.txt -r4096 -n4 -v threadtime UsbRequestJNI:S UsbRequest:S art:W ThreadPool:W System:W ExtendedExtractor:W OMXClient:W MediaPlayer:W dalvikvm:W  *:V
10-29 20:44:24.665 13671 13671 I PermissionValidatorActivity: Lifecycle onResume : b4ffbad
10-29 20:44:24.681 13671 13692 D OpenGLRenderer: HWUI GL Pipeline
10-29 20:44:24.720 13671 13692 I Adreno-EGL: <qeglDrvAPI_eglInitialize:379>: QUALCOMM Build: 06/02/18, 880153e, I77d3059488
10-29 20:44:24.748 13671 13692 I zygote  : android::hardware::configstore::V1_0::ISurfaceFlingerConfigs::hasWideColorDisplay retrieved: 0
10-29 20:44:24.748 13671 13692 I OpenGLRenderer: Initialized EGL, version 1.4
10-29 20:44:24.748 13671 13692 D OpenGLRenderer: Swap behavior 2
10-29 20:44:24.752 13671 13692 W Adreno-EGL: <qeglDrvAPI_eglGetConfigAttrib:612>: EGL_BAD_ATTRIBUTE
10-29 20:44:24.757 13671 13692 W Adreno-EGL: <qeglDrvAPI_eglGetConfigAttrib:612>: EGL_BAD_ATTRIBUTE
10-29 20:44:26.161 13671 13671 I PermissionValidator: Checking permission for android.permission.READ_EXTERNAL_STORAGE
10-29 20:44:26.162 13671 13671 V PermissionValidator: writing pref name=android.permission.READ_EXTERNAL_STORAGE value=false
10-29 20:44:26.164 13671 13671 I PermissionValidator:     Granted: android.permission.READ_EXTERNAL_STORAGE
10-29 20:44:26.165 13671 13671 I PermissionValidator: Checking permission for android.permission.CAMERA
10-29 20:44:26.166 13671 13671 I PermissionValidator:     Denied: android.permission.CAMERA
10-29 20:44:26.236 13671 13671 I PermissionValidatorActivity: Lifecycle onResume : b4ffbad
10-29 20:44:26.894 13671 13671 I PermissionValidator: Checking permission for android.permission.ACCESS_COARSE_LOCATION
10-29 20:44:26.895 13671 13671 I PermissionValidator:     Denied: android.permission.ACCESS_COARSE_LOCATION
10-29 20:44:26.939 13671 13671 I PermissionValidatorActivity: Lifecycle onResume : b4ffbad
10-29 20:44:27.581 13671 13671 I PermissionValidator: Checking permission for android.permission.ACCESS_FINE_LOCATION
10-29 20:44:27.582 13671 13671 I PermissionValidator:     Denied: android.permission.ACCESS_FINE_LOCATION
10-29 20:44:27.621 13671 13671 I PermissionValidatorActivity: Lifecycle onResume : b4ffbad
10-29 20:44:27.712 13671 13671 I PermissionValidator: Checking permission for android.permission.READ_PHONE_STATE
10-29 20:44:27.713 13671 13671 I PermissionValidator:     Denied: android.permission.READ_PHONE_STATE
10-29 20:44:27.734 13671 13671 I PermissionValidatorActivity: Lifecycle onResume : b4ffbad
10-29 20:44:28.384 13671 13671 V ServiceStarter: attempting to start service MediaTransferProtocolMonitorService
10-29 20:44:28.410 13671 13671 V ServiceStarter: started service MediaTransferProtocolMonitorService
10-29 20:44:28.410 13671 13671 V ServiceStarter: attempting to start service OnBotJavaService
10-29 20:44:28.412 13671 13671 V ServiceStarter: started service OnBotJavaService
10-29 20:44:28.412 13671 13671 I PermissionValidatorActivity: All permissions validated.  Starting RobotController
10-29 20:44:28.464 13671 13671 V MTPMonitorService: onCreate()
10-29 20:44:28.465 13671 13671 V MTPMonitorService: onStartCommand() intent=Intent { cmp=com.qualcomm.ftcrobotcontroller/org.firstinspires.ftc.robotcore.internal.files.MediaTransferProtocolMonitorService } flags=0x0 startId=1
10-29 20:44:28.468 13671 13671 V MTPMonitor: observing: /storage/emulated/0
10-29 20:44:28.527 13671 13671 V OnBotJavaService: onCreate()
10-29 20:44:28.528 13671 13671 V OnBotJavaService: onStartCommand() intent=Intent { cmp=com.qualcomm.ftcrobotcontroller/org.firstinspires.ftc.onbotjava.OnBotJavaService } flags=0x0 startId=1
10-29 20:44:28.529 13671 13671 V OnBotJava: OnBotJavaManager::static
10-29 20:44:28.777 13671 13671 V OnBotJava: ctor()...
10-29 20:44:28.778 13671 13671 V OnBotJava: ...ctor()
10-29 20:44:28.790 13671 13671 V RCActivity: Permissions validated already
10-29 20:44:28.791 13671 13671 V RCActivity: onCreate()
10-29 20:44:28.791 13671 13717 V RobotCore: saving logcat to /storage/emulated/0/robotControllerLog.txt
10-29 20:44:28.791 13671 13717 V RobotCore: logging command line: exec logcat -f /storage/emulated/0/robotControllerLog.txt -r4096 -n4 -v threadtime UsbRequestJNI:S UsbRequest:S art:W ThreadPool:W System:W ExtendedExtractor:W OMXClient:W MediaPlayer:W dalvikvm:W  *:V
10-29 20:44:28.793 13671 13671 V RCActivity: writing pref name=pref_app_theme value=red
10-29 20:44:28.794 13671 13671 V RCActivity: rootActivity is of class PermissionValidatorWrapper
10-29 20:44:28.800 13671 13671 V RCActivity: launchActivity is of class class org.firstinspires.ftc.robotcontroller.internal.PermissionValidatorWrapper
10-29 20:44:28.805 13671 13719 V CallbackLooper: thread=832
10-29 20:44:28.826 13671 13671 V NetDiscover_wifiDirectAgent: doStart()...
10-29 20:44:28.828 13671 13719 V NetDiscover_wifiDirectAgent_bcast: wifiP2pEnabled=true
10-29 20:44:28.831 13671 13671 V NetDiscover_wifiDirectAgent: ...doStart()
10-29 20:44:28.831 13671 13719 D NetDiscover_wifiDirectAgent_bcast: connection changed: networkInfo.state=DISCONNECTED
10-29 20:44:28.831 13671 13719 V NetDiscover_wifiDirectAgent_bcast: NetworkInfo: [type: WIFI_P2P[], state: DISCONNECTED/DISCONNECTED, reason: (unspecified), extra: (none), failover: false, available: true, roaming: false]
10-29 20:44:28.831 13671 13719 V NetDiscover_wifiDirectAgent_bcast: WifiP2pInfo: groupFormed: false isGroupOwner: false groupOwnerAddress: null
10-29 20:44:28.831 13671 13719 V NetDiscover_wifiDirectAgent_bcast: WifiP2pGroup: network: null, isGO: false, GO: null, interface: null, networkId: 0
10-29 20:44:28.831 13671 13671 V NetDiscover_name: doStart()...
10-29 20:44:28.832 13671 13671 V NetDiscover_name: ...doStart()
10-29 20:44:28.832 13671 13671 V NetDiscover_prefremrc: ----- all preferences -----
10-29 20:44:28.832 13671 13671 V NetDiscover_prefremrc: name='android.permission.READ_EXTERNAL_STORAGE' value=false
10-29 20:44:28.832 13671 13671 V NetDiscover_prefremrc: name='pref_app_theme' value=red
10-29 20:44:28.833 13671 13719 V NetDiscover_wifiDirectAgent_bcast: this device changed: Device=1234-B-RC deviceAddress=62:1d:91:6b:9c:91 primary type=10-0050F204-5 secondary type=null wps=0 grpcapab=0 devcapab=0 status=3 wfdInfo=WFD enabled=falseWFD DeviceInfo=0 WFD CtrlPort=0 WFD MaxThroughput=0
10-29 20:44:28.833 13671 13719 V NetDiscover_name: remembering wifiDirectName: 1234-B-RC...
10-29 20:44:28.833 13671 13719 V NetDiscover_name: wifiDirectName=1234-B-RC
10-29 20:44:28.834 13671 13719 V NetDiscover_name: ...remembering wifiDirectName
10-29 20:44:28.834 13671 13719 V NetDiscover_wifiDirectAgent_bcast: p2p discoverPeers()=false
10-29 20:44:28.834 13671 13719 V NetDiscover_wifiDirectAgent_bcast: Wi-Fi Direct remembered groups cleared
10-29 20:44:28.837 13671 13671 V Robocol : SendOnceRunnable created
10-29 20:44:28.837 13671 13719 V NetDiscover_wifiDirectAgent_bcast: wifiState=ENABLED
10-29 20:44:28.838 13671 13719 V NetDiscover_wifiDirectAgent: found persistent group: DIRECT-YC-1234-B-RC
10-29 20:44:28.839 13671 13671 V NetDiscover_prefremrc: doStart()...
10-29 20:44:28.839 13671 13671 V NetDiscover_prefremrc: ...doStart()
10-29 20:44:28.840 13671 13717 I RobotCore: Done running ps
10-29 20:44:28.855 13723 13723 W sh      : type=1400 audit(0.0:53): avc: denied { read } for uid=10132 name="/" dev="rootfs" ino=2 scontext=u:r:untrusted_app:s0:c512,c768 tcontext=u:object_r:rootfs:s0 tclass=dir permissive=0
10-29 20:44:28.865 13671 13671 I WebViewFactory: Loading com.android.chrome version 88.0.4324.152 (code 432415220)
10-29 20:44:28.874 13671 13671 W zygote  : ClassLoaderContext classpath element mismatch for position 0. expected=base.apk!classes2.dex, found=/data/app/com.android.chrome-g6EGsvUaVhQAuIog3agQ8w==/base.apk!classes2.dex (PCL[base.apk*3176833318:base.apk!classes2.dex*632767165:base.apk!classes3.dex*4206463029] | PCL[/data/app/com.android.chrome-g6EGsvUaVhQAuIog3agQ8w==/base.apk*3176833318:/data/app/com.android.chrome-g6EGsvUaVhQAuIog3agQ8w==/base.apk!classes2.dex*632767165:/data/app/com.android.chrome-g6EGsvUaVhQAuIog3agQ8w==/base.apk!classes3.dex*4206463029])
10-29 20:44:28.976 13671 13671 I cr_LibraryLoader: Loaded native library version number "88.0.4324.152"
10-29 20:44:28.977 13671 13671 I cr_CachingUmaRecorder: Flushed 4 samples from 4 histograms.
10-29 20:44:28.996 13671 13671 W ResourceType: Failure getting entry for 0x7f130672 (t=18 e=1650) (error -2147483647)
10-29 20:44:29.045 13671 13747 W chromium: [WARNING:dns_config_service_posix.cc(342)] Failed to read DnsConfig.
10-29 20:44:29.158 13671 13671 V RCActivity: writing pref name=pref_rc_connected value=true
10-29 20:44:29.158 13671 13671 V NetDiscover_prefremrc: onSharedPreferenceChanged(name=pref_rc_connected, value=true)
10-29 20:44:29.226 13671 13671 V RCActivity: writing pref name=pref_ftc_season_year_of_current_rc value=2021
10-29 20:44:29.226 13671 13671 V NetDiscover_prefremrc: onSharedPreferenceChanged(name=pref_ftc_season_year_of_current_rc, value=2021)
10-29 20:44:29.227 13671 13671 V RCActivity: writing pref name=pref_warn_about_2_4_ghz_band value=true
10-29 20:44:29.227 13671 13671 V NetDiscover_prefremrc: onSharedPreferenceChanged(name=pref_warn_about_2_4_ghz_band, value=true)
10-29 20:44:29.228 13671 13671 V NetDiscover_prefremrc: sending RC pref name=pref_warn_about_2_4_ghz_band value=true
10-29 20:44:29.245 13671 13671 V RCActivity: writing pref name=pref_warn_about_obsolete_software value=true
10-29 20:44:29.245 13671 13671 V NetDiscover_prefremrc: onSharedPreferenceChanged(name=pref_warn_about_obsolete_software, value=true)
10-29 20:44:29.245 13671 13671 V NetDiscover_prefremrc: sending RC pref name=pref_warn_about_obsolete_software value=true
10-29 20:44:29.246 13671 13671 V RCActivity: writing pref name=pref_warn_about_mismatched_app_versions value=true
10-29 20:44:29.246 13671 13671 V NetDiscover_prefremrc: onSharedPreferenceChanged(name=pref_warn_about_mismatched_app_versions, value=true)
10-29 20:44:29.247 13671 13671 V NetDiscover_prefremrc: sending RC pref name=pref_warn_about_mismatched_app_versions value=true
10-29 20:44:29.248 13671 13671 V RCActivity: writing pref name=pref_warn_about_incorrect_clocks value=true
10-29 20:44:29.248 13671 13671 V NetDiscover_prefremrc: onSharedPreferenceChanged(name=pref_warn_about_incorrect_clocks, value=true)
10-29 20:44:29.248 13671 13671 V NetDiscover_prefremrc: sending RC pref name=pref_warn_about_incorrect_clocks value=true
10-29 20:44:29.261 13671 13671 W zygote  : Opening an oat file without a class loader. Are you using the deprecated DexFile APIs?
10-29 20:44:30.429 13671 13671 I zygote  : Deoptimizing void org.firstinspires.ftc.robotcore.internal.system.AppUtil.copyStream(java.io.InputStream, java.io.OutputStream) due to JIT inline cache
10-29 20:44:30.433 13671 13671 W zygote  : Unsupported class loader
10-29 20:44:30.436 13671 13671 W zygote  : Skipping duplicate class check due to unsupported classloader
10-29 20:44:30.605 13671 13671 I zygote  : Rejecting re-init on previously-failed class java.lang.Class<com.qualcomm.robotcore.wifi.WifiDirectAssistant$1>: java.lang.NoClassDefFoundError: Failed resolution of: Landroid/net/wifi/p2p/WifiP2pManager$DeviceInfoListener;
10-29 20:44:30.605 13671 13671 I zygote  :   at java.lang.Class java.lang.VMClassLoader.findLoadedClass(java.lang.ClassLoader, java.lang.String) (VMClassLoader.java:-2)
10-29 20:44:30.605 13671 13671 I zygote  :   at java.lang.Class java.lang.ClassLoader.findLoadedClass(java.lang.String) (ClassLoader.java:738)
10-29 20:44:30.605 13671 13671 I zygote  :   at java.lang.Class java.lang.ClassLoader.loadClass(java.lang.String, boolean) (ClassLoader.java:363)
10-29 20:44:30.605 13671 13671 I zygote  :   at java.lang.Class java.lang.ClassLoader.loadClass(java.lang.String, boolean) (ClassLoader.java:367)
10-29 20:44:30.605 13671 13671 I zygote  :   at java.lang.Class java.lang.ClassLoader.loadClass(java.lang.String) (ClassLoader.java:312)
10-29 20:44:30.606 13671 13671 I zygote  :   at java.lang.Class java.lang.Class.classForName(java.lang.String, boolean, java.lang.ClassLoader) (Class.java:-2)
10-29 20:44:30.606 13671 13671 I zygote  :   at java.lang.Class java.lang.Class.forName(java.lang.String, boolean, java.lang.ClassLoader) (Class.java:453)
10-29 20:44:30.606 13671 13671 I zygote  :   at java.util.List org.firstinspires.ftc.robotcore.internal.opmode.ClassManager.classNamesToClasses(java.util.Collection) (ClassManager.java:214)
10-29 20:44:30.606 13671 13671 I zygote  :   at void org.firstinspires.ftc.robotcore.internal.opmode.ClassManager.processAllClasses() (ClassManager.java:257)
10-29 20:44:30.606 13671 13671 I zygote  :   at void com.qualcomm.ftccommon.ClassManagerFactory.processAllClasses() (ClassManagerFactory.java:94)
10-29 20:44:30.606 13671 13671 I zygote  :   at void org.firstinspires.ftc.robotcontroller.internal.FtcRobotControllerActivity.onCreate(android.os.Bundle) (FtcRobotControllerActivity.java:356)
10-29 20:44:30.606 13671 13671 I zygote  :   at void android.app.Activity.performCreate(android.os.Bundle, android.os.PersistableBundle) (Activity.java:7032)
10-29 20:44:30.606 13671 13671 I zygote  :   at void android.app.Activity.performCreate(android.os.Bundle) (Activity.java:7023)
10-29 20:44:30.606 13671 13671 I zygote  :   at void android.app.Instrumentation.callActivityOnCreate(android.app.Activity, android.os.Bundle) (Instrumentation.java:1236)
10-29 20:44:30.606 13671 13671 I zygote  :   at android.app.Activity android.app.ActivityThread.performLaunchActivity(android.app.ActivityThread$ActivityClientRecord, android.content.Intent) (ActivityThread.java:2836)
10-29 20:44:30.606 13671 13671 I zygote  :   at void android.app.ActivityThread.handleLaunchActivity(android.app.ActivityThread$ActivityClientRecord, android.content.Intent, java.lang.String) (ActivityThread.java:2965)
10-29 20:44:30.606 13671 13671 I zygote  :   at void android.app.ActivityThread.-wrap11(android.app.ActivityThread, android.app.ActivityThread$ActivityClientRecord, android.content.Intent, java.lang.String) (ActivityThread.java:-1)
10-29 20:44:30.606 13671 13671 I zygote  :   at void android.app.ActivityThread$H.handleMessage(android.os.Message) (ActivityThread.java:1645)
10-29 20:44:30.606 13671 13671 I zygote  :   at void android.os.Handler.dispatchMessage(android.os.Message) (Handler.java:106)
10-29 20:44:30.606 13671 13671 I zygote  :   at void android.os.Looper.loop() (Looper.java:164)
10-29 20:44:30.606 13671 13671 I zygote  :   at void android.app.ActivityThread.main(java.lang.String[]) (ActivityThread.java:6648)
10-29 20:44:30.606 13671 13671 I zygote  :   at java.lang.Object java.lang.reflect.Method.invoke(java.lang.Object, java.lang.Object[]) (Method.java:-2)
10-29 20:44:30.606 13671 13671 I zygote  :   at void com.android.internal.os.RuntimeInit$MethodAndArgsCaller.run() (RuntimeInit.java:438)
10-29 20:44:30.606 13671 13671 I zygote  :   at void com.android.internal.os.ZygoteInit.main(java.lang.String[]) (ZygoteInit.java:811)
10-29 20:44:30.606 13671 13671 I zygote  : Caused by: java.lang.ClassNotFoundException: Didn't find class "android.net.wifi.p2p.WifiP2pManager$DeviceInfoListener" on path: DexPathList[[zip file "/data/app/com.qualcomm.ftcrobotcontroller--z_PP74AhWwtDwWo6qx4BQ==/base.apk"],nativeLibraryDirectories=[/data/app/com.qualcomm.ftcrobotcontroller--z_PP74AhWwtDwWo6qx4BQ==/lib/arm, /data/app/com.qualcomm.ftcrobotcontroller--z_PP74AhWwtDwWo6qx4BQ==/base.apk!/lib/armeabi-v7a, /system/lib, /vendor/lib]]
10-29 20:44:30.606 13671 13671 I zygote  :   at java.lang.Class dalvik.system.BaseDexClassLoader.findClass(java.lang.String) (BaseDexClassLoader.java:125)
10-29 20:44:30.606 13671 13671 I zygote  :   at java.lang.Class java.lang.ClassLoader.loadClass(java.lang.String, boolean) (ClassLoader.java:379)
10-29 20:44:30.606 13671 13671 I zygote  :   at java.lang.Class java.lang.ClassLoader.loadClass(java.lang.String) (ClassLoader.java:312)
10-29 20:44:30.606 13671 13671 I zygote  :   at java.lang.Class java.lang.VMClassLoader.findLoadedClass(java.lang.ClassLoader, java.lang.String) (VMClassLoader.java:-2)
10-29 20:44:30.606 13671 13671 I zygote  :   at java.lang.Class java.lang.ClassLoader.findLoadedClass(java.lang.String) (ClassLoader.java:738)
10-29 20:44:30.606 13671 13671 I zygote  :   at java.lang.Class java.lang.ClassLoader.loadClass(java.lang.String, boolean) (ClassLoader.java:363)
10-29 20:44:30.606 13671 13671 I zygote  :   at java.lang.Class java.lang.ClassLoader.loadClass(java.lang.String, boolean) (ClassLoader.java:367)
10-29 20:44:30.606 13671 13671 I zygote  :   at java.lang.Class java.lang.ClassLoader.loadClass(java.lang.String) (ClassLoader.java:312)
10-29 20:44:30.606 13671 13671 I zygote  :   at java.lang.Class java.lang.Class.classForName(java.lang.String, boolean, java.lang.ClassLoader) (Class.java:-2)
10-29 20:44:30.606 13671 13671 I zygote  :   at java.lang.Class java.lang.Class.forName(java.lang.String, boolean, java.lang.ClassLoader) (Class.java:453)
10-29 20:44:30.606 13671 13671 I zygote  :   at java.util.List org.firstinspires.ftc.robotcore.internal.opmode.ClassManager.classNamesToClasses(java.util.Collection) (ClassManager.java:214)
10-29 20:44:30.606 13671 13671 I zygote  :   at void org.firstinspires.ftc.robotcore.internal.opmode.ClassManager.processAllClasses() (ClassManager.java:257)
10-29 20:44:30.606 13671 13671 I zygote  :   at void com.qualcomm.ftccommon.ClassManagerFactory.processAllClasses() (ClassManagerFactory.java:94)
10-29 20:44:30.606 13671 13671 I zygote  :   at void org.firstinspires.ftc.robotcontroller.internal.FtcRobotControllerActivity.onCreate(android.os.Bundle) (FtcRobotControllerActivity.java:356)
10-29 20:44:30.606 13671 13671 I zygote  :   at void android.app.Activity.performCreate(android.os.Bundle, android.os.PersistableBundle) (Activity.java:7032)
10-29 20:44:30.606 13671 13671 I zygote  :   at void android.app.Activity.performCreate(android.os.Bundle) (Activity.java:7023)
10-29 20:44:30.606 13671 13671 I zygote  :   at void android.app.Instrumentation.callActivityOnCreate(android.app.Activity, android.os.Bundle) (Instrumentation.java:1236)
10-29 20:44:30.606 13671 13671 I zygote  :   at android.app.Activity android.app.ActivityThread.performLaunchActivity(android.app.ActivityThread$ActivityClientRecord, android.content.Intent) (ActivityThread.java:2836)
10-29 20:44:30.606 13671 13671 I zygote  :   at void android.app.ActivityThread.handleLaunchActivity(android.app.ActivityThread$ActivityClientRecord, android.content.Intent, java.lang.String) (ActivityThread.java:2965)
10-29 20:44:30.606 13671 13671 I zygote  :   at void android.app.ActivityThread.-wrap11(android.app.ActivityThread, android.app.ActivityThread$ActivityClientRecord, android.content.Intent, java.lang.String) (ActivityThread.java:-1)
10-29 20:44:30.606 13671 13671 I zygote  :   at void android.app.ActivityThread$H.handleMessage(android.os.Message) (ActivityThread.java:1645)
10-29 20:44:30.606 13671 13671 I zygote  :   at void android.os.Handler.dispatchMessage(android.os.Message) (Handler.java:106)
10-29 20:44:30.606 13671 13671 I zygote  :   at void android.os.Looper.loop() (Looper.java:164)
10-29 20:44:30.606 13671 13671 I zygote  :   at void android.app.ActivityThread.main(java.lang.String[]) (ActivityThread.java:6648)
10-29 20:44:30.606 13671 13671 I zygote  :   at java.lang.Object java.lang.reflect.Method.invoke(java.lang.Object, java.lang.Object[]) (Method.java:-2)
10-29 20:44:30.606 13671 13671 I zygote  :   at void com.android.internal.os.RuntimeInit$MethodAndArgsCaller.run() (RuntimeInit.java:438)
10-29 20:44:30.606 13671 13671 I zygote  :   at void com.android.internal.os.ZygoteInit.main(java.lang.String[]) (ZygoteInit.java:811)
10-29 20:44:30.606 13671 13671 I zygote  : 
10-29 20:44:30.607 13671 13671 W ClassManager: com.qualcomm.robotcore.wifi.WifiDirectAssistant$1 java.lang.ClassNotFoundException: com.qualcomm.robotcore.wifi.WifiDirectAssistant$1
10-29 20:44:30.612 13671 13671 E ClassManager: java.lang.ClassNotFoundException: com.qualcomm.robotcore.wifi.WifiDirectAssistant$1
10-29 20:44:30.613 13671 13671 E ClassManager: 	at java.lang.Class.classForName(Native Method)
10-29 20:44:30.615 13671 13671 E ClassManager: 	at java.lang.Class.forName(Class.java:453)
10-29 20:44:30.618 13671 13671 E ClassManager: 	at org.firstinspires.ftc.robotcore.internal.opmode.ClassManager.classNamesToClasses(ClassManager.java:214)
10-29 20:44:30.620 13671 13671 E ClassManager: 	at org.firstinspires.ftc.robotcore.internal.opmode.ClassManager.processAllClasses(ClassManager.java:257)
10-29 20:44:30.622 13671 13671 E ClassManager: 	at com.qualcomm.ftccommon.ClassManagerFactory.processAllClasses(ClassManagerFactory.java:94)
10-29 20:44:30.623 13671 13671 E ClassManager: 	at org.firstinspires.ftc.robotcontroller.internal.FtcRobotControllerActivity.onCreate(FtcRobotControllerActivity.java:356)
10-29 20:44:30.623 13671 13671 E ClassManager: 	at android.app.Activity.performCreate(Activity.java:7032)
10-29 20:44:30.623 13671 13671 E ClassManager: 	at android.app.Activity.performCreate(Activity.java:7023)
10-29 20:44:30.624 13671 13671 E ClassManager: 	at android.app.Instrumentation.callActivityOnCreate(Instrumentation.java:1236)
10-29 20:44:30.624 13671 13671 E ClassManager: 	at android.app.ActivityThread.performLaunchActivity(ActivityThread.java:2836)
10-29 20:44:30.624 13671 13671 E ClassManager: 	at android.app.ActivityThread.handleLaunchActivity(ActivityThread.java:2965)
10-29 20:44:30.624 13671 13671 E ClassManager: 	at android.app.ActivityThread.-wrap11(Unknown Source:0)
10-29 20:44:30.625 13671 13671 E ClassManager: 	at android.app.ActivityThread$H.handleMessage(ActivityThread.java:1645)
10-29 20:44:30.625 13671 13671 E ClassManager: 	at android.os.Handler.dispatchMessage(Handler.java:106)
10-29 20:44:30.625 13671 13671 E ClassManager: 	at android.os.Looper.loop(Looper.java:164)
10-29 20:44:30.626 13671 13671 E ClassManager: 	at android.app.ActivityThread.main(ActivityThread.java:6648)
10-29 20:44:30.626 13671 13671 E ClassManager: 	at java.lang.reflect.Method.invoke(Native Method)
10-29 20:44:30.626 13671 13671 E ClassManager: 	at com.android.internal.os.RuntimeInit$MethodAndArgsCaller.run(RuntimeInit.java:438)
10-29 20:44:30.627 13671 13671 E ClassManager: 	at com.android.internal.os.ZygoteInit.main(ZygoteInit.java:811)
10-29 20:44:30.632 13671 13671 E ClassManager: Caused by: java.lang.ClassNotFoundException: Didn't find class "com.qualcomm.robotcore.wifi.WifiDirectAssistant$1" on path: DexPathList[[dex file "/storage/emulated/0/FIRST/java/build/jars/onBotJavaJar-2021-10-29+20.02.57--216221781/classes.dex"],nativeLibraryDirectories=[/system/lib, /vendor/lib]]
10-29 20:44:30.632 13671 13671 E ClassManager: 	at dalvik.system.BaseDexClassLoader.findClass(BaseDexClassLoader.java:125)
10-29 20:44:30.632 13671 13671 E ClassManager: 	at java.lang.ClassLoader.loadClass(ClassLoader.java:379)
10-29 20:44:30.632 13671 13671 E ClassManager: 	at java.lang.ClassLoader.loadClass(ClassLoader.java:312)
10-29 20:44:30.632 13671 13671 E ClassManager: 	... 19 more
10-29 20:44:30.790 13671 13676 I zygote  : Do partial code cache collection, code=31KB, data=23KB
10-29 20:44:30.791 13671 13676 I zygote  : After code cache collection, code=29KB, data=22KB
10-29 20:44:30.792 13671 13676 I zygote  : Increasing code cache capacity to 128KB
10-29 20:44:31.424 13671 13671 V NetDiscover_name: initializeDeviceNameFromWifiDirect()...
10-29 20:44:31.424 13671 13671 V NetDiscover_name: waitForWifiDirectName() thread=2...
10-29 20:44:31.424 13671 13671 V NetDiscover_name: ...waitForWifiDirectName()
10-29 20:44:31.424 13671 13671 V NetDiscover_name: initializeDeviceNameFromWifiDirect(): name=1234-B-RC
10-29 20:44:31.424 13671 13671 V NetDiscover_name: writing pref name=pref_device_name_tracking value=WIFIDIRECT
10-29 20:44:31.424 13671 13671 V NetDiscover_prefremrc: onSharedPreferenceChanged(name=pref_device_name_tracking, value=WIFIDIRECT)
10-29 20:44:31.424 13671 13671 V NetDiscover_name: writing pref name=pref_device_name value=1234-B-RC
10-29 20:44:31.425 13671 13671 V NetDiscover_name: writing pref name=pref_device_name_old value=1234-B-RC
10-29 20:44:31.425 13671 13671 V NetDiscover_prefremrc: onSharedPreferenceChanged(name=pref_device_name_old, value=1234-B-RC)
10-29 20:44:31.425 13671 13671 V NetDiscover_name: deviceName pref changed: now=1234-B-RC
10-29 20:44:31.425 13671 13671 V NetDiscover_name: setWifiDirectDeviceName(1234-B-RC)...
10-29 20:44:31.425 13671 13671 V NetDiscover_name: ...setWifiDirectDeviceName(1234-B-RC)
10-29 20:44:31.426 13671 13671 V NetDiscover_prefremrc: onSharedPreferenceChanged(name=pref_device_name, value=1234-B-RC)
10-29 20:44:31.426 13671 13671 V NetDiscover_prefremrc: sending RC pref name=pref_device_name value=1234-B-RC
10-29 20:44:31.427 13671 13671 V NetDiscover_name: ...initializeDeviceNameFromWifiDirect()
10-29 20:44:31.444 13671 13671 V NetDiscover_prefremrc: onSharedPreferenceChanged(name=pref_sound_on_off, value=true)
10-29 20:44:31.444 13671 13671 V NetDiscover_prefremrc: sending RC pref name=pref_sound_on_off value=true
10-29 20:44:31.447 13671 13671 V UpdateUI: Network: inactive, disconnected
10-29 20:44:31.448 13671 13671 V RCActivity: writing pref name=pref_pairing_kind value=WIFIDIRECT
10-29 20:44:31.449 13671 13671 V NetDiscover_prefremrc: onSharedPreferenceChanged(name=pref_pairing_kind, value=WIFIDIRECT)
10-29 20:44:31.449 13671 13671 V ServiceStarter: attempting to start service FtcRobotControllerWatchdogService
10-29 20:44:31.452 13671 13671 V ServiceStarter: started service FtcRobotControllerWatchdogService
10-29 20:44:31.455 13671 13671 V RobotCore: BuildConfig: versionCode=42 versionName=7.0 packageName=com.qualcomm.ftcrobotcontroller
10-29 20:44:31.456 13671 13671 V RobotCore: BuildConfig: versionCode=85 versionName=17.0 packageName=com.qualcomm.robotcore
10-29 20:44:31.456 13671 13671 V RobotCore: BuildConfig: versionCode=85 versionName=17.0 packageName=com.qualcomm.hardware
10-29 20:44:31.456 13671 13671 V RobotCore: BuildConfig: versionCode=85 versionName=17.0 packageName=com.qualcomm.ftccommon
10-29 20:44:31.456 13671 13671 V RobotCore: BuildConfig: versionCode=85 versionName=17.0 packageName=com.google.blocks
10-29 20:44:31.456 13671 13671 V RobotCore: BuildConfig: versionCode=85 versionName=17.0 packageName=org.firstinspires.inspection
10-29 20:44:31.458 13671 13671 I RCActivity: Android device serial number: ZL522B6K5H
10-29 20:44:31.458 13671 13671 I RobotCore: Android Device: maker=motorola model=moto e5 (XT1920DL) sdk=27
10-29 20:44:31.458 13671 13671 V RCActivity: pref_wifip2p_channel: No preferred channel defined. Will use a default value of 0
10-29 20:44:31.458 13671 13671 V RCActivity: pref_wifip2p_channel: attempting to set preferred channel...
10-29 20:44:31.459 13671 13671 V WifiDirectChannelChanger: changeToChannel() channel=0
10-29 20:44:31.459 13671 13671 V WifiDirectChannelChanger: startChannelChange() channel=0
10-29 20:44:31.460 13671 13671 V RCActivity: onStart()
10-29 20:44:31.461 13671 13719 V WifiDirectChannelChanger: callSetWifiP2pChannels() success
10-29 20:44:31.461 13671 13719 V WifiDirectChannelChanger: writing pref name=pref_wifip2p_channel value=0
10-29 20:44:31.462 13671 13719 V WifiDirectChannelChanger: Channel 0 saved as preference "pref_wifip2p_channel".
10-29 20:44:31.462 13671 13719 V WifiDirectChannelChanger: finishChannelChange() channel=0 success=true
10-29 20:44:31.462 13671 13671 V RCActivity: onResume()
10-29 20:44:31.486 13671 13671 V FtcRobotControllerWatchdogService: onCreate()
10-29 20:44:31.487 13671 13671 V FtcRobotControllerWatchdogService: onStartCommand() intent=Intent { cmp=com.qualcomm.ftcrobotcontroller/org.firstinspires.ftc.ftccommon.internal.FtcRobotControllerWatchdogService } flags=0x0 startId=1
10-29 20:44:31.488 13671 13671 V FtcRobotControllerWatchdogService: shouldAutoLauchRobotController() result=false
10-29 20:44:31.491 13671 13671 V FTCService: onCreate()
10-29 20:44:31.495 13671 13671 V FTCService: onBind()
10-29 20:44:31.495 13671 13671 V FTCService: writing pref name=pref_wifip2p_remote_channel_change_works value=true
10-29 20:44:31.495 13671 13671 V NetDiscover_prefremrc: onSharedPreferenceChanged(name=pref_wifip2p_remote_channel_change_works, value=true)
10-29 20:44:31.496 13671 13671 V NetDiscover_prefremrc: sending RC pref name=pref_wifip2p_remote_channel_change_works value=true
10-29 20:44:31.497 13671 13671 V FTCService: writing pref name=pref_has_independent_phone_battery value=true
10-29 20:44:31.497 13671 13671 V NetDiscover_prefremrc: onSharedPreferenceChanged(name=pref_has_independent_phone_battery, value=true)
10-29 20:44:31.497 13671 13671 V NetDiscover_prefremrc: sending RC pref name=pref_has_independent_phone_battery value=true
10-29 20:44:31.498 13671 13671 V FTCService: writing pref name=pref_has_speaker value=true
10-29 20:44:31.499 13671 13671 V NetDiscover_prefremrc: onSharedPreferenceChanged(name=pref_has_speaker, value=true)
10-29 20:44:31.499 13671 13671 V NetDiscover_prefremrc: sending RC pref name=pref_has_speaker value=true
10-29 20:44:31.501 13671 13671 V CoreRobotWebServer: creating NanoHTTPD(8080)
10-29 20:44:31.507 13671 13671 V WebSocketManager: Registered broadcast-only namespace progress
10-29 20:44:31.512 13671 13671 V WebSocketManager: Registered broadcast-only namespace ControlHubUpdater
10-29 20:44:31.513 13671 13671 V RobotCore: Getting network assistant of type: WIFIDIRECT
10-29 20:44:31.516 13671 13671 I zygote  : Rejecting re-init on previously-failed class java.lang.Class<com.qualcomm.robotcore.wifi.WifiDirectAssistant$1>: java.lang.NoClassDefFoundError: Failed resolution of: Landroid/net/wifi/p2p/WifiP2pManager$DeviceInfoListener;
10-29 20:44:31.516 13671 13671 I zygote  :   at java.lang.Class java.lang.VMClassLoader.findLoadedClass(java.lang.ClassLoader, java.lang.String) (VMClassLoader.java:-2)
10-29 20:44:31.516 13671 13671 I zygote  :   at java.lang.Class java.lang.ClassLoader.findLoadedClass(java.lang.String) (ClassLoader.java:738)
10-29 20:44:31.516 13671 13671 I zygote  :   at java.lang.Class java.lang.ClassLoader.loadClass(java.lang.String, boolean) (ClassLoader.java:363)
10-29 20:44:31.516 13671 13671 I zygote  :   at java.lang.Class java.lang.ClassLoader.loadClass(java.lang.String, boolean) (ClassLoader.java:367)
10-29 20:44:31.516 13671 13671 I zygote  :   at java.lang.Class java.lang.ClassLoader.loadClass(java.lang.String) (ClassLoader.java:312)
10-29 20:44:31.516 13671 13671 I zygote  :   at java.lang.Class java.lang.Class.classForName(java.lang.String, boolean, java.lang.ClassLoader) (Class.java:-2)
10-29 20:44:31.516 13671 13671 I zygote  :   at java.lang.Class java.lang.Class.forName(java.lang.String, boolean, java.lang.ClassLoader) (Class.java:453)
10-29 20:44:31.516 13671 13671 I zygote  :   at java.util.List org.firstinspires.ftc.robotcore.internal.opmode.ClassManager.classNamesToClasses(java.util.Collection) (ClassManager.java:214)
