10-29 20:48:10.508 13671 14027 I zygote  : Deoptimizing com.sun.tools.javac.code.Type com.sun.tools.javac.comp.Resolve.rawInstantiate(com.sun.tools.javac.comp.Env, com.sun.tools.javac.code.Type, com.sun.tools.javac.code.Symbol, com.sun.tools.javac.comp.Attr$ResultInfo, com.sun.tools.javac.util.List, com.sun.tools.javac.util.List, boolean, boolean, com.sun.tools.javac.util.Warner) due to JIT inline cache
10-29 20:48:10.640 13671 14027 I zygote  : Deoptimizing boolean com.sun.tools.javac.code.Types.isSubtype(com.sun.tools.javac.code.Type, com.sun.tools.javac.code.Type, boolean) due to JIT same target
10-29 20:48:10.929 13671 14027 I zygote  : Deoptimizing com.sun.tools.javac.code.Type com.sun.tools.javac.comp.Attr.check(com.sun.tools.javac.tree.JCTree, com.sun.tools.javac.code.Type, int, com.sun.tools.javac.comp.Attr$ResultInfo) due to JIT inline cache
10-29 20:48:10.929 13671 14027 I zygote  : Deoptimizing com.sun.tools.javac.code.Type com.sun.tools.javac.comp.Check.checkType(com.sun.tools.javac.util.JCDiagnostic$DiagnosticPosition, com.sun.tools.javac.code.Type, com.sun.tools.javac.code.Type, com.sun.tools.javac.comp.Check$CheckContext) due to JIT inline cache
10-29 20:48:10.966 13671 14027 I zygote  : Deoptimizing java.lang.Boolean com.sun.tools.javac.code.Types$4.visitType(com.sun.tools.javac.code.Type, com.sun.tools.javac.code.Type) due to JIT inline cache
10-29 20:48:10.969 13671 14027 I zygote  : Deoptimizing com.sun.tools.javac.code.Type com.sun.tools.javac.code.Types$18.visitClassType(com.sun.tools.javac.code.Type$ClassType, java.lang.Void) due to JIT inline cache
10-29 20:48:11.100 13671 14027 I zygote  : Deoptimizing boolean com.sun.tools.javac.code.Type$ClassType.isRaw() due to JIT inline cache
10-29 20:48:11.194 13671 14027 I zygote  : Deoptimizing boolean com.sun.tools.javac.code.Types.isSubtype(com.sun.tools.javac.code.Type, com.sun.tools.javac.code.Type, boolean) due to JIT inline cache
10-29 20:48:11.194 13671 14027 I zygote  : Deoptimizing com.sun.tools.javac.code.Type com.sun.tools.javac.comp.Check.checkType(com.sun.tools.javac.util.JCDiagnostic$DiagnosticPosition, com.sun.tools.javac.code.Type, com.sun.tools.javac.code.Type, com.sun.tools.javac.comp.Check$CheckContext) due to JIT inline cache
10-29 20:48:11.317 13671 13676 I zygote  : Do partial code cache collection, code=2MB, data=2033KB
10-29 20:48:11.323 13671 13676 I zygote  : After code cache collection, code=2MB, data=1878KB
10-29 20:48:11.323 13671 13676 I zygote  : Increasing code cache capacity to 7MB
10-29 20:48:11.328 13671 14027 I zygote  : Deoptimizing java.lang.Boolean com.sun.tools.javac.code.Types$SameTypeVisitor.visitType(com.sun.tools.javac.code.Type, com.sun.tools.javac.code.Type) due to JIT inline cache
10-29 20:48:11.554 13671 14027 V OnBotJava: ...compileJavaFiles()
10-29 20:48:11.561 13671 14027 V OnBotJava: consolidateClassFilesInJar()...
10-29 20:48:11.562 13671 14027 V OnBotJava: consolidating to /storage/emulated/0/FIRST/java/build/jars/onBotJavaJar-2021-10-29+20.48.11--1608380462/OnBotJava.jar
10-29 20:48:11.591 13671 14027 V OnBotJava: ...consolidateClassFilesInJar()
10-29 20:48:11.592 13671 14027 V OnBotJava: dexifyJarFiles()...
10-29 20:48:11.593 13671 14027 V OnBotJava: dexifying  /storage/emulated/0/FIRST/java/build/jars/onBotJavaJar-2021-10-29+20.48.11--1608380462/OnBotJava.jar...
10-29 20:48:11.594 13671 14027 V OnBotJava: using d8
10-29 20:48:12.145 13671 14027 I zygote  : Deoptimizing com.android.tools.r8.q.a.a.b.j2 com.android.tools.r8.q.a.a.b.j2.a(int, java.util.Map$Entry[]) due to JIT inline cache
10-29 20:48:12.148 13671 14027 I zygote  : Deoptimizing java.lang.Object java.util.stream.-$Lambda$F2FxWS-_sj37qqP78wv60F_s_Zw.get() due to JIT inline cache
10-29 20:48:12.148 13671 14027 I zygote  : Deoptimizing void java.util.Spliterators$ArraySpliterator.forEachRemaining(java.util.function.Consumer) due to JIT inline cache
10-29 20:48:12.172 13671 14027 I zygote  : Deoptimizing com.android.tools.r8.utils.q1 com.android.tools.r8.graph.Z0.d(java.util.function.Function) due to JIT inline cache
10-29 20:48:12.172 13671 14027 I zygote  : Deoptimizing java.lang.Object com.android.tools.r8.graph.-$$Lambda$Y0$Djf-pWvA0rxTVPdEkQkyQJqldyM.apply(java.lang.Object) due to JIT inline cache
10-29 20:48:12.173 13671 14027 I zygote  : Deoptimizing com.android.tools.r8.utils.q1 com.android.tools.r8.graph.Y0.lambda$Djf-pWvA0rxTVPdEkQkyQJqldyM(java.util.function.Predicate, java.util.function.Consumer, com.android.tools.r8.graph.W) due to JIT inline cache
10-29 20:48:12.173 13671 14027 I zygote  : Deoptimizing com.android.tools.r8.utils.q1 com.android.tools.r8.graph.Y0.a(java.util.function.Predicate, java.util.function.Consumer, com.android.tools.r8.graph.W) due to JIT inline cache
10-29 20:48:12.417 13671 14027 I zygote  : Deoptimizing java.util.Iterator com.android.tools.r8.q.a.a.b.S.iterator() due to JIT inline cache
10-29 20:48:12.425 13671 14029 I zygote  : Deoptimizing com.android.tools.r8.utils.q1 com.android.tools.r8.graph.W0.d(java.util.function.Function) due to JIT inline cache
10-29 20:48:12.426 13671 14028 I zygote  : Deoptimizing com.android.tools.r8.utils.q1 com.android.tools.r8.graph.W0.d(java.util.function.Function) due to JIT inline cache
10-29 20:48:12.426 13671 14029 I zygote  : Deoptimizing void com.android.tools.r8.graph.X0.b(java.util.function.Predicate, java.util.function.Consumer, com.android.tools.r8.graph.W) due to JIT inline cache
10-29 20:48:12.479 13671 13681 I zygote  : Background concurrent copying GC freed 729457(33MB) AllocSpace objects, 57(2MB) LOS objects, 49% free, 16MB/32MB, paused 154us total 174.746ms
10-29 20:48:12.568 13671 14029 I zygote  : Deoptimizing void com.android.tools.r8.ir.optimize.l.a(com.android.tools.r8.s.b.X, com.android.tools.r8.s.b.o, java.util.function.Supplier, java.util.Map, java.util.function.Predicate) due to JIT inline cache
10-29 20:48:12.606 13671 14027 I zygote  : Deoptimizing void java.util.stream.SortedOps$SizedRefSortingSink.end() due to JIT inline cache
10-29 20:48:12.636 13671 14027 V OnBotJava: Wrote /storage/emulated/0/FIRST/java/build/jars/onBotJavaJar-2021-10-29+20.48.11--1608380462/classes.dex
10-29 20:48:12.637 13671 14027 V OnBotJava: ...dexifying  /storage/emulated/0/FIRST/java/build/jars/onBotJavaJar-2021-10-29+20.48.11--1608380462/OnBotJava.jar
10-29 20:48:12.638 13671 14027 V OnBotJava: ...dexifyJarFiles()
10-29 20:48:12.645 13671 13715 V RegisteredOpModes: noting that OnBotJava changed
10-29 20:48:12.645 13671 14027 V OnBotJava: onBotJava build finished successfully
10-29 20:48:12.645 13671 13715 V RegisteredOpModes: noting that OnBotJava changed
10-29 20:48:12.648 13671 14027 V OnBotJava: ...build()
10-29 20:48:12.649 13671 13715 I ONBOTJAVA_BUILD_MONITOR: Build 1635565689004 completed with status SUCCESSFUL
10-29 20:48:12.649 13671 13913 V OpmodeRegistration: unregistered {Basic: Iterative OpMode}
10-29 20:48:12.649 13671 13913 V OpmodeRegistration: unregistered {Basic: Linear OpMode}
10-29 20:48:12.649 13671 13913 V OpmodeRegistration: unregistered {Sensor: Digital touch}
10-29 20:48:12.649 13671 13913 V OpmodeRegistration: unregistered {Concept: Gamepad Rumble}
10-29 20:48:12.649 13671 13913 V OpmodeRegistration: unregistered {W_Libraries_Frequency}
10-29 20:48:12.653 13671 13913 W zygote  : Unsupported class loader
10-29 20:48:12.672 13671 13943 V ProgrammingModeManager: serve uri=/java/build/wait
10-29 20:48:12.724 14030 14030 W dex2oat : Using default instruction set features for ARM CPU variant (default) using conservative defaults
10-29 20:48:12.724 14030 14030 I dex2oat : The ClassLoaderContext is a special shared library.
10-29 20:48:12.725 14030 14030 I dex2oat : /system/bin/dex2oat -j2 --dex-file=/storage/emulated/0/FIRST/java/build/jars/onBotJavaJar-2021-10-29+20.48.11--1608380462/classes.dex --output-vdex-fd=116 --oat-fd=122 --oat-location=/storage/emulated/0/FIRST/java/build/jars/onBotJavaJar-2021-10-29+20.48.11--1608380462/oat/arm/classes.odex --compiler-filter=quicken --class-loader-context=&
10-29 20:48:12.730 14030 14030 W dex2oat : Could not reserve sentinel fault page
10-29 20:48:12.880 14030 14030 I dex2oat : dex2oat took 156.811ms (130.118ms cpu) (threads: 2) arena alloc=18KB (19072B) java alloc=32KB (32784B) native alloc=483KB (495432B) free=1052KB (1077432B)
10-29 20:48:12.888 13671 13913 W zygote  : Skipping duplicate class check due to unsupported classloader
10-29 20:48:12.901 13671 13913 V OpmodeRegistration: registered {TestFile2} as {Basic: Linear OpMode}
10-29 20:48:12.901 13671 13913 V OpmodeRegistration: registered {ConceptGamepadRumble} as {Concept: Gamepad Rumble}
10-29 20:48:12.902 13671 13913 V OpmodeRegistration: registered {W_Libraries_Sample_v01} as {W_Libraries_Frequency}
10-29 20:48:12.902 13671 13913 V OpmodeRegistration: registered {TestFile1} as {Basic: Iterative OpMode}
10-29 20:48:12.902 13671 13913 V OpmodeRegistration: registered {WtouchSensor} as {Sensor: Digital touch}
10-29 20:48:12.929 13671 13847 V Robocol : sending CMD_NOTIFY_ACTIVE_CONFIGURATION(3006), attempt: 0
10-29 20:48:12.968 13671 13847 V Robocol : sending CMD_NOTIFY_USER_DEVICE_LIST(3008), attempt: 0
10-29 20:48:12.970 13671 13847 V Robocol : sending CMD_NOTIFY_OP_MODE_LIST(3009), attempt: 0
10-29 20:48:14.033 13671 13819 V Robocol : received command: CMD_INIT_OP_MODE(12736) $Stop$Robot$
10-29 20:48:14.036 13671 13913 I RobotCore: Attempting to switch to op mode $Stop$Robot$
10-29 20:48:14.048 13671 13847 V Robocol : sending CMD_NOTIFY_INIT_OP_MODE(3034), attempt: 0
10-29 20:48:17.153 13671 13819 V Robocol : received command: CMD_SET_MATCH_NUMBER(12782) 0
10-29 20:48:17.154 13671 13819 V Robocol : received command: CMD_INIT_OP_MODE(12783) W_Libraries_Frequency
10-29 20:48:17.157 13671 13820 I RobotCore: ******************** START - OPMODE W_Libraries_Frequency ********************
10-29 20:48:17.158 13671 13913 I RobotCore: Attempting to switch to op mode W_Libraries_Frequency
10-29 20:48:17.164 13671 13913 I zygote  : Deoptimizing void org.firstinspires.ftc.robotcore.internal.opmode.OpModeManagerImpl.callActiveOpModeInitLoop() due to JIT inline cache
10-29 20:48:17.164 13671 14036 V RobotCore: thread: 'LinearOpMode main' starting...
10-29 20:48:17.168 13671 13847 V Robocol : sending CMD_NOTIFY_INIT_OP_MODE(3086), attempt: 0
10-29 20:48:18.393 13671 13819 V Robocol : received command: CMD_RUN_OP_MODE(12824) W_Libraries_Frequency
10-29 20:48:18.396 13671 13913 I zygote  : Deoptimizing void org.firstinspires.ftc.robotcore.internal.opmode.OpModeManagerImpl.detectStuck(int, java.lang.String, java.lang.Runnable, boolean) due to JIT inline cache
10-29 20:48:18.408 13671 13847 V Robocol : sending CMD_NOTIFY_RUN_OP_MODE(3104), attempt: 0
10-29 20:48:19.102 13671 13681 I zygote  : Background concurrent copying GC freed 440898(14MB) AllocSpace objects, 81(4MB) LOS objects, 50% free, 15MB/30MB, paused 364us total 103.661ms
10-29 20:48:26.393 13671 14036 D LinearOpModeHelper: User runOpModeMethod exited
10-29 20:48:26.394 13671 14036 V RobotCore: thread: ...terminating 'LinearOpMode main'
10-29 20:48:26.394 13671 13913 I FtcEventLoop: auto-stopping OpMode 'W_Libraries_Frequency'
10-29 20:48:26.396 13671 13913 I RobotCore: ******************** STOP - OPMODE /storage/emulated/0/FIRST/matchlogs/Match-0-W_Libraries_Frequency.txt ********************
10-29 20:48:26.400 13671 13913 I RobotCore: Attempting to switch to op mode $Stop$Robot$
10-29 20:48:26.400 13671 14039 I RobotCore: saving match logcat to /storage/emulated/0/FIRST/matchlogs/Match-0-W_Libraries_Frequency.txt
10-29 20:48:26.400 13671 14039 I RobotCore: logging command line: exec logcat -d -T '10-29 20:48:17.000' -f '/storage/emulated/0/FIRST/matchlogs/Match-0-W_Libraries_Frequency.txt' -n4 -v threadtime UsbRequestJNI:S UsbRequest:S art:W ThreadPool:W System:W ExtendedExtractor:W OMXClient:W MediaPlayer:W dalvikvm:W  *:V
10-29 20:48:26.408 13671 13847 V Robocol : sending CMD_NOTIFY_INIT_OP_MODE(3342), attempt: 0
10-29 20:48:26.415 14040 14040 W sh      : type=1400 audit(0.0:54): avc: denied { read } for uid=10132 name="/" dev="rootfs" ino=2 scontext=u:r:untrusted_app:s0:c512,c768 tcontext=u:object_r:rootfs:s0 tclass=dir permissive=0
10-29 20:48:26.439 13671 13819 V Robocol : received command: CMD_RUN_OP_MODE(13116) $Stop$Robot$
10-29 20:48:26.448 13671 13847 V Robocol : sending CMD_NOTIFY_RUN_OP_MODE(3348), attempt: 0
10-29 20:48:26.449 13671 14039 I RobotCore: Done running exec logcat -d -T '10-29 20:48:17.000' -f '/storage/emulated/0/FIRST/matchlogs/Match-0-W_Libraries_Frequency.txt' -n4 -v threadtime UsbRequestJNI:S UsbRequest:S art:W ThreadPool:W System:W ExtendedExtractor:W OMXClient:W MediaPlayer:W dalvikvm:W  *:V
10-29 20:48:26.449 13671 14039 I RobotCore: exiting match logcat for /storage/emulated/0/FIRST/matchlogs/Match-0-W_Libraries_Frequency.txt
10-29 20:48:39.640 13671 13681 I zygote  : Background concurrent copying GC freed 125187(4MB) AllocSpace objects, 126(7MB) LOS objects, 49% free, 10MB/21MB, paused 159us total 105.109ms
10-29 20:48:53.627 13671 13943 V ProgrammingModeManager: serve uri=/java/file/delete
10-29 20:48:53.628 13671 13943 I zygote  : Deoptimizing void com.google.gson.reflect.TypeToken.<init>(java.lang.reflect.Type) due to JIT inline cache
10-29 20:48:53.635 13671 13943 W zygote  : Unsupported class loader
10-29 20:48:53.640 13671 13943 W zygote  : Skipping duplicate class check due to unsupported classloader
10-29 20:48:53.688 13671 13847 V Robocol : sending CMD_NOTIFY_ACTIVE_CONFIGURATION(3727), attempt: 0
10-29 20:48:53.689 13671 13847 V Robocol : sending CMD_NOTIFY_USER_DEVICE_LIST(3728), attempt: 0
10-29 20:48:53.691 13671 13847 V Robocol : sending CMD_NOTIFY_OP_MODE_LIST(3729), attempt: 0
10-29 20:48:53.707 13671 13943 V ProgrammingModeManager: serve uri=/java/file/tree
10-29 20:48:54.655 13671 13681 I zygote  : Background concurrent copying GC freed 99138(3MB) AllocSpace objects, 143(7MB) LOS objects, 50% free, 10MB/21MB, paused 156us total 101.616ms
10-29 20:48:59.074 13671 13819 V Robocol : received command: CMD_SET_MATCH_NUMBER(13594) 0
10-29 20:48:59.074 13671 13819 V Robocol : received command: CMD_INIT_OP_MODE(13595) W_Libraries_Frequency
10-29 20:48:59.079 13671 13820 I RobotCore: ******************** START - OPMODE W_Libraries_Frequency ********************
10-29 20:48:59.081 13671 13913 I RobotCore: Attempting to switch to op mode W_Libraries_Frequency
10-29 20:48:59.083 13671 14058 V RobotCore: thread: 'LinearOpMode main' starting...
10-29 20:48:59.089 13671 13847 V Robocol : sending CMD_NOTIFY_INIT_OP_MODE(3818), attempt: 0
10-29 20:49:01.034 13671 13819 V Robocol : received command: CMD_RUN_OP_MODE(13654) W_Libraries_Frequency
10-29 20:49:01.048 13671 13847 V Robocol : sending CMD_NOTIFY_RUN_OP_MODE(3842), attempt: 0
10-29 20:49:10.320 13671 14058 I zygote  : Deoptimizing java.lang.String org.firstinspires.ftc.robotcore.internal.opmode.TelemetryImpl$Value.compose() due to JIT inline cache
10-29 20:49:15.073 13671 13819 V Robocol : received command: CMD_INIT_OP_MODE(14129) $Stop$Robot$
10-29 20:49:15.076 13671 13820 I RobotCore: ******************** STOP - OPMODE /storage/emulated/0/FIRST/matchlogs/Match-0-W_Libraries_Frequency.txt ********************
10-29 20:49:15.078 13671 14063 I RobotCore: saving match logcat to /storage/emulated/0/FIRST/matchlogs/Match-0-W_Libraries_Frequency.txt
10-29 20:49:15.078 13671 14063 I RobotCore: logging command line: exec logcat -d -T '10-29 20:48:59.000' -f '/storage/emulated/0/FIRST/matchlogs/Match-0-W_Libraries_Frequency.txt' -n4 -v threadtime UsbRequestJNI:S UsbRequest:S art:W ThreadPool:W System:W ExtendedExtractor:W OMXClient:W MediaPlayer:W dalvikvm:W  *:V
10-29 20:49:15.079 13671 14058 D LinearOpModeHelper: User runOpModeMethod exited
10-29 20:49:15.081 13671 14058 V RobotCore: thread: ...terminating 'LinearOpMode main'
10-29 20:49:15.082 13671 13913 I RobotCore: Attempting to switch to op mode $Stop$Robot$
10-29 20:49:15.088 13671 13847 V Robocol : sending CMD_NOTIFY_INIT_OP_MODE(4177), attempt: 0
10-29 20:49:15.095 14064 14064 W sh      : type=1400 audit(0.0:55): avc: denied { read } for uid=10132 name="/" dev="rootfs" ino=2 scontext=u:r:untrusted_app:s0:c512,c768 tcontext=u:object_r:rootfs:s0 tclass=dir permissive=0
10-29 20:49:15.123 13671 14063 I RobotCore: Done running exec logcat -d -T '10-29 20:48:59.000' -f '/storage/emulated/0/FIRST/matchlogs/Match-0-W_Libraries_Frequency.txt' -n4 -v threadtime UsbRequestJNI:S UsbRequest:S art:W ThreadPool:W System:W ExtendedExtractor:W OMXClient:W MediaPlayer:W dalvikvm:W  *:V
10-29 20:49:15.124 13671 14063 I RobotCore: exiting match logcat for /storage/emulated/0/FIRST/matchlogs/Match-0-W_Libraries_Frequency.txt
10-29 20:49:15.154 13671 13819 V Robocol : received command: CMD_RUN_OP_MODE(14137) $Stop$Robot$
10-29 20:49:15.168 13671 13847 V Robocol : sending CMD_NOTIFY_RUN_OP_MODE(4182), attempt: 0
10-29 20:49:19.080 13671 13692 W Adreno-EGL: <qeglDrvAPI_eglGetConfigAttrib:612>: EGL_BAD_ATTRIBUTE
10-29 20:49:19.210 13671 13681 I zygote  : Background concurrent copying GC freed 297123(8MB) AllocSpace objects, 48(3MB) LOS objects, 49% free, 10MB/21MB, paused 248us total 102.687ms
10-29 20:49:20.240 13671 13671 V AppUtil : exitApplication(0) was called. Printing stacktrace.
10-29 20:49:20.242 13671 13671 E AppUtil : java.lang.RuntimeException
10-29 20:49:20.248 13671 13671 E AppUtil : 	at org.firstinspires.ftc.robotcore.internal.system.AppUtil.exitApplication(AppUtil.java:684)
10-29 20:49:20.252 13671 13671 E AppUtil : 	at org.firstinspires.ftc.robotcore.internal.system.AppUtil.exitApplication(AppUtil.java:690)
10-29 20:49:20.258 13671 13671 E AppUtil : 	at org.firstinspires.ftc.robotcontroller.internal.FtcRobotControllerActivity.onOptionsItemSelected(FtcRobotControllerActivity.java:626)
10-29 20:49:20.261 13671 13671 E AppUtil : 	at org.firstinspires.ftc.robotcontroller.internal.FtcRobotControllerActivity$2$1.onMenuItemClick(FtcRobotControllerActivity.java:330)
10-29 20:49:20.264 13671 13671 E AppUtil : 	at android.widget.PopupMenu$1.onMenuItemSelected(PopupMenu.java:105)
10-29 20:49:20.267 13671 13671 E AppUtil : 	at com.android.internal.view.menu.MenuBuilder.dispatchMenuItemSelected(MenuBuilder.java:761)
10-29 20:49:20.269 13671 13671 E AppUtil : 	at com.android.internal.view.menu.MenuItemImpl.invoke(MenuItemImpl.java:167)
10-29 20:49:20.271 13671 13671 E AppUtil : 	at com.android.internal.view.menu.MenuBuilder.performItemAction(MenuBuilder.java:908)
10-29 20:49:20.271 13671 13671 E AppUtil : 	at com.android.internal.view.menu.MenuBuilder.performItemAction(MenuBuilder.java:898)
10-29 20:49:20.271 13671 13671 E AppUtil : 	at com.android.internal.view.menu.MenuPopup.onItemClick(MenuPopup.java:128)
10-29 20:49:20.271 13671 13671 E AppUtil : 	at android.widget.AdapterView.performItemClick(AdapterView.java:318)
10-29 20:49:20.272 13671 13671 E AppUtil : 	at android.widget.AbsListView.performItemClick(AbsListView.java:1158)
10-29 20:49:20.273 13671 13671 E AppUtil : 	at android.widget.AbsListView$PerformClick.run(AbsListView.java:3153)
10-29 20:49:20.274 13671 13671 E AppUtil : 	at android.widget.AbsListView.onTouchUp(AbsListView.java:4080)
10-29 20:49:20.275 13671 13671 E AppUtil : 	at android.widget.AbsListView.onTouchEvent(AbsListView.java:3839)
10-29 20:49:20.275 13671 13671 E AppUtil : 	at android.widget.DropDownListView.onTouchEvent(DropDownListView.java:116)
10-29 20:49:20.276 13671 13671 E AppUtil : 	at android.view.View.dispatchTouchEvent(View.java:11779)
10-29 20:49:20.276 13671 13671 E AppUtil : 	at android.view.ViewGroup.dispatchTransformedTouchEvent(ViewGroup.java:2965)
10-29 20:49:20.276 13671 13671 E AppUtil : 	at android.view.ViewGroup.dispatchTouchEvent(ViewGroup.java:2643)
10-29 20:49:20.276 13671 13671 E AppUtil : 	at android.view.ViewGroup.dispatchTransformedTouchEvent(ViewGroup.java:2971)
10-29 20:49:20.277 13671 13671 E AppUtil : 	at android.view.ViewGroup.dispatchTouchEvent(ViewGroup.java:2657)
10-29 20:49:20.277 13671 13671 E AppUtil : 	at android.view.ViewGroup.dispatchTransformedTouchEvent(ViewGroup.java:2971)
10-29 20:49:20.277 13671 13671 E AppUtil : 	at android.view.ViewGroup.dispatchTouchEvent(ViewGroup.java:2657)
10-29 20:49:20.277 13671 13671 E AppUtil : 	at android.widget.PopupWindow$PopupDecorView.dispatchTouchEvent(PopupWindow.java:2425)
10-29 20:49:20.278 13671 13671 E AppUtil : 	at android.view.View.dispatchPointerEvent(View.java:12018)
10-29 20:49:20.278 13671 13671 E AppUtil : 	at android.view.ViewRootImpl$ViewPostImeInputStage.processPointerEvent(ViewRootImpl.java:4829)
10-29 20:49:20.278 13671 13671 E AppUtil : 	at android.view.ViewRootImpl$ViewPostImeInputStage.onProcess(ViewRootImpl.java:4643)
10-29 20:49:20.278 13671 13671 E AppUtil : 	at android.view.ViewRootImpl$InputStage.deliver(ViewRootImpl.java:4181)
10-29 20:49:20.279 13671 13671 E AppUtil : 	at android.view.ViewRootImpl$InputStage.onDeliverToNext(ViewRootImpl.java:4234)
10-29 20:49:20.279 13671 13671 E AppUtil : 	at android.view.ViewRootImpl$InputStage.forward(ViewRootImpl.java:4200)
10-29 20:49:20.279 13671 13671 E AppUtil : 	at android.view.ViewRootImpl$AsyncInputStage.forward(ViewRootImpl.java:4327)
10-29 20:49:20.279 13671 13671 E AppUtil : 	at android.view.ViewRootImpl$InputStage.apply(ViewRootImpl.java:4208)
10-29 20:49:20.280 13671 13671 E AppUtil : 	at android.view.ViewRootImpl$AsyncInputStage.apply(ViewRootImpl.java:4384)
10-29 20:49:20.280 13671 13671 E AppUtil : 	at android.view.ViewRootImpl$InputStage.deliver(ViewRootImpl.java:4181)
10-29 20:49:20.280 13671 13671 E AppUtil : 	at android.view.ViewRootImpl$InputStage.onDeliverToNext(ViewRootImpl.java:4234)
10-29 20:49:20.280 13671 13671 E AppUtil : 	at android.view.ViewRootImpl$InputStage.forward(ViewRootImpl.java:4200)
10-29 20:49:20.281 13671 13671 E AppUtil : 	at android.view.ViewRootImpl$InputStage.apply(ViewRootImpl.java:4208)
10-29 20:49:20.281 13671 13671 E AppUtil : 	at android.view.ViewRootImpl$InputStage.deliver(ViewRootImpl.java:4181)
10-29 20:49:20.283 13671 13671 E AppUtil : 	at android.view.ViewRootImpl.deliverInputEvent(ViewRootImpl.java:6744)
10-29 20:49:20.284 13671 13671 E AppUtil : 	at android.view.ViewRootImpl.doProcessInputEvents(ViewRootImpl.java:6683)
10-29 20:49:20.284 13671 13671 E AppUtil : 	at android.view.ViewRootImpl.enqueueInputEvent(ViewRootImpl.java:6644)
10-29 20:49:20.284 13671 13671 E AppUtil : 	at android.view.ViewRootImpl$WindowInputEventReceiver.onInputEvent(ViewRootImpl.java:6847)
10-29 20:49:20.284 13671 13671 E AppUtil : 	at android.view.InputEventReceiver.dispatchInputEvent(InputEventReceiver.java:193)
10-29 20:49:20.285 13671 13671 E AppUtil : 	at android.os.MessageQueue.nativePollOnce(Native Method)
10-29 20:49:20.285 13671 13671 E AppUtil : 	at android.os.MessageQueue.next(MessageQueue.java:325)
10-29 20:49:20.285 13671 13671 E AppUtil : 	at android.os.Looper.loop(Looper.java:142)
10-29 20:49:20.285 13671 13671 E AppUtil : 	at android.app.ActivityThread.main(ActivityThread.java:6648)
10-29 20:49:20.286 13671 13671 E AppUtil : 	at java.lang.reflect.Method.invoke(Native Method)
10-29 20:49:20.286 13671 13671 E AppUtil : 	at com.android.internal.os.RuntimeInit$MethodAndArgsCaller.run(RuntimeInit.java:438)
10-29 20:49:20.286 13671 13671 E AppUtil : 	at com.android.internal.os.ZygoteInit.main(ZygoteInit.java:811)
10-29 20:49:20.289 13671 13671 I zygote  : System.exit called, status: 0
10-29 20:49:20.289 13671 13671 I AndroidRuntime: VM exiting with result code 0, cleanup skipped.
--------- beginning of main
10-29 20:49:21.420 14082 14082 D Uvc     : [jni.cpp:72] JNI_OnLoad()...
10-29 20:49:21.420 14082 14082 D Uvc     : [JniEnv.h:32] ScopedJniEnv::onJniLoad()...
10-29 20:49:21.420 14082 14082 D Uvc     : [JniEnv.h:32] ...ScopedJniEnv::onJniLoad()
10-29 20:49:21.420 14082 14082 D Uvc     : [jni.cpp:72] ...JNI_OnLoad()
10-29 20:49:21.423 14082 14082 V AppUtil : initializing: getExternalStorageDirectory()=/storage/emulated/0
10-29 20:49:21.427 14082 14097 V RobotCore: saving logcat to /storage/emulated/0/robotControllerLog.txt
10-29 20:49:21.427 14082 14097 V RobotCore: logging command line: exec logcat -f /storage/emulated/0/robotControllerLog.txt -r4096 -n4 -v threadtime UsbRequestJNI:S UsbRequest:S art:W ThreadPool:W System:W ExtendedExtractor:W OMXClient:W MediaPlayer:W dalvikvm:W  *:V
--------- beginning of system
10-29 20:49:21.428 14082 14082 I ActivityThread: handleStopService: token=android.os.BinderProxy@5f91356 not found.
10-29 20:49:21.429 14082 14082 V FtcRobotControllerWatchdogService: onCreate()
10-29 20:49:21.429 14082 14082 V FtcRobotControllerWatchdogService: onDestroy()
10-29 20:49:21.471 14082 14097 I RobotCore: Done running ps
10-29 20:49:21.485 14101 14101 W sh      : type=1400 audit(0.0:56): avc: denied { read } for uid=10132 name="/" dev="rootfs" ino=2 scontext=u:r:untrusted_app:s0:c512,c768 tcontext=u:object_r:rootfs:s0 tclass=dir permissive=0
10-29 20:49:51.997 14082 14082 V AppUtil : rootActivity=PermissionValidatorWrapper
10-29 20:49:51.997 14082 14082 I PermissionValidatorActivity: Lifecycle onCreate : 28a6273
10-29 20:49:52.049 14082 14082 I PermissionValidatorActivity: Lifecycle onStart : 28a6273
10-29 20:49:52.051 14082 14082 I PermissionValidator: Checking permission for android.permission.WRITE_EXTERNAL_STORAGE
10-29 20:49:52.055 14082 14082 V PermissionValidator: writing pref name=android.permission.WRITE_EXTERNAL_STORAGE value=false
10-29 20:49:52.055 14082 14082 I PermissionValidator:     Granted: android.permission.WRITE_EXTERNAL_STORAGE
10-29 20:49:52.055 14082 14082 I PermissionValidator: Checking permission for android.permission.READ_EXTERNAL_STORAGE
10-29 20:49:52.056 14082 14082 I PermissionValidator:     Granted: android.permission.READ_EXTERNAL_STORAGE
10-29 20:49:52.056 14082 14082 I PermissionValidator: Checking permission for android.permission.CAMERA
10-29 20:49:52.057 14082 14082 V PermissionValidator: writing pref name=android.permission.CAMERA value=false
10-29 20:49:52.057 14082 14082 I PermissionValidator:     Granted: android.permission.CAMERA
10-29 20:49:52.057 14082 14082 I PermissionValidator: Checking permission for android.permission.ACCESS_COARSE_LOCATION
10-29 20:49:52.057 14082 14082 V PermissionValidator: writing pref name=android.permission.ACCESS_COARSE_LOCATION value=false
10-29 20:49:52.058 14082 14082 I PermissionValidator:     Granted: android.permission.ACCESS_COARSE_LOCATION
10-29 20:49:52.058 14082 14082 I PermissionValidator: Checking permission for android.permission.ACCESS_FINE_LOCATION
10-29 20:49:52.059 14082 14082 V PermissionValidator: writing pref name=android.permission.ACCESS_FINE_LOCATION value=false
10-29 20:49:52.059 14082 14082 I PermissionValidator:     Granted: android.permission.ACCESS_FINE_LOCATION
10-29 20:49:52.059 14082 14082 I PermissionValidator: Checking permission for android.permission.READ_PHONE_STATE
10-29 20:49:52.060 14082 14082 V PermissionValidator: writing pref name=android.permission.READ_PHONE_STATE value=false
10-29 20:49:52.060 14082 14082 I PermissionValidator:     Granted: android.permission.READ_PHONE_STATE
10-29 20:49:52.062 14082 14082 V ServiceStarter: attempting to start service MediaTransferProtocolMonitorService
10-29 20:49:52.064 14082 14082 V ServiceStarter: started service MediaTransferProtocolMonitorService
10-29 20:49:52.065 14082 14082 V ServiceStarter: attempting to start service OnBotJavaService
10-29 20:49:52.067 14082 14082 V ServiceStarter: started service OnBotJavaService
10-29 20:49:52.067 14082 14082 I PermissionValidatorActivity: All permissions validated.  Starting RobotController
10-29 20:49:52.086 14082 14082 V MTPMonitorService: onCreate()
10-29 20:49:52.086 14082 14082 V MTPMonitorService: onStartCommand() intent=Intent { cmp=com.qualcomm.ftcrobotcontroller/org.firstinspires.ftc.robotcore.internal.files.MediaTransferProtocolMonitorService } flags=0x0 startId=1
10-29 20:49:52.089 14082 14082 V MTPMonitor: observing: /storage/emulated/0
10-29 20:49:52.157 14082 14082 V OnBotJavaService: onCreate()
10-29 20:49:52.158 14082 14082 V OnBotJavaService: onStartCommand() intent=Intent { cmp=com.qualcomm.ftcrobotcontroller/org.firstinspires.ftc.onbotjava.OnBotJavaService } flags=0x0 startId=1
10-29 20:49:52.159 14082 14082 V OnBotJava: OnBotJavaManager::static
10-29 20:49:52.417 14082 14082 V OnBotJava: ctor()...
10-29 20:49:52.418 14082 14082 V OnBotJava: ...ctor()
10-29 20:49:52.435 14082 14082 V RCActivity: Permissions validated already
10-29 20:49:52.436 14082 14082 V RCActivity: onCreate()
10-29 20:49:52.437 14082 14082 V RCActivity: rootActivity is of class PermissionValidatorWrapper
10-29 20:49:52.440 14082 14082 V RCActivity: launchActivity is of class class org.firstinspires.ftc.robotcontroller.internal.PermissionValidatorWrapper
10-29 20:49:52.444 14082 14230 V CallbackLooper: thread=838
10-29 20:49:52.457 14082 14082 V NetDiscover_wifiDirectAgent: doStart()...
10-29 20:49:52.459 14082 14230 V NetDiscover_wifiDirectAgent_bcast: wifiP2pEnabled=true
10-29 20:49:52.462 14082 14230 D NetDiscover_wifiDirectAgent_bcast: connection changed: networkInfo.state=DISCONNECTED
10-29 20:49:52.462 14082 14082 V NetDiscover_wifiDirectAgent: ...doStart()
10-29 20:49:52.462 14082 14230 V NetDiscover_wifiDirectAgent_bcast: NetworkInfo: [type: WIFI_P2P[], state: DISCONNECTED/DISCONNECTED, reason: (unspecified), extra: (none), failover: false, available: true, roaming: false]
10-29 20:49:52.462 14082 14230 V NetDiscover_wifiDirectAgent_bcast: WifiP2pInfo: groupFormed: false isGroupOwner: false groupOwnerAddress: null
10-29 20:49:52.462 14082 14230 V NetDiscover_wifiDirectAgent_bcast: WifiP2pGroup: network: null, isGO: false, GO: null, interface: null, networkId: 0
10-29 20:49:52.462 14082 14082 V NetDiscover_name: doStart()...
10-29 20:49:52.462 14082 14082 V NetDiscover_name: ...doStart()
10-29 20:49:52.463 14082 14082 V NetDiscover_prefremrc: ----- all preferences -----
10-29 20:49:52.463 14082 14082 V NetDiscover_prefremrc: name='pref_ftc_season_year_of_current_rc' value=2021
10-29 20:49:52.463 14082 14082 V NetDiscover_prefremrc: name='pref_pairing_kind' value=WIFIDIRECT
10-29 20:49:52.463 14082 14082 V NetDiscover_prefremrc: name='pref_warn_about_obsolete_software' value=false
10-29 20:49:52.463 14082 14082 V NetDiscover_prefremrc: name='pref_warn_about_mismatched_app_versions' value=false
10-29 20:49:52.463 14082 14082 V NetDiscover_prefremrc: name='pref_has_speaker' value=true
10-29 20:49:52.463 14082 14082 V NetDiscover_prefremrc: name='pref_warn_about_2_4_ghz_band' value=false
10-29 20:49:52.463 14082 14082 V NetDiscover_prefremrc: name='pref_wifip2p_groupowner_connectedto' value=
10-29 20:49:52.463 14082 14082 V NetDiscover_prefremrc: name='pref_rc_connected' value=true
10-29 20:49:52.463 14082 14082 V NetDiscover_prefremrc: name='android.permission.WRITE_EXTERNAL_STORAGE' value=false
10-29 20:49:52.464 14082 14230 V NetDiscover_wifiDirectAgent_bcast: this device changed: Device=1234-B-RC deviceAddress=62:1d:91:6b:9c:91 primary type=10-0050F204-5 secondary type=null wps=0 grpcapab=0 devcapab=0 status=3 wfdInfo=WFD enabled=falseWFD DeviceInfo=0 WFD CtrlPort=0 WFD MaxThroughput=0
10-29 20:49:52.464 14082 14082 V NetDiscover_prefremrc: name='android.permission.ACCESS_FINE_LOCATION' value=false
10-29 20:49:52.464 14082 14082 V NetDiscover_prefremrc: name='android.permission.ACCESS_COARSE_LOCATION' value=false
10-29 20:49:52.464 14082 14230 V NetDiscover_name: remembering wifiDirectName: 1234-B-RC...
10-29 20:49:52.464 14082 14082 V NetDiscover_prefremrc: name='pref_sound_on_off' value=true
10-29 20:49:52.464 14082 14230 V NetDiscover_name: wifiDirectName=1234-B-RC
10-29 20:49:52.464 14082 14082 V NetDiscover_prefremrc: name='pref_device_name' value=1234-B-RC
10-29 20:49:52.464 14082 14082 V NetDiscover_prefremrc: name='pref_warn_about_incorrect_clocks' value=true
10-29 20:49:52.464 14082 14082 V NetDiscover_prefremrc: name='pref_hardware_config_filename' value={"isDirty":false,"location":"LOCAL_STORAGE","name":"null","resourceId":0}
10-29 20:49:52.464 14082 14082 V NetDiscover_prefremrc: name='pref_has_independent_phone_battery' value=true
10-29 20:49:52.464 14082 14082 V NetDiscover_prefremrc: name='pref_wifip2p_channel' value=3
10-29 20:49:52.464 14082 14082 V NetDiscover_prefremrc: name='pref_device_name_old' value=1234-B-RC
10-29 20:49:52.464 14082 14082 V NetDiscover_prefremrc: name='pref_wifip2p_remote_channel_change_works' value=true
10-29 20:49:52.464 14082 14230 V NetDiscover_name: ...remembering wifiDirectName
10-29 20:49:52.464 14082 14082 V NetDiscover_prefremrc: name='pref_device_name_tracking' value=WIFIDIRECT
10-29 20:49:52.464 14082 14082 V NetDiscover_prefremrc: name='android.permission.CAMERA' value=false
10-29 20:49:52.464 14082 14082 V NetDiscover_prefremrc: name='android.permission.READ_EXTERNAL_STORAGE' value=false
10-29 20:49:52.464 14082 14230 V NetDiscover_wifiDirectAgent_bcast: p2p discoverPeers()=false
10-29 20:49:52.464 14082 14082 V NetDiscover_prefremrc: name='pref_app_theme' value=red
10-29 20:49:52.465 14082 14082 V NetDiscover_prefremrc: name='android.permission.READ_PHONE_STATE' value=false
10-29 20:49:52.465 14082 14230 V NetDiscover_wifiDirectAgent_bcast: Wi-Fi Direct remembered groups cleared
10-29 20:49:52.468 14082 14230 V Robocol : SendOnceRunnable created
10-29 20:49:52.469 14082 14230 V NetDiscover_wifiDirectAgent_bcast: wifiState=ENABLED
10-29 20:49:52.469 14082 14230 V NetDiscover_wifiDirectAgent: found persistent group: DIRECT-YC-1234-B-RC
10-29 20:49:52.470 14082 14082 V NetDiscover_prefremrc: doStart()...
10-29 20:49:52.470 14082 14082 V NetDiscover_prefremrc: ...doStart()
10-29 20:49:52.493 14082 14082 I WebViewFactory: Loading com.android.chrome version 88.0.4324.152 (code 432415220)
10-29 20:49:52.500 14082 14082 W zygote  : ClassLoaderContext classpath element mismatch for position 0. expected=base.apk!classes2.dex, found=/data/app/com.android.chrome-g6EGsvUaVhQAuIog3agQ8w==/base.apk!classes2.dex (PCL[base.apk*3176833318:base.apk!classes2.dex*632767165:base.apk!classes3.dex*4206463029] | PCL[/data/app/com.android.chrome-g6EGsvUaVhQAuIog3agQ8w==/base.apk*3176833318:/data/app/com.android.chrome-g6EGsvUaVhQAuIog3agQ8w==/base.apk!classes2.dex*632767165:/data/app/com.android.chrome-g6EGsvUaVhQAuIog3agQ8w==/base.apk!classes3.dex*4206463029])
10-29 20:49:52.605 14082 14082 I cr_LibraryLoader: Loaded native library version number "88.0.4324.152"
10-29 20:49:52.606 14082 14082 I cr_CachingUmaRecorder: Flushed 4 samples from 4 histograms.
10-29 20:49:52.626 14082 14082 W ResourceType: Failure getting entry for 0x7f130672 (t=18 e=1650) (error -2147483647)
10-29 20:49:52.699 14082 14267 W chromium: [WARNING:dns_config_service_posix.cc(342)] Failed to read DnsConfig.
10-29 20:49:52.869 14082 14082 W zygote  : Opening an oat file without a class loader. Are you using the deprecated DexFile APIs?
10-29 20:49:54.047 14082 14082 I zygote  : Deoptimizing void org.firstinspires.ftc.robotcore.internal.system.AppUtil.copyStream(java.io.InputStream, java.io.OutputStream) due to JIT inline cache
10-29 20:49:54.051 14082 14082 W zygote  : Unsupported class loader
10-29 20:49:54.054 14082 14082 W zygote  : Skipping duplicate class check due to unsupported classloader
10-29 20:49:54.222 14082 14082 I zygote  : Rejecting re-init on previously-failed class java.lang.Class<com.qualcomm.robotcore.wifi.WifiDirectAssistant$1>: java.lang.NoClassDefFoundError: Failed resolution of: Landroid/net/wifi/p2p/WifiP2pManager$DeviceInfoListener;
10-29 20:49:54.222 14082 14082 I zygote  :   at java.lang.Class java.lang.VMClassLoader.findLoadedClass(java.lang.ClassLoader, java.lang.String) (VMClassLoader.java:-2)
10-29 20:49:54.222 14082 14082 I zygote  :   at java.lang.Class java.lang.ClassLoader.findLoadedClass(java.lang.String) (ClassLoader.java:738)
10-29 20:49:54.222 14082 14082 I zygote  :   at java.lang.Class java.lang.ClassLoader.loadClass(java.lang.String, boolean) (ClassLoader.java:363)
10-29 20:49:54.222 14082 14082 I zygote  :   at java.lang.Class java.lang.ClassLoader.loadClass(java.lang.String, boolean) (ClassLoader.java:367)
10-29 20:49:54.222 14082 14082 I zygote  :   at java.lang.Class java.lang.ClassLoader.loadClass(java.lang.String) (ClassLoader.java:312)
10-29 20:49:54.222 14082 14082 I zygote  :   at java.lang.Class java.lang.Class.classForName(java.lang.String, boolean, java.lang.ClassLoader) (Class.java:-2)
10-29 20:49:54.222 14082 14082 I zygote  :   at java.lang.Class java.lang.Class.forName(java.lang.String, boolean, java.lang.ClassLoader) (Class.java:453)
10-29 20:49:54.222 14082 14082 I zygote  :   at java.util.List org.firstinspires.ftc.robotcore.internal.opmode.ClassManager.classNamesToClasses(java.util.Collection) (ClassManager.java:214)
10-29 20:49:54.222 14082 14082 I zygote  :   at void org.firstinspires.ftc.robotcore.internal.opmode.ClassManager.processAllClasses() (ClassManager.java:257)
10-29 20:49:54.222 14082 14082 I zygote  :   at void com.qualcomm.ftccommon.ClassManagerFactory.processAllClasses() (ClassManagerFactory.java:94)
10-29 20:49:54.222 14082 14082 I zygote  :   at void org.firstinspires.ftc.robotcontroller.internal.FtcRobotControllerActivity.onCreate(android.os.Bundle) (FtcRobotControllerActivity.java:356)
10-29 20:49:54.222 14082 14082 I zygote  :   at void android.app.Activity.performCreate(android.os.Bundle, android.os.PersistableBundle) (Activity.java:7032)
10-29 20:49:54.222 14082 14082 I zygote  :   at void android.app.Activity.performCreate(android.os.Bundle) (Activity.java:7023)
10-29 20:49:54.222 14082 14082 I zygote  :   at void android.app.Instrumentation.callActivityOnCreate(android.app.Activity, android.os.Bundle) (Instrumentation.java:1236)
10-29 20:49:54.222 14082 14082 I zygote  :   at android.app.Activity android.app.ActivityThread.performLaunchActivity(android.app.ActivityThread$ActivityClientRecord, android.content.Intent) (ActivityThread.java:2836)
10-29 20:49:54.222 14082 14082 I zygote  :   at void android.app.ActivityThread.handleLaunchActivity(android.app.ActivityThread$ActivityClientRecord, android.content.Intent, java.lang.String) (ActivityThread.java:2965)
10-29 20:49:54.222 14082 14082 I zygote  :   at void android.app.ActivityThread.-wrap11(android.app.ActivityThread, android.app.ActivityThread$ActivityClientRecord, android.content.Intent, java.lang.String) (ActivityThread.java:-1)
10-29 20:49:54.222 14082 14082 I zygote  :   at void android.app.ActivityThread$H.handleMessage(android.os.Message) (ActivityThread.java:1645)
10-29 20:49:54.222 14082 14082 I zygote  :   at void android.os.Handler.dispatchMessage(android.os.Message) (Handler.java:106)
10-29 20:49:54.222 14082 14082 I zygote  :   at void android.os.Looper.loop() (Looper.java:164)
10-29 20:49:54.222 14082 14082 I zygote  :   at void android.app.ActivityThread.main(java.lang.String[]) (ActivityThread.java:6648)
10-29 20:49:54.222 14082 14082 I zygote  :   at java.lang.Object java.lang.reflect.Method.invoke(java.lang.Object, java.lang.Object[]) (Method.java:-2)
10-29 20:49:54.222 14082 14082 I zygote  :   at void com.android.internal.os.RuntimeInit$MethodAndArgsCaller.run() (RuntimeInit.java:438)
10-29 20:49:54.222 14082 14082 I zygote  :   at void com.android.internal.os.ZygoteInit.main(java.lang.String[]) (ZygoteInit.java:811)
10-29 20:49:54.222 14082 14082 I zygote  : Caused by: java.lang.ClassNotFoundException: Didn't find class "android.net.wifi.p2p.WifiP2pManager$DeviceInfoListener" on path: DexPathList[[zip file "/data/app/com.qualcomm.ftcrobotcontroller--z_PP74AhWwtDwWo6qx4BQ==/base.apk"],nativeLibraryDirectories=[/data/app/com.qualcomm.ftcrobotcontroller--z_PP74AhWwtDwWo6qx4BQ==/lib/arm, /data/app/com.qualcomm.ftcrobotcontroller--z_PP74AhWwtDwWo6qx4BQ==/base.apk!/lib/armeabi-v7a, /system/lib, /vendor/lib]]
10-29 20:49:54.223 14082 14082 I zygote  :   at java.lang.Class dalvik.system.BaseDexClassLoader.findClass(java.lang.String) (BaseDexClassLoader.java:125)
10-29 20:49:54.223 14082 14082 I zygote  :   at java.lang.Class java.lang.ClassLoader.loadClass(java.lang.String, boolean) (ClassLoader.java:379)
10-29 20:49:54.223 14082 14082 I zygote  :   at java.lang.Class java.lang.ClassLoader.loadClass(java.lang.String) (ClassLoader.java:312)
10-29 20:49:54.223 14082 14082 I zygote  :   at java.lang.Class java.lang.VMClassLoader.findLoadedClass(java.lang.ClassLoader, java.lang.String) (VMClassLoader.java:-2)
10-29 20:49:54.223 14082 14082 I zygote  :   at java.lang.Class java.lang.ClassLoader.findLoadedClass(java.lang.String) (ClassLoader.java:738)
10-29 20:49:54.223 14082 14082 I zygote  :   at java.lang.Class java.lang.ClassLoader.loadClass(java.lang.String, boolean) (ClassLoader.java:363)
10-29 20:49:54.223 14082 14082 I zygote  :   at java.lang.Class java.lang.ClassLoader.loadClass(java.lang.String, boolean) (ClassLoader.java:367)
10-29 20:49:54.223 14082 14082 I zygote  :   at java.lang.Class java.lang.ClassLoader.loadClass(java.lang.String) (ClassLoader.java:312)
10-29 20:49:54.223 14082 14082 I zygote  :   at java.lang.Class java.lang.Class.classForName(java.lang.String, boolean, java.lang.ClassLoader) (Class.java:-2)
10-29 20:49:54.223 14082 14082 I zygote  :   at java.lang.Class java.lang.Class.forName(java.lang.String, boolean, java.lang.ClassLoader) (Class.java:453)
10-29 20:49:54.223 14082 14082 I zygote  :   at java.util.List org.firstinspires.ftc.robotcore.internal.opmode.ClassManager.classNamesToClasses(java.util.Collection) (ClassManager.java:214)
10-29 20:49:54.223 14082 14082 I zygote  :   at void org.firstinspires.ftc.robotcore.internal.opmode.ClassManager.processAllClasses() (ClassManager.java:257)
10-29 20:49:54.223 14082 14082 I zygote  :   at void com.qualcomm.ftccommon.ClassManagerFactory.processAllClasses() (ClassManagerFactory.java:94)
10-29 20:49:54.223 14082 14082 I zygote  :   at void org.firstinspires.ftc.robotcontroller.internal.FtcRobotControllerActivity.onCreate(android.os.Bundle) (FtcRobotControllerActivity.java:356)
10-29 20:49:54.223 14082 14082 I zygote  :   at void android.app.Activity.performCreate(android.os.Bundle, android.os.PersistableBundle) (Activity.java:7032)
10-29 20:49:54.223 14082 14082 I zygote  :   at void android.app.Activity.performCreate(android.os.Bundle) (Activity.java:7023)
10-29 20:49:54.223 14082 14082 I zygote  :   at void android.app.Instrumentation.callActivityOnCreate(android.app.Activity, android.os.Bundle) (Instrumentation.java:1236)
10-29 20:49:54.223 14082 14082 I zygote  :   at android.app.Activity android.app.ActivityThread.performLaunchActivity(android.app.ActivityThread$ActivityClientRecord, android.content.Intent) (ActivityThread.java:2836)
10-29 20:49:54.223 14082 14082 I zygote  :   at void android.app.ActivityThread.handleLaunchActivity(android.app.ActivityThread$ActivityClientRecord, android.content.Intent, java.lang.String) (ActivityThread.java:2965)
10-29 20:49:54.223 14082 14082 I zygote  :   at void android.app.ActivityThread.-wrap11(android.app.ActivityThread, android.app.ActivityThread$ActivityClientRecord, android.content.Intent, java.lang.String) (ActivityThread.java:-1)
10-29 20:49:54.223 14082 14082 I zygote  :   at void android.app.ActivityThread$H.handleMessage(android.os.Message) (ActivityThread.java:1645)
10-29 20:49:54.223 14082 14082 I zygote  :   at void android.os.Handler.dispatchMessage(android.os.Message) (Handler.java:106)
10-29 20:49:54.223 14082 14082 I zygote  :   at void android.os.Looper.loop() (Looper.java:164)
10-29 20:49:54.223 14082 14082 I zygote  :   at void android.app.ActivityThread.main(java.lang.String[]) (ActivityThread.java:6648)
10-29 20:49:54.223 14082 14082 I zygote  :   at java.lang.Object java.lang.reflect.Method.invoke(java.lang.Object, java.lang.Object[]) (Method.java:-2)
10-29 20:49:54.223 14082 14082 I zygote  :   at void com.android.internal.os.RuntimeInit$MethodAndArgsCaller.run() (RuntimeInit.java:438)
10-29 20:49:54.223 14082 14082 I zygote  :   at void com.android.internal.os.ZygoteInit.main(java.lang.String[]) (ZygoteInit.java:811)
10-29 20:49:54.223 14082 14082 I zygote  : 
10-29 20:49:54.224 14082 14082 W ClassManager: com.qualcomm.robotcore.wifi.WifiDirectAssistant$1 java.lang.ClassNotFoundException: com.qualcomm.robotcore.wifi.WifiDirectAssistant$1
10-29 20:49:54.228 14082 14082 E ClassManager: java.lang.ClassNotFoundException: com.qualcomm.robotcore.wifi.WifiDirectAssistant$1
10-29 20:49:54.230 14082 14082 E ClassManager: 	at java.lang.Class.classForName(Native Method)
10-29 20:49:54.232 14082 14082 E ClassManager: 	at java.lang.Class.forName(Class.java:453)
10-29 20:49:54.235 14082 14082 E ClassManager: 	at org.firstinspires.ftc.robotcore.internal.opmode.ClassManager.classNamesToClasses(ClassManager.java:214)
10-29 20:49:54.237 14082 14082 E ClassManager: 	at org.firstinspires.ftc.robotcore.internal.opmode.ClassManager.processAllClasses(ClassManager.java:257)
10-29 20:49:54.239 14082 14082 E ClassManager: 	at com.qualcomm.ftccommon.ClassManagerFactory.processAllClasses(ClassManagerFactory.java:94)
10-29 20:49:54.240 14082 14082 E ClassManager: 	at org.firstinspires.ftc.robotcontroller.internal.FtcRobotControllerActivity.onCreate(FtcRobotControllerActivity.java:356)
10-29 20:49:54.240 14082 14082 E ClassManager: 	at android.app.Activity.performCreate(Activity.java:7032)
10-29 20:49:54.241 14082 14082 E ClassManager: 	at android.app.Activity.performCreate(Activity.java:7023)
10-29 20:49:54.241 14082 14082 E ClassManager: 	at android.app.Instrumentation.callActivityOnCreate(Instrumentation.java:1236)
10-29 20:49:54.241 14082 14082 E ClassManager: 	at android.app.ActivityThread.performLaunchActivity(ActivityThread.java:2836)
10-29 20:49:54.241 14082 14082 E ClassManager: 	at android.app.ActivityThread.handleLaunchActivity(ActivityThread.java:2965)
10-29 20:49:54.241 14082 14082 E ClassManager: 	at android.app.ActivityThread.-wrap11(Unknown Source:0)
10-29 20:49:54.242 14082 14082 E ClassManager: 	at android.app.ActivityThread$H.handleMessage(ActivityThread.java:1645)
10-29 20:49:54.242 14082 14082 E ClassManager: 	at android.os.Handler.dispatchMessage(Handler.java:106)
10-29 20:49:54.242 14082 14082 E ClassManager: 	at android.os.Looper.loop(Looper.java:164)
10-29 20:49:54.242 14082 14082 E ClassManager: 	at android.app.ActivityThread.main(ActivityThread.java:6648)
10-29 20:49:54.243 14082 14082 E ClassManager: 	at java.lang.reflect.Method.invoke(Native Method)
10-29 20:49:54.243 14082 14082 E ClassManager: 	at com.android.internal.os.RuntimeInit$MethodAndArgsCaller.run(RuntimeInit.java:438)
10-29 20:49:54.243 14082 14082 E ClassManager: 	at com.android.internal.os.ZygoteInit.main(ZygoteInit.java:811)
10-29 20:49:54.247 14082 14082 E ClassManager: Caused by: java.lang.ClassNotFoundException: Didn't find class "com.qualcomm.robotcore.wifi.WifiDirectAssistant$1" on path: DexPathList[[dex file "/storage/emulated/0/FIRST/java/build/jars/onBotJavaJar-2021-10-29+20.48.11--1608380462/classes.dex"],nativeLibraryDirectories=[/system/lib, /vendor/lib]]
10-29 20:49:54.247 14082 14082 E ClassManager: 	at dalvik.system.BaseDexClassLoader.findClass(BaseDexClassLoader.java:125)
10-29 20:49:54.248 14082 14082 E ClassManager: 	at java.lang.ClassLoader.loadClass(ClassLoader.java:379)
10-29 20:49:54.248 14082 14082 E ClassManager: 	at java.lang.ClassLoader.loadClass(ClassLoader.java:312)
10-29 20:49:54.248 14082 14082 E ClassManager: 	... 19 more
10-29 20:49:54.413 14082 14087 I zygote  : Do partial code cache collection, code=31KB, data=21KB
10-29 20:49:54.414 14082 14087 I zygote  : After code cache collection, code=28KB, data=20KB
10-29 20:49:54.414 14082 14087 I zygote  : Increasing code cache capacity to 128KB
10-29 20:49:55.031 14082 14082 V UpdateUI: Network: inactive, disconnected
10-29 20:49:55.032 14082 14082 V ServiceStarter: attempting to start service FtcRobotControllerWatchdogService
10-29 20:49:55.034 14082 14082 V ServiceStarter: started service FtcRobotControllerWatchdogService
10-29 20:49:55.038 14082 14082 V RobotCore: BuildConfig: versionCode=42 versionName=7.0 packageName=com.qualcomm.ftcrobotcontroller
10-29 20:49:55.038 14082 14082 V RobotCore: BuildConfig: versionCode=85 versionName=17.0 packageName=com.qualcomm.robotcore
10-29 20:49:55.038 14082 14082 V RobotCore: BuildConfig: versionCode=85 versionName=17.0 packageName=com.qualcomm.hardware
10-29 20:49:55.038 14082 14082 V RobotCore: BuildConfig: versionCode=85 versionName=17.0 packageName=com.qualcomm.ftccommon
10-29 20:49:55.038 14082 14082 V RobotCore: BuildConfig: versionCode=85 versionName=17.0 packageName=com.google.blocks
10-29 20:49:55.039 14082 14082 V RobotCore: BuildConfig: versionCode=85 versionName=17.0 packageName=org.firstinspires.inspection
10-29 20:49:55.040 14082 14082 I RCActivity: Android device serial number: ZL522B6K5H
10-29 20:49:55.040 14082 14082 I RobotCore: Android Device: maker=motorola model=moto e5 (XT1920DL) sdk=27
10-29 20:49:55.041 14082 14082 V RCActivity: pref_wifip2p_channel: Found existing preferred channel (3).
10-29 20:49:55.041 14082 14082 V RCActivity: pref_wifip2p_channel: attempting to set preferred channel...
10-29 20:49:55.041 14082 14082 V WifiDirectChannelChanger: changeToChannel() channel=3
10-29 20:49:55.041 14082 14082 V WifiDirectChannelChanger: startChannelChange() channel=3
10-29 20:49:55.043 14082 14082 V RCActivity: onStart()
10-29 20:49:55.045 14082 14230 V WifiDirectChannelChanger: callSetWifiP2pChannels() success
10-29 20:49:55.045 14082 14230 V WifiDirectChannelChanger: Channel 3 saved as preference "pref_wifip2p_channel".
10-29 20:49:55.045 14082 14082 V RCActivity: onResume()
10-29 20:49:55.045 14082 14230 V WifiDirectChannelChanger: finishChannelChange() channel=3 success=true
10-29 20:49:55.061 14082 14278 D OpenGLRenderer: HWUI GL Pipeline
10-29 20:49:55.072 14082 14082 V FtcRobotControllerWatchdogService: onCreate()
